Archive member included to satisfy reference by file (symbol)

c:/st/stm32cubeide_1.3.0/stm32cubeide/plugins/com.st.stm32cube.ide.mcu.externaltools.gnu-tools-for-stm32.7-2018-q2-update.win32_1.0.0.201904181610/tools/bin/../lib/gcc/arm-none-eabi/7.3.1/../../../../arm-none-eabi/lib/thumb/v7-m\libc_nano.a(lib_a-atoi.o)
                              Core/Src/rf24/rf24_debug.o (atoi)
c:/st/stm32cubeide_1.3.0/stm32cubeide/plugins/com.st.stm32cube.ide.mcu.externaltools.gnu-tools-for-stm32.7-2018-q2-update.win32_1.0.0.201904181610/tools/bin/../lib/gcc/arm-none-eabi/7.3.1/../../../../arm-none-eabi/lib/thumb/v7-m\libc_nano.a(lib_a-exit.o)
                              c:/st/stm32cubeide_1.3.0/stm32cubeide/plugins/com.st.stm32cube.ide.mcu.externaltools.gnu-tools-for-stm32.7-2018-q2-update.win32_1.0.0.201904181610/tools/bin/../lib/gcc/arm-none-eabi/7.3.1/../../../../arm-none-eabi/lib/thumb/v7-m/crt0.o (exit)
c:/st/stm32cubeide_1.3.0/stm32cubeide/plugins/com.st.stm32cube.ide.mcu.externaltools.gnu-tools-for-stm32.7-2018-q2-update.win32_1.0.0.201904181610/tools/bin/../lib/gcc/arm-none-eabi/7.3.1/../../../../arm-none-eabi/lib/thumb/v7-m\libc_nano.a(lib_a-impure.o)
                              c:/st/stm32cubeide_1.3.0/stm32cubeide/plugins/com.st.stm32cube.ide.mcu.externaltools.gnu-tools-for-stm32.7-2018-q2-update.win32_1.0.0.201904181610/tools/bin/../lib/gcc/arm-none-eabi/7.3.1/../../../../arm-none-eabi/lib/thumb/v7-m\libc_nano.a(lib_a-exit.o) (_global_impure_ptr)
c:/st/stm32cubeide_1.3.0/stm32cubeide/plugins/com.st.stm32cube.ide.mcu.externaltools.gnu-tools-for-stm32.7-2018-q2-update.win32_1.0.0.201904181610/tools/bin/../lib/gcc/arm-none-eabi/7.3.1/../../../../arm-none-eabi/lib/thumb/v7-m\libc_nano.a(lib_a-init.o)
                              c:/st/stm32cubeide_1.3.0/stm32cubeide/plugins/com.st.stm32cube.ide.mcu.externaltools.gnu-tools-for-stm32.7-2018-q2-update.win32_1.0.0.201904181610/tools/bin/../lib/gcc/arm-none-eabi/7.3.1/../../../../arm-none-eabi/lib/thumb/v7-m/crt0.o (__libc_init_array)
c:/st/stm32cubeide_1.3.0/stm32cubeide/plugins/com.st.stm32cube.ide.mcu.externaltools.gnu-tools-for-stm32.7-2018-q2-update.win32_1.0.0.201904181610/tools/bin/../lib/gcc/arm-none-eabi/7.3.1/../../../../arm-none-eabi/lib/thumb/v7-m\libc_nano.a(lib_a-itoa.o)
                              Core/Src/rf24/rf24_debug.o (itoa)
c:/st/stm32cubeide_1.3.0/stm32cubeide/plugins/com.st.stm32cube.ide.mcu.externaltools.gnu-tools-for-stm32.7-2018-q2-update.win32_1.0.0.201904181610/tools/bin/../lib/gcc/arm-none-eabi/7.3.1/../../../../arm-none-eabi/lib/thumb/v7-m\libc_nano.a(lib_a-malloc.o)
                              Core/Src/rf24/rf24_debug.o (malloc)
c:/st/stm32cubeide_1.3.0/stm32cubeide/plugins/com.st.stm32cube.ide.mcu.externaltools.gnu-tools-for-stm32.7-2018-q2-update.win32_1.0.0.201904181610/tools/bin/../lib/gcc/arm-none-eabi/7.3.1/../../../../arm-none-eabi/lib/thumb/v7-m\libc_nano.a(lib_a-memcmp.o)
                              Core/Src/rf24/rf24_network/rf24_csma_ca.o (memcmp)
c:/st/stm32cubeide_1.3.0/stm32cubeide/plugins/com.st.stm32cube.ide.mcu.externaltools.gnu-tools-for-stm32.7-2018-q2-update.win32_1.0.0.201904181610/tools/bin/../lib/gcc/arm-none-eabi/7.3.1/../../../../arm-none-eabi/lib/thumb/v7-m\libc_nano.a(lib_a-memcpy-stub.o)
                              Core/Src/rf24/inc/stm32f10x_md5.o (memcpy)
c:/st/stm32cubeide_1.3.0/stm32cubeide/plugins/com.st.stm32cube.ide.mcu.externaltools.gnu-tools-for-stm32.7-2018-q2-update.win32_1.0.0.201904181610/tools/bin/../lib/gcc/arm-none-eabi/7.3.1/../../../../arm-none-eabi/lib/thumb/v7-m\libc_nano.a(lib_a-memset.o)
                              c:/st/stm32cubeide_1.3.0/stm32cubeide/plugins/com.st.stm32cube.ide.mcu.externaltools.gnu-tools-for-stm32.7-2018-q2-update.win32_1.0.0.201904181610/tools/bin/../lib/gcc/arm-none-eabi/7.3.1/../../../../arm-none-eabi/lib/thumb/v7-m/crt0.o (memset)
c:/st/stm32cubeide_1.3.0/stm32cubeide/plugins/com.st.stm32cube.ide.mcu.externaltools.gnu-tools-for-stm32.7-2018-q2-update.win32_1.0.0.201904181610/tools/bin/../lib/gcc/arm-none-eabi/7.3.1/../../../../arm-none-eabi/lib/thumb/v7-m\libc_nano.a(lib_a-nano-freer.o)
                              c:/st/stm32cubeide_1.3.0/stm32cubeide/plugins/com.st.stm32cube.ide.mcu.externaltools.gnu-tools-for-stm32.7-2018-q2-update.win32_1.0.0.201904181610/tools/bin/../lib/gcc/arm-none-eabi/7.3.1/../../../../arm-none-eabi/lib/thumb/v7-m\libc_nano.a(lib_a-malloc.o) (_free_r)
c:/st/stm32cubeide_1.3.0/stm32cubeide/plugins/com.st.stm32cube.ide.mcu.externaltools.gnu-tools-for-stm32.7-2018-q2-update.win32_1.0.0.201904181610/tools/bin/../lib/gcc/arm-none-eabi/7.3.1/../../../../arm-none-eabi/lib/thumb/v7-m\libc_nano.a(lib_a-nano-mallocr.o)
                              c:/st/stm32cubeide_1.3.0/stm32cubeide/plugins/com.st.stm32cube.ide.mcu.externaltools.gnu-tools-for-stm32.7-2018-q2-update.win32_1.0.0.201904181610/tools/bin/../lib/gcc/arm-none-eabi/7.3.1/../../../../arm-none-eabi/lib/thumb/v7-m\libc_nano.a(lib_a-malloc.o) (_malloc_r)
[...]
Memory Configuration

Name             Origin             Length             Attributes
RAM              0x0000000020000000 0x0000000000005000 xrw
FLASH            0x0000000008000000 0x0000000000010000 xr
*default*        0x0000000000000000 0xffffffffffffffff

Linker script and memory map

LOAD c:/st/stm32cubeide_1.3.0/stm32cubeide/plugins/com.st.stm32cube.ide.mcu.externaltools.gnu-tools-for-stm32.7-2018-q2-update.win32_1.0.0.201904181610/tools/bin/../lib/gcc/arm-none-eabi/7.3.1/thumb/v7-m/crti.o
LOAD c:/st/stm32cubeide_1.3.0/stm32cubeide/plugins/com.st.stm32cube.ide.mcu.externaltools.gnu-tools-for-stm32.7-2018-q2-update.win32_1.0.0.201904181610/tools/bin/../lib/gcc/arm-none-eabi/7.3.1/thumb/v7-m/crtbegin.o
LOAD c:/st/stm32cubeide_1.3.0/stm32cubeide/plugins/com.st.stm32cube.ide.mcu.externaltools.gnu-tools-for-stm32.7-2018-q2-update.win32_1.0.0.201904181610/tools/bin/../lib/gcc/arm-none-eabi/7.3.1/../../../../arm-none-eabi/lib/thumb/v7-m/crt0.o
LOAD Core/Src/main.o
LOAD Core/Src/system_stm32f1xx.o
LOAD Core/Src/rf24/inc/stm32f10x_md5.o
LOAD Core/Src/rf24/rf24.o
LOAD Core/Src/rf24/rf24_debug.o
LOAD Core/Src/rf24/rf24_module/rf24_module.o
LOAD Core/Src/rf24/rf24_network/rf24_csma_ca.o
LOAD Core/Src/rf24/rf24_network/rf24_mac.o
LOAD Core/Src/rf24/rf24_network/rf24_network.o
LOAD Core/Src/rf24/rf24_network/rf24_worker.o
LOAD Core/Src/rf24/rf24_stm32f1xx/rf24_stm32f1xx.o
LOAD Core/Src/rf24/rf24_stm32f1xx/rf24_stm32f1xx_spi.o
LOAD Core/Src/rf24/rf24_stm32f1xx/rf24_stm32f1xx_uart.o
LOAD Core/Src/rf24/rf24_urci/rf24_urci.o
LOAD Core/Startup/startup_stm32f103c8tx.o
START GROUP
LOAD c:/st/stm32cubeide_1.3.0/stm32cubeide/plugins/com.st.stm32cube.ide.mcu.externaltools.gnu-tools-for-stm32.7-2018-q2-update.win32_1.0.0.201904181610/tools/bin/../lib/gcc/arm-none-eabi/7.3.1/../../../../arm-none-eabi/lib/thumb/v7-m\libc_nano.a
LOAD c:/st/stm32cubeide_1.3.0/stm32cubeide/plugins/com.st.stm32cube.ide.mcu.externaltools.gnu-tools-for-stm32.7-2018-q2-update.win32_1.0.0.201904181610/tools/bin/../lib/gcc/arm-none-eabi/7.3.1/../../../../arm-none-eabi/lib/thumb/v7-m\libm.a
END GROUP
START GROUP
LOAD c:/st/stm32cubeide_1.3.0/stm32cubeide/plugins/com.st.stm32cube.ide.mcu.externaltools.gnu-tools-for-stm32.7-2018-q2-update.win32_1.0.0.201904181610/tools/bin/../lib/gcc/arm-none-eabi/7.3.1/thumb/v7-m\libgcc.a
LOAD c:/st/stm32cubeide_1.3.0/stm32cubeide/plugins/com.st.stm32cube.ide.mcu.externaltools.gnu-tools-for-stm32.7-2018-q2-update.win32_1.0.0.201904181610/tools/bin/../lib/gcc/arm-none-eabi/7.3.1/../../../../arm-none-eabi/lib/thumb/v7-m\libc_nano.a
END GROUP
START GROUP
LOAD c:/st/stm32cubeide_1.3.0/stm32cubeide/plugins/com.st.stm32cube.ide.mcu.externaltools.gnu-tools-for-stm32.7-2018-q2-update.win32_1.0.0.201904181610/tools/bin/../lib/gcc/arm-none-eabi/7.3.1/thumb/v7-m\libgcc.a
LOAD c:/st/stm32cubeide_1.3.0/stm32cubeide/plugins/com.st.stm32cube.ide.mcu.externaltools.gnu-tools-for-stm32.7-2018-q2-update.win32_1.0.0.201904181610/tools/bin/../lib/gcc/arm-none-eabi/7.3.1/../../../../arm-none-eabi/lib/thumb/v7-m\libc_nano.a
LOAD c:/st/stm32cubeide_1.3.0/stm32cubeide/plugins/com.st.stm32cube.ide.mcu.externaltools.gnu-tools-for-stm32.7-2018-q2-update.win32_1.0.0.201904181610/tools/bin/../lib/gcc/arm-none-eabi/7.3.1/../../../../arm-none-eabi/lib/thumb/v7-m\libnosys.a
END GROUP
START GROUP
LOAD c:/st/stm32cubeide_1.3.0/stm32cubeide/plugins/com.st.stm32cube.ide.mcu.externaltools.gnu-tools-for-stm32.7-2018-q2-update.win32_1.0.0.201904181610/tools/bin/../lib/gcc/arm-none-eabi/7.3.1/thumb/v7-m\libgcc.a
LOAD c:/st/stm32cubeide_1.3.0/stm32cubeide/plugins/com.st.stm32cube.ide.mcu.externaltools.gnu-tools-for-stm32.7-2018-q2-update.win32_1.0.0.201904181610/tools/bin/../lib/gcc/arm-none-eabi/7.3.1/../../../../arm-none-eabi/lib/thumb/v7-m\libc_nano.a
LOAD c:/st/stm32cubeide_1.3.0/stm32cubeide/plugins/com.st.stm32cube.ide.mcu.externaltools.gnu-tools-for-stm32.7-2018-q2-update.win32_1.0.0.201904181610/tools/bin/../lib/gcc/arm-none-eabi/7.3.1/../../../../arm-none-eabi/lib/thumb/v7-m\libnosys.a
END GROUP
LOAD c:/st/stm32cubeide_1.3.0/stm32cubeide/plugins/com.st.stm32cube.ide.mcu.externaltools.gnu-tools-for-stm32.7-2018-q2-update.win32_1.0.0.201904181610/tools/bin/../lib/gcc/arm-none-eabi/7.3.1/thumb/v7-m/crtend.o
LOAD c:/st/stm32cubeide_1.3.0/stm32cubeide/plugins/com.st.stm32cube.ide.mcu.externaltools.gnu-tools-for-stm32.7-2018-q2-update.win32_1.0.0.201904181610/tools/bin/../lib/gcc/arm-none-eabi/7.3.1/thumb/v7-m/crtn.o
                0x0000000020005000                _estack = (ORIGIN (RAM) + LENGTH (RAM))
                0x0000000000000200                _Min_Heap_Size = 0x200
                0x0000000000000400                _Min_Stack_Size = 0x400

.isr_vector     0x0000000008000000      0x10c
                0x0000000008000000                . = ALIGN (0x4)
 *(.isr_vector)
 .isr_vector    0x0000000008000000      0x10c Core/Startup/startup_stm32f103c8tx.o
                0x0000000008000000                g_pfnVectors
                0x000000000800010c                . = ALIGN (0x4)

.text           0x000000000800010c     0x6b80
                0x000000000800010c                . = ALIGN (0x4)
 *(.text)
 .text          0x000000000800010c       0x40 c:/st/stm32cubeide_1.3.0/stm32cubeide/plugins/com.st.stm32cube.ide.mcu.externaltools.gnu-tools-for-stm32.7-2018-q2-update.win32_1.0.0.201904181610/tools/bin/../lib/gcc/arm-none-eabi/7.3.1/thumb/v7-m/crtbegin.o
 .text          0x000000000800014c       0x14 c:/st/stm32cubeide_1.3.0/stm32cubeide/plugins/com.st.stm32cube.ide.mcu.externaltools.gnu-tools-for-stm32.7-2018-q2-update.win32_1.0.0.201904181610/tools/bin/../lib/gcc/arm-none-eabi/7.3.1/../../../../arm-none-eabi/lib/thumb/v7-m\libc_nano.a(lib_a-strcmp.o)
                0x000000000800014c                strcmp
 .text          0x0000000008000160       0x10 c:/st/stm32cubeide_1.3.0/stm32cubeide/plugins/com.st.stm32cube.ide.mcu.externaltools.gnu-tools-for-stm32.7-2018-q2-update.win32_1.0.0.201904181610/tools/bin/../lib/gcc/arm-none-eabi/7.3.1/../../../../arm-none-eabi/lib/thumb/v7-m\libc_nano.a(lib_a-strlen.o)
                0x0000000008000160                strlen
 *(.text*)
 .text.main     0x0000000008000170        0xa Core/Src/main.o
                0x0000000008000170                main
 *fill*         0x000000000800017a        0x2 
 .text.SystemInit
                0x000000000800017c       0x68 Core/Src/system_stm32f1xx.o
                0x000000000800017c                SystemInit
 .text.SystemCoreClockUpdate
                0x00000000080001e4       0xd8 Core/Src/system_stm32f1xx.o
                0x00000000080001e4                SystemCoreClockUpdate
 .text.Encode   0x00000000080002bc       0x92 Core/Src/rf24/inc/stm32f10x_md5.o
 .text.Decode   0x000000000800034e       0x78 Core/Src/rf24/inc/stm32f10x_md5.o
 *fill*         0x00000000080003c6        0x2 
 .text.MD5Transform
                0x00000000080003c8      0xc6c Core/Src/rf24/inc/stm32f10x_md5.o
 .text.MD5Init  0x0000000008001034       0x48 Core/Src/rf24/inc/stm32f10x_md5.o
                0x0000000008001034                MD5Init
 .text.MD5Update
                0x000000000800107c       0xce Core/Src/rf24/inc/stm32f10x_md5.o
                0x000000000800107c                MD5Update
 *fill*         0x000000000800114a        0x2 
 .text.MD5Final
                0x000000000800114c       0x80 Core/Src/rf24/inc/stm32f10x_md5.o
                0x000000000800114c                MD5Final
 .text.rf24_init
                0x00000000080011cc        0xc Core/Src/rf24/rf24.o
                0x00000000080011cc                rf24_init
 .text.rf24_debug_enable
                0x00000000080011d8       0x5c Core/Src/rf24/rf24_debug.o
                0x00000000080011d8                rf24_debug_enable
 .text.rf24_debug_disable
                0x0000000008001234       0x18 Core/Src/rf24/rf24_debug.o
                0x0000000008001234                rf24_debug_disable
 .text.rf24_debug
                0x000000000800124c      0x108 Core/Src/rf24/rf24_debug.o
                0x000000000800124c                rf24_debug
 .text.rf24_printf
                0x0000000008001354       0x24 Core/Src/rf24/rf24_debug.o
                0x0000000008001354                rf24_printf
 .text.rf24_printf_vargs
                0x0000000008001378      0x198 Core/Src/rf24/rf24_debug.o
                0x0000000008001378                rf24_printf_vargs
 .text.decimal_to_string
                0x0000000008001510       0x7c Core/Src/rf24/rf24_debug.o
                0x0000000008001510                decimal_to_string
 .text.decimal_to_binary
                0x000000000800158c       0x6c Core/Src/rf24/rf24_debug.o
                0x000000000800158c                decimal_to_binary
 .text.rf24_module_read_register
                0x00000000080015f8       0x34 Core/Src/rf24/rf24_module/rf24_module.o
                0x00000000080015f8                rf24_module_read_register
 .text.rf24_module_write_register
                0x000000000800162c       0x42 Core/Src/rf24/rf24_module/rf24_module.o
                0x000000000800162c                rf24_module_write_register
 .text.rf24_module_readwrite_register
                0x000000000800166e       0x84 Core/Src/rf24/rf24_module/rf24_module.o
                0x000000000800166e                rf24_module_readwrite_register
 *fill*         0x00000000080016f2        0x2 
 .text.rf24_module_write_attribute
                0x00000000080016f4      0x104 Core/Src/rf24/rf24_module/rf24_module.o
                0x00000000080016f4                rf24_module_write_attribute
 .text.rf24_module_read_attribute
                0x00000000080017f8       0xbc Core/Src/rf24/rf24_module/rf24_module.o
                0x00000000080017f8                rf24_module_read_attribute
 .text.rf24_module_value_w1
                0x00000000080018b4       0x20 Core/Src/rf24/rf24_module/rf24_module.o
                0x00000000080018b4                rf24_module_value_w1
 .text.rf24_module_value_w8
                0x00000000080018d4       0x20 Core/Src/rf24/rf24_module/rf24_module.o
                0x00000000080018d4                rf24_module_value_w8
 .text.rf24_module_value_w40
                0x00000000080018f4       0x28 Core/Src/rf24/rf24_module/rf24_module.o
                0x00000000080018f4                rf24_module_value_w40
 .text.rf24_module_set_ce
                0x000000000800191c       0x2a Core/Src/rf24/rf24_module/rf24_module.o
                0x000000000800191c                rf24_module_set_ce
 *fill*         0x0000000008001946        0x2 
 .text.rf24_module_set_prim_rx
                0x0000000008001948       0x50 Core/Src/rf24/rf24_module/rf24_module.o
                0x0000000008001948                rf24_module_set_prim_rx
 .text.rf24_module_power_up
                0x0000000008001998       0x20 Core/Src/rf24/rf24_module/rf24_module.o
                0x0000000008001998                rf24_module_power_up
 .text.rf24_module_enable_crc
                0x00000000080019b8       0x20 Core/Src/rf24/rf24_module/rf24_module.o
                0x00000000080019b8                rf24_module_enable_crc
 .text.rf24_module_disable_crc
                0x00000000080019d8       0x20 Core/Src/rf24/rf24_module/rf24_module.o
                0x00000000080019d8                rf24_module_disable_crc
 .text.rf24_module_crc_enabled
                0x00000000080019f8       0x20 Core/Src/rf24/rf24_module/rf24_module.o
                0x00000000080019f8                rf24_module_crc_enabled
 .text.rf24_module_set_crc_length
                0x0000000008001a18       0x38 Core/Src/rf24/rf24_module/rf24_module.o
                0x0000000008001a18                rf24_module_set_crc_length
 .text.rf24_module_get_crc_length
                0x0000000008001a50       0x20 Core/Src/rf24/rf24_module/rf24_module.o
                0x0000000008001a50                rf24_module_get_crc_length
 .text.rf24_module_enable_max_retries_interrupt
                0x0000000008001a70       0x20 Core/Src/rf24/rf24_module/rf24_module.o
                0x0000000008001a70                rf24_module_enable_max_retries_interrupt
 .text.rf24_module_enable_tx_data_sent_interrupt
                0x0000000008001a90       0x20 Core/Src/rf24/rf24_module/rf24_module.o
                0x0000000008001a90                rf24_module_enable_tx_data_sent_interrupt
 .text.rf24_module_enable_rx_data_read_interrupt
                0x0000000008001ab0       0x20 Core/Src/rf24/rf24_module/rf24_module.o
                0x0000000008001ab0                rf24_module_enable_rx_data_read_interrupt
 .text.rf24_module_enable_rx_pipe
                0x0000000008001ad0       0x34 Core/Src/rf24/rf24_module/rf24_module.o
                0x0000000008001ad0                rf24_module_enable_rx_pipe
 .text.rf24_module_set_address_width
                0x0000000008001b04       0x30 Core/Src/rf24/rf24_module/rf24_module.o
                0x0000000008001b04                rf24_module_set_address_width
 .text.rf24_module_get_address_width
                0x0000000008001b34       0x24 Core/Src/rf24/rf24_module/rf24_module.o
                0x0000000008001b34                rf24_module_get_address_width
 .text.rf24_module_set_autoretransmit_delay
                0x0000000008001b58       0x2c Core/Src/rf24/rf24_module/rf24_module.o
                0x0000000008001b58                rf24_module_set_autoretransmit_delay
 .text.rf24_module_get_autoretransmit_delay
                0x0000000008001b84       0x20 Core/Src/rf24/rf24_module/rf24_module.o
                0x0000000008001b84                rf24_module_get_autoretransmit_delay
 .text.rf24_module_set_autoretransmit_count
                0x0000000008001ba4       0x2c Core/Src/rf24/rf24_module/rf24_module.o
                0x0000000008001ba4                rf24_module_set_autoretransmit_count
 .text.rf24_module_get_autoretransmit_count
                0x0000000008001bd0       0x20 Core/Src/rf24/rf24_module/rf24_module.o
                0x0000000008001bd0                rf24_module_get_autoretransmit_count
 .text.rf24_module_set_rf_channel
                0x0000000008001bf0       0x2c Core/Src/rf24/rf24_module/rf24_module.o
                0x0000000008001bf0                rf24_module_set_rf_channel
 .text.rf24_module_get_rf_channel
                0x0000000008001c1c       0x20 Core/Src/rf24/rf24_module/rf24_module.o
                0x0000000008001c1c                rf24_module_get_rf_channel
 .text.rf24_module_set_rf_outputpower
                0x0000000008001c3c       0x2c Core/Src/rf24/rf24_module/rf24_module.o
                0x0000000008001c3c                rf24_module_set_rf_outputpower
 .text.rf24_module_get_rf_outputpower
                0x0000000008001c68       0x20 Core/Src/rf24/rf24_module/rf24_module.o
                0x0000000008001c68                rf24_module_get_rf_outputpower
 .text.rf24_module_set_datarate
                0x0000000008001c88       0x74 Core/Src/rf24/rf24_module/rf24_module.o
                0x0000000008001c88                rf24_module_set_datarate
 .text.rf24_module_get_datarate
                0x0000000008001cfc       0x48 Core/Src/rf24/rf24_module/rf24_module.o
                0x0000000008001cfc                rf24_module_get_datarate
 .text.rf24_module_get_rx_available_pipe
                0x0000000008001d44       0x20 Core/Src/rf24/rf24_module/rf24_module.o
                0x0000000008001d44                rf24_module_get_rx_available_pipe
 .text.rf24_module_max_retransmits
                0x0000000008001d64       0x20 Core/Src/rf24/rf24_module/rf24_module.o
                0x0000000008001d64                rf24_module_max_retransmits
 .text.rf24_module_package_transmitted
                0x0000000008001d84       0x20 Core/Src/rf24/rf24_module/rf24_module.o
                0x0000000008001d84                rf24_module_package_transmitted
 .text.rf24_module_rx_data_available
                0x0000000008001da4       0x24 Core/Src/rf24/rf24_module/rf24_module.o
                0x0000000008001da4                rf24_module_rx_data_available
 .text.rf24_module_clear_all_interrupts
                0x0000000008001dc8       0x28 Core/Src/rf24/rf24_module/rf24_module.o
                0x0000000008001dc8                rf24_module_clear_all_interrupts
 .text.rf24_module_set_rx_address_pipe0
                0x0000000008001df0       0x34 Core/Src/rf24/rf24_module/rf24_module.o
                0x0000000008001df0                rf24_module_set_rx_address_pipe0
 .text.rf24_module_set_tx_address
                0x0000000008001e24       0x34 Core/Src/rf24/rf24_module/rf24_module.o
                0x0000000008001e24                rf24_module_set_tx_address
 .text.rf24_module_get_tx_address
                0x0000000008001e58       0x2c Core/Src/rf24/rf24_module/rf24_module.o
                0x0000000008001e58                rf24_module_get_tx_address
 .text.rf24_module_set_payload_width_pipe
                0x0000000008001e84       0xdc Core/Src/rf24/rf24_module/rf24_module.o
                0x0000000008001e84                rf24_module_set_payload_width_pipe
 .text.rf24_module_flush_tx
                0x0000000008001f60       0x16 Core/Src/rf24/rf24_module/rf24_module.o
                0x0000000008001f60                rf24_module_flush_tx
 .text.rf24_module_flush_rx
                0x0000000008001f76       0x16 Core/Src/rf24/rf24_module/rf24_module.o
                0x0000000008001f76                rf24_module_flush_rx
 .text.rf24_module_collect_rx_data
                0x0000000008001f8c       0x32 Core/Src/rf24/rf24_module/rf24_module.o
                0x0000000008001f8c                rf24_module_collect_rx_data
 *fill*         0x0000000008001fbe        0x2 
 .text.rf24_module_goto_state
                0x0000000008001fc0      0x118 Core/Src/rf24/rf24_module/rf24_module.o
                0x0000000008001fc0                rf24_module_goto_state
 .text.rf24_module_init
                0x00000000080020d8       0x58 Core/Src/rf24/rf24_module/rf24_module.o
                0x00000000080020d8                rf24_module_init
 .text.rf24_module_disable_autoack
                0x0000000008002130       0x16 Core/Src/rf24/rf24_module/rf24_module.o
                0x0000000008002130                rf24_module_disable_autoack
 *fill*         0x0000000008002146        0x2 
 .text.rf24_module_config
                0x0000000008002148       0x94 Core/Src/rf24/rf24_module/rf24_module.o
                0x0000000008002148                rf24_module_config
 .text.rf24_module_transmit
                0x00000000080021dc       0x74 Core/Src/rf24/rf24_module/rf24_module.o
                0x00000000080021dc                rf24_module_transmit
 .text.rf24_module_attach_notify_data_received
                0x0000000008002250       0x1c Core/Src/rf24/rf24_module/rf24_module.o
                0x0000000008002250                rf24_module_attach_notify_data_received
 .text.rf24_module_attach_notify_data_transmitted
                0x000000000800226c       0x1c Core/Src/rf24/rf24_module/rf24_module.o
                0x000000000800226c                rf24_module_attach_notify_data_transmitted
 .text.rf24_module_irq_handler
                0x0000000008002288       0x88 Core/Src/rf24/rf24_module/rf24_module.o
                0x0000000008002288                rf24_module_irq_handler
 .text.rf24_csma_ca_frame_received_handler
                0x0000000008002310      0x1d8 Core/Src/rf24/rf24_network/rf24_csma_ca.o
                0x0000000008002310                rf24_csma_ca_frame_received_handler
 .text.rf24_csma_ca_wait_nav
                0x00000000080024e8       0xb0 Core/Src/rf24/rf24_network/rf24_csma_ca.o
                0x00000000080024e8                rf24_csma_ca_wait_nav
 .text.rf24_cmsa_ca_init
                0x0000000008002598       0x20 Core/Src/rf24/rf24_network/rf24_csma_ca.o
                0x0000000008002598                rf24_cmsa_ca_init
 .text.rf24_csma_ca_reset
                0x00000000080025b8       0x2c Core/Src/rf24/rf24_network/rf24_csma_ca.o
                0x00000000080025b8                rf24_csma_ca_reset
 .text.rf24_csma_ca_send_rts
                0x00000000080025e4       0xe0 Core/Src/rf24/rf24_network/rf24_csma_ca.o
                0x00000000080025e4                rf24_csma_ca_send_rts
 .text.rf24_csma_ca_send_cts
                0x00000000080026c4       0xd4 Core/Src/rf24/rf24_network/rf24_csma_ca.o
                0x00000000080026c4                rf24_csma_ca_send_cts
 .text.rf24_csma_ca_nav_expired
                0x0000000008002798       0x2c Core/Src/rf24/rf24_network/rf24_csma_ca.o
                0x0000000008002798                rf24_csma_ca_nav_expired
 .text.rf24_csma_ca_random_backoff_expired
                0x00000000080027c4       0x28 Core/Src/rf24/rf24_network/rf24_csma_ca.o
                0x00000000080027c4                rf24_csma_ca_random_backoff_expired
 .text.rf24_csma_ca_cts_timeout
                0x00000000080027ec       0x90 Core/Src/rf24/rf24_network/rf24_csma_ca.o
                0x00000000080027ec                rf24_csma_ca_cts_timeout
 .text.rf24_csma_ca_compute_random_backoff
                0x000000000800287c       0x38 Core/Src/rf24/rf24_network/rf24_csma_ca.o
                0x000000000800287c                rf24_csma_ca_compute_random_backoff
 .text.rf24_csma_ca_access_medium
                0x00000000080028b4       0xec Core/Src/rf24/rf24_network/rf24_csma_ca.o
                0x00000000080028b4                rf24_csma_ca_access_medium
 .text.rf24_mac_frame_received_handler
                0x00000000080029a0       0xc0 Core/Src/rf24/rf24_network/rf24_mac.o
                0x00000000080029a0                rf24_mac_frame_received_handler
 .text.rf24_mac_reception_successfull
                0x0000000008002a60       0x44 Core/Src/rf24/rf24_network/rf24_mac.o
                0x0000000008002a60                rf24_mac_reception_successfull
 .text.rf24_mac_transmission_successfull
                0x0000000008002aa4       0x24 Core/Src/rf24/rf24_network/rf24_mac.o
                0x0000000008002aa4                rf24_mac_transmission_successfull
 .text.rf24_mac_ack_timeout
                0x0000000008002ac8       0xe4 Core/Src/rf24/rf24_network/rf24_mac.o
                0x0000000008002ac8                rf24_mac_ack_timeout
 .text.rf24_mac_init
                0x0000000008002bac       0x50 Core/Src/rf24/rf24_network/rf24_mac.o
                0x0000000008002bac                rf24_mac_init
 .text.rf24_mac_build_address
                0x0000000008002bfc       0x3c Core/Src/rf24/rf24_network/rf24_mac.o
                0x0000000008002bfc                rf24_mac_build_address
 .text.rf24_mac_addr_equal
                0x0000000008002c38       0x40 Core/Src/rf24/rf24_network/rf24_mac.o
                0x0000000008002c38                rf24_mac_addr_equal
 .text.rf24_mac_get_transmission
                0x0000000008002c78       0x14 Core/Src/rf24/rf24_network/rf24_mac.o
                0x0000000008002c78                rf24_mac_get_transmission
 .text.rf24_mac_get_address
                0x0000000008002c8c       0x14 Core/Src/rf24/rf24_network/rf24_mac.o
                0x0000000008002c8c                rf24_mac_get_address
 .text.rf24_mac_get_broadcast_address
                0x0000000008002ca0       0x14 Core/Src/rf24/rf24_network/rf24_mac.o
                0x0000000008002ca0                rf24_mac_get_broadcast_address
 .text.rf24_mac_frame_to_tx_data
                0x0000000008002cb4       0x26 Core/Src/rf24/rf24_network/rf24_mac.o
                0x0000000008002cb4                rf24_mac_frame_to_tx_data
 *fill*         0x0000000008002cda        0x2 
 .text._process_transmission
                0x0000000008002cdc       0xb0 Core/Src/rf24/rf24_network/rf24_mac.o
                0x0000000008002cdc                _process_transmission
 .text._process_reception
                0x0000000008002d8c       0x60 Core/Src/rf24/rf24_network/rf24_mac.o
                0x0000000008002d8c                _process_reception
 .text._send_mac_frame
                0x0000000008002dec       0x44 Core/Src/rf24/rf24_network/rf24_mac.o
                0x0000000008002dec                _send_mac_frame
 .text.rf24_mac_send_ack
                0x0000000008002e30       0xec Core/Src/rf24/rf24_network/rf24_mac.o
                0x0000000008002e30                rf24_mac_send_ack
 .text._payload_to_data_frame
                0x0000000008002f1c      0x16c Core/Src/rf24/rf24_network/rf24_mac.o
                0x0000000008002f1c                _payload_to_data_frame
 .text._data_frame_to_payload
                0x0000000008003088       0x78 Core/Src/rf24/rf24_network/rf24_mac.o
                0x0000000008003088                _data_frame_to_payload
 .text.rf24_mac_setup_reception
                0x0000000008003100       0x9c Core/Src/rf24/rf24_network/rf24_mac.o
                0x0000000008003100                rf24_mac_setup_reception
 .text.rf24_mac_setup_transmission
                0x000000000800319c       0x9c Core/Src/rf24/rf24_network/rf24_mac.o
                0x000000000800319c                rf24_mac_setup_transmission
 .text._start_transmission
                0x0000000008003238       0xa0 Core/Src/rf24/rf24_network/rf24_mac.o
                0x0000000008003238                _start_transmission
 .text.rf24_mac_transfer_frame
                0x00000000080032d8       0xa0 Core/Src/rf24/rf24_network/rf24_mac.o
                0x00000000080032d8                rf24_mac_transfer_frame
 .text.rf24_mac_transfer_data
                0x0000000008003378       0x40 Core/Src/rf24/rf24_network/rf24_mac.o
                0x0000000008003378                rf24_mac_transfer_data
 .text.rf24_mac_print_payload
                0x00000000080033b8       0xa0 Core/Src/rf24/rf24_network/rf24_mac.o
                0x00000000080033b8                rf24_mac_print_payload
 .text.rf24_mac_print_timings
                0x0000000008003458      0x1a8 Core/Src/rf24/rf24_network/rf24_mac.o
                0x0000000008003458                rf24_mac_print_timings
 .text.rf24_network_transfer_trm
                0x0000000008003600       0x9c Core/Src/rf24/rf24_network/rf24_network.o
                0x0000000008003600                rf24_network_transfer_trm
 .text.rf24_network_set_predecessor
                0x000000000800369c       0x48 Core/Src/rf24/rf24_network/rf24_network.o
                0x000000000800369c                rf24_network_set_predecessor
 .text.rf24_network_frame_received_handler
                0x00000000080036e4      0x1b0 Core/Src/rf24/rf24_network/rf24_network.o
                0x00000000080036e4                rf24_network_frame_received_handler
 .text.trm_timeout_handler
                0x0000000008003894       0x44 Core/Src/rf24/rf24_network/rf24_network.o
                0x0000000008003894                trm_timeout_handler
 .text.num_timeout_handler
                0x00000000080038d8       0x3c Core/Src/rf24/rf24_network/rf24_network.o
                0x00000000080038d8                num_timeout_handler
 .text.rf24_network_transmission_successfull
                0x0000000008003914       0x3c Core/Src/rf24/rf24_network/rf24_network.o
                0x0000000008003914                rf24_network_transmission_successfull
 .text.rf24_network_transmission_failed
                0x0000000008003950        0xe Core/Src/rf24/rf24_network/rf24_network.o
                0x0000000008003950                rf24_network_transmission_failed
 *fill*         0x000000000800395e        0x2 
 .text.rf24_network_topology_received
                0x0000000008003960       0xe0 Core/Src/rf24/rf24_network/rf24_network.o
                0x0000000008003960                rf24_network_topology_received
 .text.rf24_network_init
                0x0000000008003a40       0xd8 Core/Src/rf24/rf24_network/rf24_network.o
                0x0000000008003a40                rf24_network_init
 .text.rf24_network_reset_topology
                0x0000000008003b18       0x44 Core/Src/rf24/rf24_network/rf24_network.o
                0x0000000008003b18                rf24_network_reset_topology
 .text.rf24_network_start_topology_update
                0x0000000008003b5c       0x34 Core/Src/rf24/rf24_network/rf24_network.o
                0x0000000008003b5c                rf24_network_start_topology_update
 .text.rf24_network_broadcast_num
                0x0000000008003b90       0x38 Core/Src/rf24/rf24_network/rf24_network.o
                0x0000000008003b90                rf24_network_broadcast_num
 .text.rf24_network_send_num
                0x0000000008003bc8       0xf0 Core/Src/rf24/rf24_network/rf24_network.o
                0x0000000008003bc8                rf24_network_send_num
 .text.rf24_network_get_topology_cycle_id
                0x0000000008003cb8       0x14 Core/Src/rf24/rf24_network/rf24_network.o
                0x0000000008003cb8                rf24_network_get_topology_cycle_id
 .text.rf24_network_add_neighbor
                0x0000000008003ccc      0x148 Core/Src/rf24/rf24_network/rf24_network.o
                0x0000000008003ccc                rf24_network_add_neighbor
 .text.rf24_network_collect_neighbors
                0x0000000008003e14       0xac Core/Src/rf24/rf24_network/rf24_network.o
                0x0000000008003e14                rf24_network_collect_neighbors
 .text.rf24_network_print_neighbor_collection
                0x0000000008003ec0       0xec Core/Src/rf24/rf24_network/rf24_network.o
                0x0000000008003ec0                rf24_network_print_neighbor_collection
 .text.rf24_network_get_neighbor
                0x0000000008003fac       0x48 Core/Src/rf24/rf24_network/rf24_network.o
                0x0000000008003fac                rf24_network_get_neighbor
 .text.rf24_network_set_neighbor_state
                0x0000000008003ff4       0x32 Core/Src/rf24/rf24_network/rf24_network.o
                0x0000000008003ff4                rf24_network_set_neighbor_state
 *fill*         0x0000000008004026        0x2 
 .text.rf24_network_reset_neighbors
                0x0000000008004028       0x28 Core/Src/rf24/rf24_network/rf24_network.o
                0x0000000008004028                rf24_network_reset_neighbors
 .text.rf24_network_count_successors
                0x0000000008004050       0x3c Core/Src/rf24/rf24_network/rf24_network.o
                0x0000000008004050                rf24_network_count_successors
 .text.rf24_network_print_neighbors
                0x000000000800408c       0x9c Core/Src/rf24/rf24_network/rf24_network.o
                0x000000000800408c                rf24_network_print_neighbors
 .text.rf24_network_check_successor_integrity
                0x0000000008004128       0x80 Core/Src/rf24/rf24_network/rf24_network.o
                0x0000000008004128                rf24_network_check_successor_integrity
 .text.rf24_network_topology_get_last
                0x00000000080041a8       0x2c Core/Src/rf24/rf24_network/rf24_network.o
                0x00000000080041a8                rf24_network_topology_get_last
 .text.rf24_network_rx_data_to_topology
                0x00000000080041d4      0x104 Core/Src/rf24/rf24_network/rf24_network.o
                0x00000000080041d4                rf24_network_rx_data_to_topology
 .text.rf24_network_topology_to_tx_data
                0x00000000080042d8       0x74 Core/Src/rf24/rf24_network/rf24_network.o
                0x00000000080042d8                rf24_network_topology_to_tx_data
 .text.rf24_network_print_topology
                0x000000000800434c       0xcc Core/Src/rf24/rf24_network/rf24_network.o
                0x000000000800434c                rf24_network_print_topology
 .text.rf24_network_transfer_topology
                0x0000000008004418      0x11c Core/Src/rf24/rf24_network/rf24_network.o
                0x0000000008004418                rf24_network_transfer_topology
 .text.rf24_worker_init
                0x0000000008004534       0x3c Core/Src/rf24/rf24_network/rf24_worker.o
                0x0000000008004534                rf24_worker_init
 .text.rf24_worker_data_transmitted_handler
                0x0000000008004570        0xc Core/Src/rf24/rf24_network/rf24_worker.o
                0x0000000008004570                rf24_worker_data_transmitted_handler
 .text.rf24_worker_data_received_handler
                0x000000000800457c       0x36 Core/Src/rf24/rf24_network/rf24_worker.o
                0x000000000800457c                rf24_worker_data_received_handler
 *fill*         0x00000000080045b2        0x2 
 .text.rf24_worker_process_timers
                0x00000000080045b4       0x84 Core/Src/rf24/rf24_network/rf24_worker.o
                0x00000000080045b4                rf24_worker_process_timers
 .text.rf24_worker_process_tasks
                0x0000000008004638       0x70 Core/Src/rf24/rf24_network/rf24_worker.o
                0x0000000008004638                rf24_worker_process_tasks
 .text.rf24_worker_attach_wait
                0x00000000080046a8       0x28 Core/Src/rf24/rf24_network/rf24_worker.o
                0x00000000080046a8                rf24_worker_attach_wait
 .text.rf24_worker_push_wait
                0x00000000080046d0       0x28 Core/Src/rf24/rf24_network/rf24_worker.o
                0x00000000080046d0                rf24_worker_push_wait
 .text.rf24_worker_attach
                0x00000000080046f8       0x1e Core/Src/rf24/rf24_network/rf24_worker.o
                0x00000000080046f8                rf24_worker_attach
 .text.rf24_worker_push
                0x0000000008004716       0x1e Core/Src/rf24/rf24_network/rf24_worker.o
                0x0000000008004716                rf24_worker_push
 .text.rf24_worker_build_task
                0x0000000008004734       0x7c Core/Src/rf24/rf24_network/rf24_worker.o
                0x0000000008004734                rf24_worker_build_task
 .text.rf24_worker_attach_task
                0x00000000080047b0       0x40 Core/Src/rf24/rf24_network/rf24_worker.o
                0x00000000080047b0                rf24_worker_attach_task
 .text.rf24_worker_push_task
                0x00000000080047f0       0x34 Core/Src/rf24/rf24_network/rf24_worker.o
                0x00000000080047f0                rf24_worker_push_task
 .text.rf24_worker_current_task
                0x0000000008004824       0x14 Core/Src/rf24/rf24_network/rf24_worker.o
                0x0000000008004824                rf24_worker_current_task
 .text.rf24_worker_pop_task
                0x0000000008004838       0x28 Core/Src/rf24/rf24_network/rf24_worker.o
                0x0000000008004838                rf24_worker_pop_task
 .text.rf24_worker_reset_tasks
                0x0000000008004860       0x1c Core/Src/rf24/rf24_network/rf24_worker.o
                0x0000000008004860                rf24_worker_reset_tasks
 .text.rf24_worker_start_timer
                0x000000000800487c       0x98 Core/Src/rf24/rf24_network/rf24_worker.o
                0x000000000800487c                rf24_worker_start_timer
 .text.rf24_worker_stop_timer
                0x0000000008004914       0x74 Core/Src/rf24/rf24_network/rf24_worker.o
                0x0000000008004914                rf24_worker_stop_timer
 .text.rf24_worker_us_to_timespan
                0x0000000008004988       0x80 Core/Src/rf24/rf24_network/rf24_worker.o
                0x0000000008004988                rf24_worker_us_to_timespan
 .text.__NVIC_EnableIRQ
                0x0000000008004a08       0x38 Core/Src/rf24/rf24_stm32f1xx/rf24_stm32f1xx.o
 .text.__NVIC_SetPriority
                0x0000000008004a40       0x54 Core/Src/rf24/rf24_stm32f1xx/rf24_stm32f1xx.o
 .text.SysTick_Config
                0x0000000008004a94       0x44 Core/Src/rf24/rf24_stm32f1xx/rf24_stm32f1xx.o
 .text.SysTick_Handler
                0x0000000008004ad8        0xc Core/Src/rf24/rf24_stm32f1xx/rf24_stm32f1xx.o
                0x0000000008004ad8                SysTick_Handler
 .text.EXTI2_IRQHandler
                0x0000000008004ae4       0x24 Core/Src/rf24/rf24_stm32f1xx/rf24_stm32f1xx.o
                0x0000000008004ae4                EXTI2_IRQHandler
 .text.TIM2_IRQHandler
                0x0000000008004b08       0xa8 Core/Src/rf24/rf24_stm32f1xx/rf24_stm32f1xx.o
                0x0000000008004b08                TIM2_IRQHandler
 .text.EXTI15_10_IRQHandler
                0x0000000008004bb0       0x24 Core/Src/rf24/rf24_stm32f1xx/rf24_stm32f1xx.o
                0x0000000008004bb0                EXTI15_10_IRQHandler
 .text.rf24_stm32f1xx_start_stopwatch
                0x0000000008004bd4       0x1c Core/Src/rf24/rf24_stm32f1xx/rf24_stm32f1xx.o
                0x0000000008004bd4                rf24_stm32f1xx_start_stopwatch
 .text.rf24_stm32f1xx_stop_stopwatch
                0x0000000008004bf0       0x14 Core/Src/rf24/rf24_stm32f1xx/rf24_stm32f1xx.o
                0x0000000008004bf0                rf24_stm32f1xx_stop_stopwatch
 .text.rf24_stm32f1xx_get_uuid_md5hashed
                0x0000000008004c04       0x58 Core/Src/rf24/rf24_stm32f1xx/rf24_stm32f1xx.o
                0x0000000008004c04                rf24_stm32f1xx_get_uuid_md5hashed
 .text.rf24_stm32f1xx_set_system_clock_72Mhz
                0x0000000008004c5c       0xac Core/Src/rf24/rf24_stm32f1xx/rf24_stm32f1xx.o
                0x0000000008004c5c                rf24_stm32f1xx_set_system_clock_72Mhz
 .text.rf24_stm32f1xx_init_tim2
                0x0000000008004d08       0x98 Core/Src/rf24/rf24_stm32f1xx/rf24_stm32f1xx.o
                0x0000000008004d08                rf24_stm32f1xx_init_tim2
 .text.rf24_stm32f1xx_set_timer_interrupt_ms
                0x0000000008004da0       0x60 Core/Src/rf24/rf24_stm32f1xx/rf24_stm32f1xx.o
                0x0000000008004da0                rf24_stm32f1xx_set_timer_interrupt_ms
 .text.rf24_stm32f1xx_set_timer_interrupt_us
                0x0000000008004e00       0x54 Core/Src/rf24/rf24_stm32f1xx/rf24_stm32f1xx.o
                0x0000000008004e00                rf24_stm32f1xx_set_timer_interrupt_us
 .text.rf24_stm32f1xx_init_tim3
                0x0000000008004e54       0x40 Core/Src/rf24/rf24_stm32f1xx/rf24_stm32f1xx.o
                0x0000000008004e54                rf24_stm32f1xx_init_tim3
 .text.rf24_stm32f1xx_get_tim3_count
                0x0000000008004e94       0x14 Core/Src/rf24/rf24_stm32f1xx/rf24_stm32f1xx.o
                0x0000000008004e94                rf24_stm32f1xx_get_tim3_count
 .text.delay_ms
                0x0000000008004ea8       0x40 Core/Src/rf24/rf24_stm32f1xx/rf24_stm32f1xx.o
                0x0000000008004ea8                delay_ms
 .text.delay_us
                0x0000000008004ee8       0x30 Core/Src/rf24/rf24_stm32f1xx/rf24_stm32f1xx.o
                0x0000000008004ee8                delay_us
 .text.rf24_stm32f1xx_init_led
                0x0000000008004f18       0x50 Core/Src/rf24/rf24_stm32f1xx/rf24_stm32f1xx.o
                0x0000000008004f18                rf24_stm32f1xx_init_led
 .text.rf24_stm32f1xx_set_led_cycle
                0x0000000008004f68       0x28 Core/Src/rf24/rf24_stm32f1xx/rf24_stm32f1xx.o
                0x0000000008004f68                rf24_stm32f1xx_set_led_cycle
 .text.rf24_stm32f1xx_led_on
                0x0000000008004f90       0x18 Core/Src/rf24/rf24_stm32f1xx/rf24_stm32f1xx.o
                0x0000000008004f90                rf24_stm32f1xx_led_on
 .text.rf24_stm32f1xx_led_off
                0x0000000008004fa8       0x18 Core/Src/rf24/rf24_stm32f1xx/rf24_stm32f1xx.o
                0x0000000008004fa8                rf24_stm32f1xx_led_off
 .text.rf24_stm32f1xx_led_toggle
                0x0000000008004fc0       0x2c Core/Src/rf24/rf24_stm32f1xx/rf24_stm32f1xx.o
                0x0000000008004fc0                rf24_stm32f1xx_led_toggle
 .text.rf24_stm32f1xx_init_ce
                0x0000000008004fec       0x38 Core/Src/rf24/rf24_stm32f1xx/rf24_stm32f1xx.o
                0x0000000008004fec                rf24_stm32f1xx_init_ce
 .text.rf24_stm32f1xx_ce_high
                0x0000000008005024       0x18 Core/Src/rf24/rf24_stm32f1xx/rf24_stm32f1xx.o
                0x0000000008005024                rf24_stm32f1xx_ce_high
 .text.rf24_stm32f1xx_ce_low
                0x000000000800503c       0x18 Core/Src/rf24/rf24_stm32f1xx/rf24_stm32f1xx.o
                0x000000000800503c                rf24_stm32f1xx_ce_low
 .text.rf24_stm32f1xx_irq_init
                0x0000000008005054       0xa8 Core/Src/rf24/rf24_stm32f1xx/rf24_stm32f1xx.o
                0x0000000008005054                rf24_stm32f1xx_irq_init
 .text.rf24_stm32f1xx_init
                0x00000000080050fc       0x2c Core/Src/rf24/rf24_stm32f1xx/rf24_stm32f1xx.o
                0x00000000080050fc                rf24_stm32f1xx_init
 .text.rf24_stm32f1xx_spi_init
                0x0000000008005128       0xcc Core/Src/rf24/rf24_stm32f1xx/rf24_stm32f1xx_spi.o
                0x0000000008005128                rf24_stm32f1xx_spi_init
 .text.rf24_stm32f1xx_spi_csn_low
                0x00000000080051f4       0x18 Core/Src/rf24/rf24_stm32f1xx/rf24_stm32f1xx_spi.o
                0x00000000080051f4                rf24_stm32f1xx_spi_csn_low
 .text.rf24_stm32f1xx_spi_csn_high
                0x000000000800520c       0x18 Core/Src/rf24/rf24_stm32f1xx/rf24_stm32f1xx_spi.o
                0x000000000800520c                rf24_stm32f1xx_spi_csn_high
 .text.rf24_stm32f1xx_spi_shift_byte
                0x0000000008005224       0x38 Core/Src/rf24/rf24_stm32f1xx/rf24_stm32f1xx_spi.o
                0x0000000008005224                rf24_stm32f1xx_spi_shift_byte
 .text.__NVIC_EnableIRQ
                0x000000000800525c       0x38 Core/Src/rf24/rf24_stm32f1xx/rf24_stm32f1xx_uart.o
 .text.rf24_stm32f1xx_usart_init
                0x0000000008005294       0x94 Core/Src/rf24/rf24_stm32f1xx/rf24_stm32f1xx_uart.o
                0x0000000008005294                rf24_stm32f1xx_usart_init
 .text.rf24_stm32f1xx_usart_write_byte
                0x0000000008005328       0x38 Core/Src/rf24/rf24_stm32f1xx/rf24_stm32f1xx_uart.o
                0x0000000008005328                rf24_stm32f1xx_usart_write_byte
 .text.rf24_stm32f1xx_usart_write_str
                0x0000000008005360       0x36 Core/Src/rf24/rf24_stm32f1xx/rf24_stm32f1xx_uart.o
                0x0000000008005360                rf24_stm32f1xx_usart_write_str
 .text.rf24_stm32f1xx_usart_write_line
                0x0000000008005396       0x24 Core/Src/rf24/rf24_stm32f1xx/rf24_stm32f1xx_uart.o
                0x0000000008005396                rf24_stm32f1xx_usart_write_line
 *fill*         0x00000000080053ba        0x2 
 .text.rf24_stm32f1xx_usart_buffer_char
                0x00000000080053bc       0x54 Core/Src/rf24/rf24_stm32f1xx/rf24_stm32f1xx_uart.o
                0x00000000080053bc                rf24_stm32f1xx_usart_buffer_char
 .text.USART1_IRQHandler
                0x0000000008005410       0x48 Core/Src/rf24/rf24_stm32f1xx/rf24_stm32f1xx_uart.o
                0x0000000008005410                USART1_IRQHandler
 .text.rf24_urci_ping
                0x0000000008005458       0x12 Core/Src/rf24/rf24_urci/rf24_urci.o
                0x0000000008005458                rf24_urci_ping
 *fill*         0x000000000800546a        0x2 
 .text.rf24_urci_print_mac_address
                0x000000000800546c       0x2c Core/Src/rf24/rf24_urci/rf24_urci.o
                0x000000000800546c                rf24_urci_print_mac_address
 .text.rf24_urci_print_register
                0x0000000008005498       0x58 Core/Src/rf24/rf24_urci/rf24_urci.o
                0x0000000008005498                rf24_urci_print_register
 .text.rf24_urci_transmit_mac_frame
                0x00000000080054f0       0x3c Core/Src/rf24/rf24_urci/rf24_urci.o
                0x00000000080054f0                rf24_urci_transmit_mac_frame
 .text.rf24_urci_transfer_topology
                0x000000000800552c       0x30 Core/Src/rf24/rf24_urci/rf24_urci.o
                0x000000000800552c                rf24_urci_transfer_topology
 .text.rf24_urci_transmit
                0x000000000800555c       0x6c Core/Src/rf24/rf24_urci/rf24_urci.o
                0x000000000800555c                rf24_urci_transmit
 .text.rf24_urci_set_datarate
                0x00000000080055c8       0x58 Core/Src/rf24/rf24_urci/rf24_urci.o
                0x00000000080055c8                rf24_urci_set_datarate
 .text.rf24_urci_get_datarate
                0x0000000008005620       0x54 Core/Src/rf24/rf24_urci/rf24_urci.o
                0x0000000008005620                rf24_urci_get_datarate
 .text.rf24_urci_print_help
                0x0000000008005674       0xbc Core/Src/rf24/rf24_urci/rf24_urci.o
                0x0000000008005674                rf24_urci_print_help
 .text.rf24_urci_help
                0x0000000008005730       0x80 Core/Src/rf24/rf24_urci/rf24_urci.o
                0x0000000008005730                rf24_urci_help
 .text.rf24_urci_set_crc_length
                0x00000000080057b0       0x38 Core/Src/rf24/rf24_urci/rf24_urci.o
                0x00000000080057b0                rf24_urci_set_crc_length
 .text.rf24_urci_get_crc_length
                0x00000000080057e8       0x24 Core/Src/rf24/rf24_urci/rf24_urci.o
                0x00000000080057e8                rf24_urci_get_crc_length
 .text.rf24_urci_set_tx_address
                0x000000000800580c       0x80 Core/Src/rf24/rf24_urci/rf24_urci.o
                0x000000000800580c                rf24_urci_set_tx_address
 .text.rf24_urci_get_tx_address
                0x000000000800588c       0x7c Core/Src/rf24/rf24_urci/rf24_urci.o
                0x000000000800588c                rf24_urci_get_tx_address
 .text.rf24_urci_get_attribute_value
                0x0000000008005908       0x94 Core/Src/rf24/rf24_urci/rf24_urci.o
                0x0000000008005908                rf24_urci_get_attribute_value
 .text.rf24_urci_set_rx_address
                0x000000000800599c       0xe8 Core/Src/rf24/rf24_urci/rf24_urci.o
                0x000000000800599c                rf24_urci_set_rx_address
 .text.rf24_urci_get_rx_address
                0x0000000008005a84       0xf4 Core/Src/rf24/rf24_urci/rf24_urci.o
                0x0000000008005a84                rf24_urci_get_rx_address
 .text.rf24_urci_set_payload_width
                0x0000000008005b78       0x40 Core/Src/rf24/rf24_urci/rf24_urci.o
                0x0000000008005b78                rf24_urci_set_payload_width
 .text.rf24_urci_get_payload_width
                0x0000000008005bb8       0x38 Core/Src/rf24/rf24_urci/rf24_urci.o
                0x0000000008005bb8                rf24_urci_get_payload_width
 .text.rf24_urci_call
                0x0000000008005bf0      0x134 Core/Src/rf24/rf24_urci/rf24_urci.o
                0x0000000008005bf0                rf24_urci_call
 .text.rf24_urci_match
                0x0000000008005d24       0x6c Core/Src/rf24/rf24_urci/rf24_urci.o
                0x0000000008005d24                rf24_urci_match
 .text.rf24_urci_putc
                0x0000000008005d90      0x140 Core/Src/rf24/rf24_urci/rf24_urci.o
                0x0000000008005d90                rf24_urci_putc
 .text.string_to_bytes
                0x0000000008005ed0       0x50 Core/Src/rf24/rf24_urci/rf24_urci.o
                0x0000000008005ed0                string_to_bytes
 .text.bytes_to_string
                0x0000000008005f20       0x88 Core/Src/rf24/rf24_urci/rf24_urci.o
                0x0000000008005f20                bytes_to_string
 .text.Reset_Handler
                0x0000000008005fa8       0x48 Core/Startup/startup_stm32f103c8tx.o
                0x0000000008005fa8                Reset_Handler
 .text.Default_Handler
                0x0000000008005ff0        0x2 Core/Startup/startup_stm32f103c8tx.o
                0x0000000008005ff0                RTC_Alarm_IRQHandler
                0x0000000008005ff0                DebugMon_Handler
                0x0000000008005ff0                TIM1_CC_IRQHandler
                0x0000000008005ff0                HardFault_Handler
                0x0000000008005ff0                PVD_IRQHandler
                0x0000000008005ff0                PendSV_Handler
                0x0000000008005ff0                NMI_Handler
                0x0000000008005ff0                EXTI3_IRQHandler
                0x0000000008005ff0                EXTI0_IRQHandler
                0x0000000008005ff0                I2C2_EV_IRQHandler
                0x0000000008005ff0                UsageFault_Handler
                0x0000000008005ff0                ADC1_2_IRQHandler
                0x0000000008005ff0                SPI1_IRQHandler
                0x0000000008005ff0                TAMPER_IRQHandler
                0x0000000008005ff0                DMA1_Channel4_IRQHandler
                0x0000000008005ff0                USART3_IRQHandler
                0x0000000008005ff0                RTC_IRQHandler
                0x0000000008005ff0                DMA1_Channel7_IRQHandler
                0x0000000008005ff0                CAN1_RX1_IRQHandler
                0x0000000008005ff0                TIM4_IRQHandler
                0x0000000008005ff0                I2C1_EV_IRQHandler
                0x0000000008005ff0                DMA1_Channel6_IRQHandler
                0x0000000008005ff0                TIM3_IRQHandler
                0x0000000008005ff0                RCC_IRQHandler
                0x0000000008005ff0                TIM1_TRG_COM_IRQHandler
                0x0000000008005ff0                DMA1_Channel1_IRQHandler
                0x0000000008005ff0                Default_Handler
                0x0000000008005ff0                EXTI9_5_IRQHandler
                0x0000000008005ff0                SPI2_IRQHandler
                0x0000000008005ff0                MemManage_Handler
                0x0000000008005ff0                SVC_Handler
                0x0000000008005ff0                DMA1_Channel5_IRQHandler
                0x0000000008005ff0                EXTI4_IRQHandler
                0x0000000008005ff0                USB_LP_CAN1_RX0_IRQHandler
                0x0000000008005ff0                USB_HP_CAN1_TX_IRQHandler
                0x0000000008005ff0                DMA1_Channel3_IRQHandler
                0x0000000008005ff0                TIM1_UP_IRQHandler
                0x0000000008005ff0                WWDG_IRQHandler
                0x0000000008005ff0                TIM1_BRK_IRQHandler
                0x0000000008005ff0                EXTI1_IRQHandler
                0x0000000008005ff0                USART2_IRQHandler
                0x0000000008005ff0                I2C2_ER_IRQHandler
                0x0000000008005ff0                DMA1_Channel2_IRQHandler
                0x0000000008005ff0                CAN1_SCE_IRQHandler
                0x0000000008005ff0                FLASH_IRQHandler
                0x0000000008005ff0                BusFault_Handler
                0x0000000008005ff0                I2C1_ER_IRQHandler
                0x0000000008005ff0                USBWakeUp_IRQHandler
 .text.atoi     0x0000000008005ff2        0x8 c:/st/stm32cubeide_1.3.0/stm32cubeide/plugins/com.st.stm32cube.ide.mcu.externaltools.gnu-tools-for-stm32.7-2018-q2-update.win32_1.0.0.201904181610/tools/bin/../lib/gcc/arm-none-eabi/7.3.1/../../../../arm-none-eabi/lib/thumb/v7-m\libc_nano.a(lib_a-atoi.o)
                0x0000000008005ff2                atoi
 *fill*         0x0000000008005ffa        0x2 
 .text.__libc_init_array
                0x0000000008005ffc       0x48 c:/st/stm32cubeide_1.3.0/stm32cubeide/plugins/com.st.stm32cube.ide.mcu.externaltools.gnu-tools-for-stm32.7-2018-q2-update.win32_1.0.0.201904181610/tools/bin/../lib/gcc/arm-none-eabi/7.3.1/../../../../arm-none-eabi/lib/thumb/v7-m\libc_nano.a(lib_a-init.o)
                0x0000000008005ffc                __libc_init_array
 .text.__itoa   0x0000000008006044       0x30 c:/st/stm32cubeide_1.3.0/stm32cubeide/plugins/com.st.stm32cube.ide.mcu.externaltools.gnu-tools-for-stm32.7-2018-q2-update.win32_1.0.0.201904181610/tools/bin/../lib/gcc/arm-none-eabi/7.3.1/../../../../arm-none-eabi/lib/thumb/v7-m\libc_nano.a(lib_a-itoa.o)
                0x0000000008006044                __itoa
 .text.itoa     0x0000000008006074        0x4 c:/st/stm32cubeide_1.3.0/stm32cubeide/plugins/com.st.stm32cube.ide.mcu.externaltools.gnu-tools-for-stm32.7-2018-q2-update.win32_1.0.0.201904181610/tools/bin/../lib/gcc/arm-none-eabi/7.3.1/../../../../arm-none-eabi/lib/thumb/v7-m\libc_nano.a(lib_a-itoa.o)
                0x0000000008006074                itoa
 .text.malloc   0x0000000008006078       0x10 c:/st/stm32cubeide_1.3.0/stm32cubeide/plugins/com.st.stm32cube.ide.mcu.externaltools.gnu-tools-for-stm32.7-2018-q2-update.win32_1.0.0.201904181610/tools/bin/../lib/gcc/arm-none-eabi/7.3.1/../../../../arm-none-eabi/lib/thumb/v7-m\libc_nano.a(lib_a-malloc.o)
                0x0000000008006078                malloc
 .text.free     0x0000000008006088       0x10 c:/st/stm32cubeide_1.3.0/stm32cubeide/plugins/com.st.stm32cube.ide.mcu.externaltools.gnu-tools-for-stm32.7-2018-q2-update.win32_1.0.0.201904181610/tools/bin/../lib/gcc/arm-none-eabi/7.3.1/../../../../arm-none-eabi/lib/thumb/v7-m\libc_nano.a(lib_a-malloc.o)
                0x0000000008006088                free
 .text.memcmp   0x0000000008006098       0x1e c:/st/stm32cubeide_1.3.0/stm32cubeide/plugins/com.st.stm32cube.ide.mcu.externaltools.gnu-tools-for-stm32.7-2018-q2-update.win32_1.0.0.201904181610/tools/bin/../lib/gcc/arm-none-eabi/7.3.1/../../../../arm-none-eabi/lib/thumb/v7-m\libc_nano.a(lib_a-memcmp.o)
                0x0000000008006098                memcmp
 .text.memcpy   0x00000000080060b6       0x16 c:/st/stm32cubeide_1.3.0/stm32cubeide/plugins/com.st.stm32cube.ide.mcu.externaltools.gnu-tools-for-stm32.7-2018-q2-update.win32_1.0.0.201904181610/tools/bin/../lib/gcc/arm-none-eabi/7.3.1/../../../../arm-none-eabi/lib/thumb/v7-m\libc_nano.a(lib_a-memcpy-stub.o)
                0x00000000080060b6                memcpy
 .text.memset   0x00000000080060cc       0x10 c:/st/stm32cubeide_1.3.0/stm32cubeide/plugins/com.st.stm32cube.ide.mcu.externaltools.gnu-tools-for-stm32.7-2018-q2-update.win32_1.0.0.201904181610/tools/bin/../lib/gcc/arm-none-eabi/7.3.1/../../../../arm-none-eabi/lib/thumb/v7-m\libc_nano.a(lib_a-memset.o)
                0x00000000080060cc                memset
 .text._free_r  0x00000000080060dc       0x98 c:/st/stm32cubeide_1.3.0/stm32cubeide/plugins/com.st.stm32cube.ide.mcu.externaltools.gnu-tools-for-stm32.7-2018-q2-update.win32_1.0.0.201904181610/tools/bin/../lib/gcc/arm-none-eabi/7.3.1/../../../../arm-none-eabi/lib/thumb/v7-m\libc_nano.a(lib_a-nano-freer.o)
                0x00000000080060dc                _free_r
 .text._malloc_r
                0x0000000008006174       0xb4 c:/st/stm32cubeide_1.3.0/stm32cubeide/plugins/com.st.stm32cube.ide.mcu.externaltools.gnu-tools-for-stm32.7-2018-q2-update.win32_1.0.0.201904181610/tools/bin/../lib/gcc/arm-none-eabi/7.3.1/../../../../arm-none-eabi/lib/thumb/v7-m\libc_nano.a(lib_a-nano-mallocr.o)
                0x0000000008006174                _malloc_r
 .text.srand    0x0000000008006228       0x48 c:/st/stm32cubeide_1.3.0/stm32cubeide/plugins/com.st.stm32cube.ide.mcu.externaltools.gnu-tools-for-stm32.7-2018-q2-update.win32_1.0.0.201904181610/tools/bin/../lib/gcc/arm-none-eabi/7.3.1/../../../../arm-none-eabi/lib/thumb/v7-m\libc_nano.a(lib_a-rand.o)
                0x0000000008006228                srand
 .text.rand     0x0000000008006270       0x68 c:/st/stm32cubeide_1.3.0/stm32cubeide/plugins/com.st.stm32cube.ide.mcu.externaltools.gnu-tools-for-stm32.7-2018-q2-update.win32_1.0.0.201904181610/tools/bin/../lib/gcc/arm-none-eabi/7.3.1/../../../../arm-none-eabi/lib/thumb/v7-m\libc_nano.a(lib_a-rand.o)
                0x0000000008006270                rand
 .text._sbrk_r  0x00000000080062d8       0x20 c:/st/stm32cubeide_1.3.0/stm32cubeide/plugins/com.st.stm32cube.ide.mcu.externaltools.gnu-tools-for-stm32.7-2018-q2-update.win32_1.0.0.201904181610/tools/bin/../lib/gcc/arm-none-eabi/7.3.1/../../../../arm-none-eabi/lib/thumb/v7-m\libc_nano.a(lib_a-sbrkr.o)
                0x00000000080062d8                _sbrk_r
 .text.sprintf  0x00000000080062f8       0x40 c:/st/stm32cubeide_1.3.0/stm32cubeide/plugins/com.st.stm32cube.ide.mcu.externaltools.gnu-tools-for-stm32.7-2018-q2-update.win32_1.0.0.201904181610/tools/bin/../lib/gcc/arm-none-eabi/7.3.1/../../../../arm-none-eabi/lib/thumb/v7-m\libc_nano.a(lib_a-sprintf.o)
                0x00000000080062f8                siprintf
                0x00000000080062f8                sprintf
 .text.strcat   0x0000000008006338       0x1e c:/st/stm32cubeide_1.3.0/stm32cubeide/plugins/com.st.stm32cube.ide.mcu.externaltools.gnu-tools-for-stm32.7-2018-q2-update.win32_1.0.0.201904181610/tools/bin/../lib/gcc/arm-none-eabi/7.3.1/../../../../arm-none-eabi/lib/thumb/v7-m\libc_nano.a(lib_a-strcat.o)
                0x0000000008006338                strcat
 .text.strcpy   0x0000000008006356       0x10 c:/st/stm32cubeide_1.3.0/stm32cubeide/plugins/com.st.stm32cube.ide.mcu.externaltools.gnu-tools-for-stm32.7-2018-q2-update.win32_1.0.0.201904181610/tools/bin/../lib/gcc/arm-none-eabi/7.3.1/../../../../arm-none-eabi/lib/thumb/v7-m\libc_nano.a(lib_a-strcpy.o)
                0x0000000008006356                strcpy
 *fill*         0x0000000008006366        0x2 
 .text.strtok   0x0000000008006368       0x54 c:/st/stm32cubeide_1.3.0/stm32cubeide/plugins/com.st.stm32cube.ide.mcu.externaltools.gnu-tools-for-stm32.7-2018-q2-update.win32_1.0.0.201904181610/tools/bin/../lib/gcc/arm-none-eabi/7.3.1/../../../../arm-none-eabi/lib/thumb/v7-m\libc_nano.a(lib_a-strtok.o)
                0x0000000008006368                strtok
 .text.__strtok_r
                0x00000000080063bc       0x54 c:/st/stm32cubeide_1.3.0/stm32cubeide/plugins/com.st.stm32cube.ide.mcu.externaltools.gnu-tools-for-stm32.7-2018-q2-update.win32_1.0.0.201904181610/tools/bin/../lib/gcc/arm-none-eabi/7.3.1/../../../../arm-none-eabi/lib/thumb/v7-m\libc_nano.a(lib_a-strtok_r.o)
                0x00000000080063bc                __strtok_r
 .text._strtol_l.isra.0
                0x0000000008006410       0xf6 c:/st/stm32cubeide_1.3.0/stm32cubeide/plugins/com.st.stm32cube.ide.mcu.externaltools.gnu-tools-for-stm32.7-2018-q2-update.win32_1.0.0.201904181610/tools/bin/../lib/gcc/arm-none-eabi/7.3.1/../../../../arm-none-eabi/lib/thumb/v7-m\libc_nano.a(lib_a-strtol.o)
 *fill*         0x0000000008006506        0x2 
 .text.strtol   0x0000000008006508       0x2c c:/st/stm32cubeide_1.3.0/stm32cubeide/plugins/com.st.stm32cube.ide.mcu.externaltools.gnu-tools-for-stm32.7-2018-q2-update.win32_1.0.0.201904181610/tools/bin/../lib/gcc/arm-none-eabi/7.3.1/../../../../arm-none-eabi/lib/thumb/v7-m\libc_nano.a(lib_a-strtol.o)
                0x0000000008006508                strtol
 .text.__utoa   0x0000000008006534       0x7c c:/st/stm32cubeide_1.3.0/stm32cubeide/plugins/com.st.stm32cube.ide.mcu.externaltools.gnu-tools-for-stm32.7-2018-q2-update.win32_1.0.0.201904181610/tools/bin/../lib/gcc/arm-none-eabi/7.3.1/../../../../arm-none-eabi/lib/thumb/v7-m\libc_nano.a(lib_a-utoa.o)
                0x0000000008006534                __utoa
 .text.__locale_ctype_ptr_l
                0x00000000080065b0        0x6 c:/st/stm32cubeide_1.3.0/stm32cubeide/plugins/com.st.stm32cube.ide.mcu.externaltools.gnu-tools-for-stm32.7-2018-q2-update.win32_1.0.0.201904181610/tools/bin/../lib/gcc/arm-none-eabi/7.3.1/../../../../arm-none-eabi/lib/thumb/v7-m\libc_nano.a(lib_a-locale.o)
                0x00000000080065b0                __locale_ctype_ptr_l
 .text.__ascii_mbtowc
                0x00000000080065b6       0x24 c:/st/stm32cubeide_1.3.0/stm32cubeide/plugins/com.st.stm32cube.ide.mcu.externaltools.gnu-tools-for-stm32.7-2018-q2-update.win32_1.0.0.201904181610/tools/bin/../lib/gcc/arm-none-eabi/7.3.1/../../../../arm-none-eabi/lib/thumb/v7-m\libc_nano.a(lib_a-mbtowc_r.o)
                0x00000000080065b6                __ascii_mbtowc
 .text.__malloc_lock
                0x00000000080065da        0x2 c:/st/stm32cubeide_1.3.0/stm32cubeide/plugins/com.st.stm32cube.ide.mcu.externaltools.gnu-tools-for-stm32.7-2018-q2-update.win32_1.0.0.201904181610/tools/bin/../lib/gcc/arm-none-eabi/7.3.1/../../../../arm-none-eabi/lib/thumb/v7-m\libc_nano.a(lib_a-mlock.o)
                0x00000000080065da                __malloc_lock
 .text.__malloc_unlock
                0x00000000080065dc        0x2 c:/st/stm32cubeide_1.3.0/stm32cubeide/plugins/com.st.stm32cube.ide.mcu.externaltools.gnu-tools-for-stm32.7-2018-q2-update.win32_1.0.0.201904181610/tools/bin/../lib/gcc/arm-none-eabi/7.3.1/../../../../arm-none-eabi/lib/thumb/v7-m\libc_nano.a(lib_a-mlock.o)
                0x00000000080065dc                __malloc_unlock
 .text.__ssputs_r
                0x00000000080065de       0xb4 c:/st/stm32cubeide_1.3.0/stm32cubeide/plugins/com.st.stm32cube.ide.mcu.externaltools.gnu-tools-for-stm32.7-2018-q2-update.win32_1.0.0.201904181610/tools/bin/../lib/gcc/arm-none-eabi/7.3.1/../../../../arm-none-eabi/lib/thumb/v7-m\libc_nano.a(lib_a-nano-svfprintf.o)
                0x00000000080065de                __ssputs_r
 *fill*         0x0000000008006692        0x2 
 .text._svfprintf_r
                0x0000000008006694      0x1f0 c:/st/stm32cubeide_1.3.0/stm32cubeide/plugins/com.st.stm32cube.ide.mcu.externaltools.gnu-tools-for-stm32.7-2018-q2-update.win32_1.0.0.201904181610/tools/bin/../lib/gcc/arm-none-eabi/7.3.1/../../../../arm-none-eabi/lib/thumb/v7-m\libc_nano.a(lib_a-nano-svfprintf.o)
                0x0000000008006694                _svfiprintf_r
                0x0000000008006694                _svfprintf_r
 .text._printf_common
                0x0000000008006884       0xec c:/st/stm32cubeide_1.3.0/stm32cubeide/plugins/com.st.stm32cube.ide.mcu.externaltools.gnu-tools-for-stm32.7-2018-q2-update.win32_1.0.0.201904181610/tools/bin/../lib/gcc/arm-none-eabi/7.3.1/../../../../arm-none-eabi/lib/thumb/v7-m\libc_nano.a(lib_a-nano-vfprintf_i.o)
                0x0000000008006884                _printf_common
 .text._printf_i
                0x0000000008006970      0x224 c:/st/stm32cubeide_1.3.0/stm32cubeide/plugins/com.st.stm32cube.ide.mcu.externaltools.gnu-tools-for-stm32.7-2018-q2-update.win32_1.0.0.201904181610/tools/bin/../lib/gcc/arm-none-eabi/7.3.1/../../../../arm-none-eabi/lib/thumb/v7-m\libc_nano.a(lib_a-nano-vfprintf_i.o)
                0x0000000008006970                _printf_i
 .text.__ascii_wctomb
                0x0000000008006b94       0x1a c:/st/stm32cubeide_1.3.0/stm32cubeide/plugins/com.st.stm32cube.ide.mcu.externaltools.gnu-tools-for-stm32.7-2018-q2-update.win32_1.0.0.201904181610/tools/bin/../lib/gcc/arm-none-eabi/7.3.1/../../../../arm-none-eabi/lib/thumb/v7-m\libc_nano.a(lib_a-wctomb_r.o)
                0x0000000008006b94                __ascii_wctomb
 .text.memchr   0x0000000008006bae       0x1c c:/st/stm32cubeide_1.3.0/stm32cubeide/plugins/com.st.stm32cube.ide.mcu.externaltools.gnu-tools-for-stm32.7-2018-q2-update.win32_1.0.0.201904181610/tools/bin/../lib/gcc/arm-none-eabi/7.3.1/../../../../arm-none-eabi/lib/thumb/v7-m\libc_nano.a(lib_a-memchr-stub.o)
                0x0000000008006bae                memchr
 .text.memmove  0x0000000008006bca       0x32 c:/st/stm32cubeide_1.3.0/stm32cubeide/plugins/com.st.stm32cube.ide.mcu.externaltools.gnu-tools-for-stm32.7-2018-q2-update.win32_1.0.0.201904181610/tools/bin/../lib/gcc/arm-none-eabi/7.3.1/../../../../arm-none-eabi/lib/thumb/v7-m\libc_nano.a(lib_a-memmove.o)
                0x0000000008006bca                memmove
 .text._realloc_r
                0x0000000008006bfc       0x4c c:/st/stm32cubeide_1.3.0/stm32cubeide/plugins/com.st.stm32cube.ide.mcu.externaltools.gnu-tools-for-stm32.7-2018-q2-update.win32_1.0.0.201904181610/tools/bin/../lib/gcc/arm-none-eabi/7.3.1/../../../../arm-none-eabi/lib/thumb/v7-m\libc_nano.a(lib_a-nano-reallocr.o)
                0x0000000008006bfc                _realloc_r
 .text._malloc_usable_size_r
                0x0000000008006c48       0x10 c:/st/stm32cubeide_1.3.0/stm32cubeide/plugins/com.st.stm32cube.ide.mcu.externaltools.gnu-tools-for-stm32.7-2018-q2-update.win32_1.0.0.201904181610/tools/bin/../lib/gcc/arm-none-eabi/7.3.1/../../../../arm-none-eabi/lib/thumb/v7-m\libc_nano.a(lib_a-nano-msizer.o)
                0x0000000008006c48                _malloc_usable_size_r
 .text._sbrk    0x0000000008006c58       0x1c c:/st/stm32cubeide_1.3.0/stm32cubeide/plugins/com.st.stm32cube.ide.mcu.externaltools.gnu-tools-for-stm32.7-2018-q2-update.win32_1.0.0.201904181610/tools/bin/../lib/gcc/arm-none-eabi/7.3.1/../../../../arm-none-eabi/lib/thumb/v7-m\libnosys.a(sbrk.o)
                0x0000000008006c58                _sbrk
 *(.glue_7)
 .glue_7        0x0000000008006c74        0x0 linker stubs
 *(.glue_7t)
 .glue_7t       0x0000000008006c74        0x0 linker stubs
 *(.eh_frame)
 .eh_frame      0x0000000008006c74        0x0 c:/st/stm32cubeide_1.3.0/stm32cubeide/plugins/com.st.stm32cube.ide.mcu.externaltools.gnu-tools-for-stm32.7-2018-q2-update.win32_1.0.0.201904181610/tools/bin/../lib/gcc/arm-none-eabi/7.3.1/thumb/v7-m/crtbegin.o
 *(.init)
 .init          0x0000000008006c74        0x4 c:/st/stm32cubeide_1.3.0/stm32cubeide/plugins/com.st.stm32cube.ide.mcu.externaltools.gnu-tools-for-stm32.7-2018-q2-update.win32_1.0.0.201904181610/tools/bin/../lib/gcc/arm-none-eabi/7.3.1/thumb/v7-m/crti.o
                0x0000000008006c74                _init
 .init          0x0000000008006c78        0x8 c:/st/stm32cubeide_1.3.0/stm32cubeide/plugins/com.st.stm32cube.ide.mcu.externaltools.gnu-tools-for-stm32.7-2018-q2-update.win32_1.0.0.201904181610/tools/bin/../lib/gcc/arm-none-eabi/7.3.1/thumb/v7-m/crtn.o
 *(.fini)
 .fini          0x0000000008006c80        0x4 c:/st/stm32cubeide_1.3.0/stm32cubeide/plugins/com.st.stm32cube.ide.mcu.externaltools.gnu-tools-for-stm32.7-2018-q2-update.win32_1.0.0.201904181610/tools/bin/../lib/gcc/arm-none-eabi/7.3.1/thumb/v7-m/crti.o
                0x0000000008006c80                _fini
 .fini          0x0000000008006c84        0x8 c:/st/stm32cubeide_1.3.0/stm32cubeide/plugins/com.st.stm32cube.ide.mcu.externaltools.gnu-tools-for-stm32.7-2018-q2-update.win32_1.0.0.201904181610/tools/bin/../lib/gcc/arm-none-eabi/7.3.1/thumb/v7-m/crtn.o
                0x0000000008006c8c                . = ALIGN (0x4)
                0x0000000008006c8c                _etext = .

.vfp11_veneer   0x0000000008006c8c        0x0
 .vfp11_veneer  0x0000000008006c8c        0x0 linker stubs

.v4_bx          0x0000000008006c8c        0x0
 .v4_bx         0x0000000008006c8c        0x0 linker stubs

.iplt           0x0000000008006c8c        0x0
 .iplt          0x0000000008006c8c        0x0 c:/st/stm32cubeide_1.3.0/stm32cubeide/plugins/com.st.stm32cube.ide.mcu.externaltools.gnu-tools-for-stm32.7-2018-q2-update.win32_1.0.0.201904181610/tools/bin/../lib/gcc/arm-none-eabi/7.3.1/thumb/v7-m/crtbegin.o

.rodata         0x0000000008006c8c     0x22e8
                0x0000000008006c8c                . = ALIGN (0x4)
 *(.rodata)
 .rodata        0x0000000008006c8c      0x2ef Core/Src/rf24/rf24_debug.o
 *fill*         0x0000000008006f7b        0x1 
 .rodata        0x0000000008006f7c      0x32e Core/Src/rf24/rf24_module/rf24_module.o
 *fill*         0x00000000080072aa        0x2 
 .rodata        0x00000000080072ac      0x3ee Core/Src/rf24/rf24_network/rf24_csma_ca.o
 *fill*         0x000000000800769a        0x2 
 .rodata        0x000000000800769c      0x523 Core/Src/rf24/rf24_network/rf24_mac.o
 *fill*         0x0000000008007bbf        0x1 
 .rodata        0x0000000008007bc0      0x54f Core/Src/rf24/rf24_network/rf24_network.o
 *fill*         0x000000000800810f        0x1 
 .rodata        0x0000000008008110      0x1c7 Core/Src/rf24/rf24_stm32f1xx/rf24_stm32f1xx_uart.o
 *fill*         0x00000000080082d7        0x1 
 .rodata        0x00000000080082d8      0x71b Core/Src/rf24/rf24_urci/rf24_urci.o
 *(.rodata*)
 *fill*         0x00000000080089f3        0x1 
 .rodata.AHBPrescTable
                0x00000000080089f4       0x10 Core/Src/system_stm32f1xx.o
                0x00000000080089f4                AHBPrescTable
 .rodata.PADDING
                0x0000000008008a04       0x40 Core/Src/rf24/inc/stm32f10x_md5.o
 .rodata.urci_cmds
                0x0000000008008a44      0x3cc Core/Src/rf24/rf24_urci/rf24_urci.o
                0x0000000008008a44                urci_cmds
 .rodata.__utoa.str1.1
                0x0000000008008e10       0x25 c:/st/stm32cubeide_1.3.0/stm32cubeide/plugins/com.st.stm32cube.ide.mcu.externaltools.gnu-tools-for-stm32.7-2018-q2-update.win32_1.0.0.201904181610/tools/bin/../lib/gcc/arm-none-eabi/7.3.1/../../../../arm-none-eabi/lib/thumb/v7-m\libc_nano.a(lib_a-utoa.o)
 .rodata._setlocale_r.str1.1
                0x0000000008008e35        0x8 c:/st/stm32cubeide_1.3.0/stm32cubeide/plugins/com.st.stm32cube.ide.mcu.externaltools.gnu-tools-for-stm32.7-2018-q2-update.win32_1.0.0.201904181610/tools/bin/../lib/gcc/arm-none-eabi/7.3.1/../../../../arm-none-eabi/lib/thumb/v7-m\libc_nano.a(lib_a-locale.o)
                                          0x9 (size before relaxing)
 .rodata.str1.1
                0x0000000008008e3d        0x2 c:/st/stm32cubeide_1.3.0/stm32cubeide/plugins/com.st.stm32cube.ide.mcu.externaltools.gnu-tools-for-stm32.7-2018-q2-update.win32_1.0.0.201904181610/tools/bin/../lib/gcc/arm-none-eabi/7.3.1/../../../../arm-none-eabi/lib/thumb/v7-m\libc_nano.a(lib_a-locale.o)
 .rodata._svfprintf_r.str1.1
                0x0000000008008e3f       0x11 c:/st/stm32cubeide_1.3.0/stm32cubeide/plugins/com.st.stm32cube.ide.mcu.externaltools.gnu-tools-for-stm32.7-2018-q2-update.win32_1.0.0.201904181610/tools/bin/../lib/gcc/arm-none-eabi/7.3.1/../../../../arm-none-eabi/lib/thumb/v7-m\libc_nano.a(lib_a-nano-svfprintf.o)
 .rodata._printf_i.str1.1
                0x0000000008008e50       0x22 c:/st/stm32cubeide_1.3.0/stm32cubeide/plugins/com.st.stm32cube.ide.mcu.externaltools.gnu-tools-for-stm32.7-2018-q2-update.win32_1.0.0.201904181610/tools/bin/../lib/gcc/arm-none-eabi/7.3.1/../../../../arm-none-eabi/lib/thumb/v7-m\libc_nano.a(lib_a-nano-vfprintf_i.o)
 .rodata._ctype_
                0x0000000008008e72      0x101 c:/st/stm32cubeide_1.3.0/stm32cubeide/plugins/com.st.stm32cube.ide.mcu.externaltools.gnu-tools-for-stm32.7-2018-q2-update.win32_1.0.0.201904181610/tools/bin/../lib/gcc/arm-none-eabi/7.3.1/../../../../arm-none-eabi/lib/thumb/v7-m\libc_nano.a(lib_a-ctype_.o)
                0x0000000008008e72                _ctype_
                0x0000000008008f74                . = ALIGN (0x4)
 *fill*         0x0000000008008f73        0x1 

.rel.dyn        0x0000000008008f74        0x0
 .rel.iplt      0x0000000008008f74        0x0 c:/st/stm32cubeide_1.3.0/stm32cubeide/plugins/com.st.stm32cube.ide.mcu.externaltools.gnu-tools-for-stm32.7-2018-q2-update.win32_1.0.0.201904181610/tools/bin/../lib/gcc/arm-none-eabi/7.3.1/thumb/v7-m/crtbegin.o

.ARM.extab      0x0000000008008f74        0x0
                0x0000000008008f74                . = ALIGN (0x4)
 *(.ARM.extab* .gnu.linkonce.armextab.*)
                0x0000000008008f74                . = ALIGN (0x4)

.ARM            0x0000000008008f74        0x0
                0x0000000008008f74                . = ALIGN (0x4)
                0x0000000008008f74                __exidx_start = .
 *(.ARM.exidx*)
                0x0000000008008f74                __exidx_end = .
                0x0000000008008f74                . = ALIGN (0x4)

.preinit_array  0x0000000008008f74        0x0
                0x0000000008008f74                . = ALIGN (0x4)
                0x0000000008008f74                PROVIDE (__preinit_array_start = .)
 *(.preinit_array*)
                0x0000000008008f74                PROVIDE (__preinit_array_end = .)
                0x0000000008008f74                . = ALIGN (0x4)

.init_array     0x0000000008008f74        0x4
                0x0000000008008f74                . = ALIGN (0x4)
                0x0000000008008f74                PROVIDE (__init_array_start = .)
 *(SORT_BY_NAME(.init_array.*))
 *(.init_array*)
 .init_array    0x0000000008008f74        0x4 c:/st/stm32cubeide_1.3.0/stm32cubeide/plugins/com.st.stm32cube.ide.mcu.externaltools.gnu-tools-for-stm32.7-2018-q2-update.win32_1.0.0.201904181610/tools/bin/../lib/gcc/arm-none-eabi/7.3.1/thumb/v7-m/crtbegin.o
                0x0000000008008f78                PROVIDE (__init_array_end = .)
                0x0000000008008f78                . = ALIGN (0x4)

.fini_array     0x0000000008008f78        0x4
                0x0000000008008f78                . = ALIGN (0x4)
                [!provide]                        PROVIDE (__fini_array_start = .)
 *(SORT_BY_NAME(.fini_array.*))
 *(.fini_array*)
 .fini_array    0x0000000008008f78        0x4 c:/st/stm32cubeide_1.3.0/stm32cubeide/plugins/com.st.stm32cube.ide.mcu.externaltools.gnu-tools-for-stm32.7-2018-q2-update.win32_1.0.0.201904181610/tools/bin/../lib/gcc/arm-none-eabi/7.3.1/thumb/v7-m/crtbegin.o
                [!provide]                        PROVIDE (__fini_array_end = .)
                0x0000000008008f7c                . = ALIGN (0x4)
                0x0000000008008f7c                _sidata = LOADADDR (.data)

.data           0x0000000020000000      0x594 load address 0x0000000008008f7c
                0x0000000020000000                . = ALIGN (0x4)
                0x0000000020000000                _sdata = .
 *(.data)
 *(.data*)
 .data.SystemCoreClock
                0x0000000020000000        0x4 Core/Src/system_stm32f1xx.o
                0x0000000020000000                SystemCoreClock
 .data.rf24_mac_frame_subtype_string_short
                0x0000000020000004       0x24 Core/Src/rf24/rf24_debug.o
 .data.rf24_debug_source_string
                0x0000000020000028       0x18 Core/Src/rf24/rf24_debug.o
 .data.rf24_debug_msg_type_string
                0x0000000020000040       0x1c Core/Src/rf24/rf24_debug.o
 .data.rf24_debug_enabled
                0x000000002000005c        0x1 Core/Src/rf24/rf24_debug.o
                0x000000002000005c                rf24_debug_enabled
 *fill*         0x000000002000005d        0x3 
 .data.rf24_module_attributes
                0x0000000020000060       0xf8 Core/Src/rf24/rf24_module/rf24_module.o
                0x0000000020000060                rf24_module_attributes
 .data.prim_rx  0x0000000020000158        0x6 Core/Src/rf24/rf24_module/rf24_module.o
                0x0000000020000158                prim_rx
 *fill*         0x000000002000015e        0x2 
 .data.pwr_up   0x0000000020000160        0x6 Core/Src/rf24/rf24_module/rf24_module.o
                0x0000000020000160                pwr_up
 *fill*         0x0000000020000166        0x2 
 .data.crc0     0x0000000020000168        0x6 Core/Src/rf24/rf24_module/rf24_module.o
                0x0000000020000168                crc0
 *fill*         0x000000002000016e        0x2 
 .data.en_crc   0x0000000020000170        0x6 Core/Src/rf24/rf24_module/rf24_module.o
                0x0000000020000170                en_crc
 *fill*         0x0000000020000176        0x2 
 .data.mask_max_rt
                0x0000000020000178        0x6 Core/Src/rf24/rf24_module/rf24_module.o
                0x0000000020000178                mask_max_rt
 *fill*         0x000000002000017e        0x2 
 .data.mask_tx_ds
                0x0000000020000180        0x6 Core/Src/rf24/rf24_module/rf24_module.o
                0x0000000020000180                mask_tx_ds
 *fill*         0x0000000020000186        0x2 
 .data.mask_rx_dr
                0x0000000020000188        0x6 Core/Src/rf24/rf24_module/rf24_module.o
                0x0000000020000188                mask_rx_dr
 *fill*         0x000000002000018e        0x2 
 .data.enaa_p0  0x0000000020000190        0x6 Core/Src/rf24/rf24_module/rf24_module.o
                0x0000000020000190                enaa_p0
 *fill*         0x0000000020000196        0x2 
 .data.enaa_p1  0x0000000020000198        0x6 Core/Src/rf24/rf24_module/rf24_module.o
                0x0000000020000198                enaa_p1
 *fill*         0x000000002000019e        0x2 
 .data.enaa_p2  0x00000000200001a0        0x6 Core/Src/rf24/rf24_module/rf24_module.o
                0x00000000200001a0                enaa_p2
 *fill*         0x00000000200001a6        0x2 
 .data.enaa_p3  0x00000000200001a8        0x6 Core/Src/rf24/rf24_module/rf24_module.o
                0x00000000200001a8                enaa_p3
 *fill*         0x00000000200001ae        0x2 
 .data.enaa_p4  0x00000000200001b0        0x6 Core/Src/rf24/rf24_module/rf24_module.o
                0x00000000200001b0                enaa_p4
 *fill*         0x00000000200001b6        0x2 
 .data.enaa_p5  0x00000000200001b8        0x6 Core/Src/rf24/rf24_module/rf24_module.o
                0x00000000200001b8                enaa_p5
 *fill*         0x00000000200001be        0x2 
 .data.erx_p0   0x00000000200001c0        0x6 Core/Src/rf24/rf24_module/rf24_module.o
                0x00000000200001c0                erx_p0
 *fill*         0x00000000200001c6        0x2 
 .data.erx_p1   0x00000000200001c8        0x6 Core/Src/rf24/rf24_module/rf24_module.o
                0x00000000200001c8                erx_p1
 *fill*         0x00000000200001ce        0x2 
 .data.erx_p2   0x00000000200001d0        0x6 Core/Src/rf24/rf24_module/rf24_module.o
                0x00000000200001d0                erx_p2
 *fill*         0x00000000200001d6        0x2 
 .data.erx_p3   0x00000000200001d8        0x6 Core/Src/rf24/rf24_module/rf24_module.o
                0x00000000200001d8                erx_p3
 *fill*         0x00000000200001de        0x2 
 .data.erx_p4   0x00000000200001e0        0x6 Core/Src/rf24/rf24_module/rf24_module.o
                0x00000000200001e0                erx_p4
 *fill*         0x00000000200001e6        0x2 
 .data.erx_p5   0x00000000200001e8        0x6 Core/Src/rf24/rf24_module/rf24_module.o
                0x00000000200001e8                erx_p5
 *fill*         0x00000000200001ee        0x2 
 .data.aw       0x00000000200001f0        0x6 Core/Src/rf24/rf24_module/rf24_module.o
                0x00000000200001f0                aw
 *fill*         0x00000000200001f6        0x2 
 .data.arc      0x00000000200001f8        0x6 Core/Src/rf24/rf24_module/rf24_module.o
                0x00000000200001f8                arc
 *fill*         0x00000000200001fe        0x2 
 .data.ard      0x0000000020000200        0x6 Core/Src/rf24/rf24_module/rf24_module.o
                0x0000000020000200                ard
 *fill*         0x0000000020000206        0x2 
 .data.rf_ch    0x0000000020000208        0x6 Core/Src/rf24/rf24_module/rf24_module.o
                0x0000000020000208                rf_ch
 *fill*         0x000000002000020e        0x2 
 .data.rf_pwr   0x0000000020000210        0x6 Core/Src/rf24/rf24_module/rf24_module.o
                0x0000000020000210                rf_pwr
 *fill*         0x0000000020000216        0x2 
 .data.rf_dr_high
                0x0000000020000218        0x6 Core/Src/rf24/rf24_module/rf24_module.o
                0x0000000020000218                rf_dr_high
 *fill*         0x000000002000021e        0x2 
 .data.pll_lock
                0x0000000020000220        0x6 Core/Src/rf24/rf24_module/rf24_module.o
                0x0000000020000220                pll_lock
 *fill*         0x0000000020000226        0x2 
 .data.rf_dr_low
                0x0000000020000228        0x6 Core/Src/rf24/rf24_module/rf24_module.o
                0x0000000020000228                rf_dr_low
 *fill*         0x000000002000022e        0x2 
 .data.cont_wave
                0x0000000020000230        0x6 Core/Src/rf24/rf24_module/rf24_module.o
                0x0000000020000230                cont_wave
 *fill*         0x0000000020000236        0x2 
 .data.tx_full  0x0000000020000238        0x6 Core/Src/rf24/rf24_module/rf24_module.o
                0x0000000020000238                tx_full
 *fill*         0x000000002000023e        0x2 
 .data.rx_p_no  0x0000000020000240        0x6 Core/Src/rf24/rf24_module/rf24_module.o
                0x0000000020000240                rx_p_no
 *fill*         0x0000000020000246        0x2 
 .data.max_rt   0x0000000020000248        0x6 Core/Src/rf24/rf24_module/rf24_module.o
                0x0000000020000248                max_rt
 *fill*         0x000000002000024e        0x2 
 .data.tx_ds    0x0000000020000250        0x6 Core/Src/rf24/rf24_module/rf24_module.o
                0x0000000020000250                tx_ds
 *fill*         0x0000000020000256        0x2 
 .data.rx_dr    0x0000000020000258        0x6 Core/Src/rf24/rf24_module/rf24_module.o
                0x0000000020000258                rx_dr
 *fill*         0x000000002000025e        0x2 
 .data.arc_cnt  0x0000000020000260        0x6 Core/Src/rf24/rf24_module/rf24_module.o
                0x0000000020000260                arc_cnt
 *fill*         0x0000000020000266        0x2 
 .data.plos_cnt
                0x0000000020000268        0x6 Core/Src/rf24/rf24_module/rf24_module.o
                0x0000000020000268                plos_cnt
 *fill*         0x000000002000026e        0x2 
 .data.rpd      0x0000000020000270        0x6 Core/Src/rf24/rf24_module/rf24_module.o
                0x0000000020000270                rpd
 *fill*         0x0000000020000276        0x2 
 .data.rx_addr_p0
                0x0000000020000278        0x6 Core/Src/rf24/rf24_module/rf24_module.o
                0x0000000020000278                rx_addr_p0
 *fill*         0x000000002000027e        0x2 
 .data.rx_addr_p1
                0x0000000020000280        0x6 Core/Src/rf24/rf24_module/rf24_module.o
                0x0000000020000280                rx_addr_p1
 *fill*         0x0000000020000286        0x2 
 .data.rx_addr_p3
                0x0000000020000288        0x6 Core/Src/rf24/rf24_module/rf24_module.o
                0x0000000020000288                rx_addr_p3
 *fill*         0x000000002000028e        0x2 
 .data.rx_addr_p4
                0x0000000020000290        0x6 Core/Src/rf24/rf24_module/rf24_module.o
                0x0000000020000290                rx_addr_p4
 *fill*         0x0000000020000296        0x2 
 .data.rx_addr_p5
                0x0000000020000298        0x6 Core/Src/rf24/rf24_module/rf24_module.o
                0x0000000020000298                rx_addr_p5
 *fill*         0x000000002000029e        0x2 
 .data.tx_addr  0x00000000200002a0        0x6 Core/Src/rf24/rf24_module/rf24_module.o
                0x00000000200002a0                tx_addr
 *fill*         0x00000000200002a6        0x2 
 .data.rx_pw_p0
                0x00000000200002a8        0x6 Core/Src/rf24/rf24_module/rf24_module.o
                0x00000000200002a8                rx_pw_p0
 *fill*         0x00000000200002ae        0x2 
 .data.rx_pw_p1
                0x00000000200002b0        0x6 Core/Src/rf24/rf24_module/rf24_module.o
                0x00000000200002b0                rx_pw_p1
 *fill*         0x00000000200002b6        0x2 
 .data.rx_pw_p2
                0x00000000200002b8        0x6 Core/Src/rf24/rf24_module/rf24_module.o
                0x00000000200002b8                rx_pw_p2
 *fill*         0x00000000200002be        0x2 
 .data.rx_pw_p3
                0x00000000200002c0        0x6 Core/Src/rf24/rf24_module/rf24_module.o
                0x00000000200002c0                rx_pw_p3
 *fill*         0x00000000200002c6        0x2 
 .data.rx_pw_p4
                0x00000000200002c8        0x6 Core/Src/rf24/rf24_module/rf24_module.o
                0x00000000200002c8                rx_pw_p4
 *fill*         0x00000000200002ce        0x2 
 .data.rx_pw_p5
                0x00000000200002d0        0x6 Core/Src/rf24/rf24_module/rf24_module.o
                0x00000000200002d0                rx_pw_p5
 *fill*         0x00000000200002d6        0x2 
 .data.rx_empty
                0x00000000200002d8        0x6 Core/Src/rf24/rf24_module/rf24_module.o
                0x00000000200002d8                rx_empty
 *fill*         0x00000000200002de        0x2 
 .data.rx_full  0x00000000200002e0        0x6 Core/Src/rf24/rf24_module/rf24_module.o
                0x00000000200002e0                rx_full
 *fill*         0x00000000200002e6        0x2 
 .data.tx_reuse
                0x00000000200002e8        0x6 Core/Src/rf24/rf24_module/rf24_module.o
                0x00000000200002e8                tx_reuse
 *fill*         0x00000000200002ee        0x2 
 .data.dpl_p0   0x00000000200002f0        0x6 Core/Src/rf24/rf24_module/rf24_module.o
                0x00000000200002f0                dpl_p0
 *fill*         0x00000000200002f6        0x2 
 .data.dpl_p1   0x00000000200002f8        0x6 Core/Src/rf24/rf24_module/rf24_module.o
                0x00000000200002f8                dpl_p1
 *fill*         0x00000000200002fe        0x2 
 .data.dpl_p2   0x0000000020000300        0x6 Core/Src/rf24/rf24_module/rf24_module.o
                0x0000000020000300                dpl_p2
 *fill*         0x0000000020000306        0x2 
 .data.dpl_p3   0x0000000020000308        0x6 Core/Src/rf24/rf24_module/rf24_module.o
                0x0000000020000308                dpl_p3
 *fill*         0x000000002000030e        0x2 
 .data.dpl_p4   0x0000000020000310        0x6 Core/Src/rf24/rf24_module/rf24_module.o
                0x0000000020000310                dpl_p4
 *fill*         0x0000000020000316        0x2 
 .data.dpl_p5   0x0000000020000318        0x6 Core/Src/rf24/rf24_module/rf24_module.o
                0x0000000020000318                dpl_p5
 *fill*         0x000000002000031e        0x2 
 .data.en_dyn_ack
                0x0000000020000320        0x6 Core/Src/rf24/rf24_module/rf24_module.o
                0x0000000020000320                en_dyn_ack
 *fill*         0x0000000020000326        0x2 
 .data.en_ack_pay
                0x0000000020000328        0x6 Core/Src/rf24/rf24_module/rf24_module.o
                0x0000000020000328                en_ack_pay
 *fill*         0x000000002000032e        0x2 
 .data.en_dpl   0x0000000020000330        0x6 Core/Src/rf24/rf24_module/rf24_module.o
                0x0000000020000330                en_dpl
 *fill*         0x0000000020000336        0x2 
 .data.mac_addr_broadcast
                0x0000000020000338        0x6 Core/Src/rf24/rf24_network/rf24_mac.o
                0x0000000020000338                mac_addr_broadcast
 *fill*         0x000000002000033e        0x2 
 .data.rf24_neighbor_states_string
                0x0000000020000340       0x10 Core/Src/rf24/rf24_network/rf24_network.o
 .data.rf24_neighbor_relation_string
                0x0000000020000350        0xc Core/Src/rf24/rf24_network/rf24_network.o
 .data.rf24_module_register_names
                0x000000002000035c       0x68 Core/Src/rf24/rf24_urci/rf24_urci.o
 .data._impure_ptr
                0x00000000200003c4        0x4 c:/st/stm32cubeide_1.3.0/stm32cubeide/plugins/com.st.stm32cube.ide.mcu.externaltools.gnu-tools-for-stm32.7-2018-q2-update.win32_1.0.0.201904181610/tools/bin/../lib/gcc/arm-none-eabi/7.3.1/../../../../arm-none-eabi/lib/thumb/v7-m\libc_nano.a(lib_a-impure.o)
                0x00000000200003c4                _impure_ptr
 .data.impure_data
                0x00000000200003c8       0x60 c:/st/stm32cubeide_1.3.0/stm32cubeide/plugins/com.st.stm32cube.ide.mcu.externaltools.gnu-tools-for-stm32.7-2018-q2-update.win32_1.0.0.201904181610/tools/bin/../lib/gcc/arm-none-eabi/7.3.1/../../../../arm-none-eabi/lib/thumb/v7-m\libc_nano.a(lib_a-impure.o)
 .data.__global_locale
                0x0000000020000428      0x16c c:/st/stm32cubeide_1.3.0/stm32cubeide/plugins/com.st.stm32cube.ide.mcu.externaltools.gnu-tools-for-stm32.7-2018-q2-update.win32_1.0.0.201904181610/tools/bin/../lib/gcc/arm-none-eabi/7.3.1/../../../../arm-none-eabi/lib/thumb/v7-m\libc_nano.a(lib_a-locale.o)
                0x0000000020000428                __global_locale
                0x0000000020000594                . = ALIGN (0x4)
                0x0000000020000594                _edata = .

.igot.plt       0x0000000020000594        0x0 load address 0x0000000008009510
 .igot.plt      0x0000000020000594        0x0 c:/st/stm32cubeide_1.3.0/stm32cubeide/plugins/com.st.stm32cube.ide.mcu.externaltools.gnu-tools-for-stm32.7-2018-q2-update.win32_1.0.0.201904181610/tools/bin/../lib/gcc/arm-none-eabi/7.3.1/thumb/v7-m/crtbegin.o
                0x0000000020000594                . = ALIGN (0x4)

.bss            0x0000000020000594      0x33c load address 0x0000000008009510
                0x0000000020000594                _sbss = .
                0x0000000020000594                __bss_start__ = _sbss
 *(.bss)
 .bss           0x0000000020000594       0x1c c:/st/stm32cubeide_1.3.0/stm32cubeide/plugins/com.st.stm32cube.ide.mcu.externaltools.gnu-tools-for-stm32.7-2018-q2-update.win32_1.0.0.201904181610/tools/bin/../lib/gcc/arm-none-eabi/7.3.1/thumb/v7-m/crtbegin.o
 *(.bss*)
 .bss.rf24_module_state
                0x00000000200005b0        0x1 Core/Src/rf24/rf24_module/rf24_module.o
                0x00000000200005b0                rf24_module_state
 *fill*         0x00000000200005b1        0x3 
 .bss.csma_ca_flags
                0x00000000200005b4        0x4 Core/Src/rf24/rf24_network/rf24_csma_ca.o
                0x00000000200005b4                csma_ca_flags
 .bss.controller
                0x00000000200005b8        0x1 Core/Src/rf24/rf24_network/rf24_network.o
                0x00000000200005b8                controller
 .bss.topology_cycle_id
                0x00000000200005b9        0x1 Core/Src/rf24/rf24_network/rf24_network.o
                0x00000000200005b9                topology_cycle_id
 *fill*         0x00000000200005ba        0x2 
 .bss.neighbors
                0x00000000200005bc        0x4 Core/Src/rf24/rf24_network/rf24_network.o
                0x00000000200005bc                neighbors
 .bss.topology  0x00000000200005c0        0x4 Core/Src/rf24/rf24_network/rf24_network.o
                0x00000000200005c0                topology
 .bss.neighbors_length
                0x00000000200005c4        0x1 Core/Src/rf24/rf24_network/rf24_network.o
                0x00000000200005c4                neighbors_length
 .bss.topology_length
                0x00000000200005c5        0x1 Core/Src/rf24/rf24_network/rf24_network.o
                0x00000000200005c5                topology_length
 .bss.topology_neighbors_length
                0x00000000200005c6        0x1 Core/Src/rf24/rf24_network/rf24_network.o
                0x00000000200005c6                topology_neighbors_length
 .bss.hops_to_controller
                0x00000000200005c7        0x1 Core/Src/rf24/rf24_network/rf24_network.o
                0x00000000200005c7                hops_to_controller
 .bss.network_flags
                0x00000000200005c8        0x4 Core/Src/rf24/rf24_network/rf24_network.o
                0x00000000200005c8                network_flags
 .bss.rf24_timers
                0x00000000200005cc        0x4 Core/Src/rf24/rf24_network/rf24_worker.o
                0x00000000200005cc                rf24_timers
 .bss.rf24_tasks
                0x00000000200005d0        0x4 Core/Src/rf24/rf24_network/rf24_worker.o
                0x00000000200005d0                rf24_tasks
 .bss.led_pin_state
                0x00000000200005d4        0x1 Core/Src/rf24/rf24_stm32f1xx/rf24_stm32f1xx.o
                0x00000000200005d4                led_pin_state
 *fill*         0x00000000200005d5        0x3 
 .bss.uart_buffer
                0x00000000200005d8       0x12 Core/Src/rf24/rf24_stm32f1xx/rf24_stm32f1xx_uart.o
                0x00000000200005d8                uart_buffer
 *fill*         0x00000000200005ea        0x2 
 .bss.flags     0x00000000200005ec        0x1 Core/Src/rf24/rf24_urci/rf24_urci.o
 .bss.counter   0x00000000200005ed        0x1 Core/Src/rf24/rf24_urci/rf24_urci.o
 .bss.attribute_pos
                0x00000000200005ee        0x1 Core/Src/rf24/rf24_urci/rf24_urci.o
 *fill*         0x00000000200005ef        0x1 
 .bss.__malloc_free_list
                0x00000000200005f0        0x4 c:/st/stm32cubeide_1.3.0/stm32cubeide/plugins/com.st.stm32cube.ide.mcu.externaltools.gnu-tools-for-stm32.7-2018-q2-update.win32_1.0.0.201904181610/tools/bin/../lib/gcc/arm-none-eabi/7.3.1/../../../../arm-none-eabi/lib/thumb/v7-m\libc_nano.a(lib_a-nano-mallocr.o)
                0x00000000200005f0                __malloc_free_list
 .bss.__malloc_sbrk_start
                0x00000000200005f4        0x4 c:/st/stm32cubeide_1.3.0/stm32cubeide/plugins/com.st.stm32cube.ide.mcu.externaltools.gnu-tools-for-stm32.7-2018-q2-update.win32_1.0.0.201904181610/tools/bin/../lib/gcc/arm-none-eabi/7.3.1/../../../../arm-none-eabi/lib/thumb/v7-m\libc_nano.a(lib_a-nano-mallocr.o)
                0x00000000200005f4                __malloc_sbrk_start
 .bss.heap_end.4102
                0x00000000200005f8        0x4 c:/st/stm32cubeide_1.3.0/stm32cubeide/plugins/com.st.stm32cube.ide.mcu.externaltools.gnu-tools-for-stm32.7-2018-q2-update.win32_1.0.0.201904181610/tools/bin/../lib/gcc/arm-none-eabi/7.3.1/../../../../arm-none-eabi/lib/thumb/v7-m\libnosys.a(sbrk.o)
 *(COMMON)
 COMMON         0x00000000200005fc       0x60 Core/Src/main.o
                0x00000000200005fc                tx_data_transmitted_notify_fct_ptr
                0x0000000020000600                value_in
                0x000000002000060c                rx_data
                0x0000000020000630                rx_data_received_notify_fct_ptr
                0x0000000020000634                rf24_stm32f1xx_uuid_md5hashed
                0x0000000020000644                value_out
                0x0000000020000650                rf24_stm32f1xx_uuid
 COMMON         0x000000002000065c      0x110 Core/Src/rf24/rf24_debug.o
                0x000000002000065c                rf24_debug_msg_type_enable
                0x0000000020000664                converter_buffer
                0x00000000200006e4                rf24_debug_source_enable
                0x00000000200006ec                debug_buffer
 COMMON         0x000000002000076c        0x3 Core/Src/rf24/rf24_module/rf24_module.o
                0x000000002000076c                rf24_module_flags
 *fill*         0x000000002000076f        0x1 
 COMMON         0x0000000020000770       0x18 Core/Src/rf24/rf24_network/rf24_csma_ca.o
                0x0000000020000770                csma_ca_order
                0x0000000020000784                csma_ca_fct_ptr_rts_received
 COMMON         0x0000000020000788       0x40 Core/Src/rf24/rf24_network/rf24_mac.o
                0x0000000020000788                mac_addr
                0x0000000020000790                mac_transmission
 COMMON         0x00000000200007c8       0x14 Core/Src/rf24/rf24_network/rf24_network.o
                0x00000000200007c8                predecessor_linkstate
                0x00000000200007cc                topology_predecessor
                0x00000000200007d4                neighbor_collection