Archive member included to satisfy reference by file (symbol)

c:/st/stm32cubeide_1.3.0/stm32cubeide/plugins/com.st.stm32cube.ide.mcu.externaltools.gnu-tools-for-stm32.7-2018-q2-update.win32_1.0.0.201904181610/tools/bin/../lib/gcc/arm-none-eabi/7.3.1/../../../../arm-none-eabi/lib/thumb/v7-m\libc_nano.a(lib_a-atoi.o)
                              Core/Src/rf24/rf24_debug.o (atoi)
c:/st/stm32cubeide_1.3.0/stm32cubeide/plugins/com.st.stm32cube.ide.mcu.externaltools.gnu-tools-for-stm32.7-2018-q2-update.win32_1.0.0.201904181610/tools/bin/../lib/gcc/arm-none-eabi/7.3.1/../../../../arm-none-eabi/lib/thumb/v7-m\libc_nano.a(lib_a-exit.o)
                              c:/st/stm32cubeide_1.3.0/stm32cubeide/plugins/com.st.stm32cube.ide.mcu.externaltools.gnu-tools-for-stm32.7-2018-q2-update.win32_1.0.0.201904181610/tools/bin/../lib/gcc/arm-none-eabi/7.3.1/../../../../arm-none-eabi/lib/thumb/v7-m/crt0.o (exit)
c:/st/stm32cubeide_1.3.0/stm32cubeide/plugins/com.st.stm32cube.ide.mcu.externaltools.gnu-tools-for-stm32.7-2018-q2-update.win32_1.0.0.201904181610/tools/bin/../lib/gcc/arm-none-eabi/7.3.1/../../../../arm-none-eabi/lib/thumb/v7-m\libc_nano.a(lib_a-impure.o)
                              c:/st/stm32cubeide_1.3.0/stm32cubeide/plugins/com.st.stm32cube.ide.mcu.externaltools.gnu-tools-for-stm32.7-2018-q2-update.win32_1.0.0.201904181610/tools/bin/../lib/gcc/arm-none-eabi/7.3.1/../../../../arm-none-eabi/lib/thumb/v7-m\libc_nano.a(lib_a-exit.o) (_global_impure_ptr)
c:/st/stm32cubeide_1.3.0/stm32cubeide/plugins/com.st.stm32cube.ide.mcu.externaltools.gnu-tools-for-stm32.7-2018-q2-update.win32_1.0.0.201904181610/tools/bin/../lib/gcc/arm-none-eabi/7.3.1/../../../../arm-none-eabi/lib/thumb/v7-m\libc_nano.a(lib_a-init.o)
                              c:/st/stm32cubeide_1.3.0/stm32cubeide/plugins/com.st.stm32cube.ide.mcu.externaltools.gnu-tools-for-stm32.7-2018-q2-update.win32_1.0.0.201904181610/tools/bin/../lib/gcc/arm-none-eabi/7.3.1/../../../../arm-none-eabi/lib/thumb/v7-m/crt0.o (__libc_init_array)
c:/st/stm32cubeide_1.3.0/stm32cubeide/plugins/com.st.stm32cube.ide.mcu.externaltools.gnu-tools-for-stm32.7-2018-q2-update.win32_1.0.0.201904181610/tools/bin/../lib/gcc/arm-none-eabi/7.3.1/../../../../arm-none-eabi/lib/thumb/v7-m\libc_nano.a(lib_a-itoa.o)
                              Core/Src/rf24/rf24_debug.o (itoa)
c:/st/stm32cubeide_1.3.0/stm32cubeide/plugins/com.st.stm32cube.ide.mcu.externaltools.gnu-tools-for-stm32.7-2018-q2-update.win32_1.0.0.201904181610/tools/bin/../lib/gcc/arm-none-eabi/7.3.1/../../../../arm-none-eabi/lib/thumb/v7-m\libc_nano.a(lib_a-malloc.o)
                              Core/Src/rf24/rf24_debug.o (malloc)
c:/st/stm32cubeide_1.3.0/stm32cubeide/plugins/com.st.stm32cube.ide.mcu.externaltools.gnu-tools-for-stm32.7-2018-q2-update.win32_1.0.0.201904181610/tools/bin/../lib/gcc/arm-none-eabi/7.3.1/../../../../arm-none-eabi/lib/thumb/v7-m\libc_nano.a(lib_a-memcmp.o)
                              Core/Src/rf24/rf24_network/rf24_csma_ca.o (memcmp)
c:/st/stm32cubeide_1.3.0/stm32cubeide/plugins/com.st.stm32cube.ide.mcu.externaltools.gnu-tools-for-stm32.7-2018-q2-update.win32_1.0.0.201904181610/tools/bin/../lib/gcc/arm-none-eabi/7.3.1/../../../../arm-none-eabi/lib/thumb/v7-m\libc_nano.a(lib_a-memcpy-stub.o)
                              Core/Src/rf24/inc/stm32f10x_md5.o (memcpy)
c:/st/stm32cubeide_1.3.0/stm32cubeide/plugins/com.st.stm32cube.ide.mcu.externaltools.gnu-tools-for-stm32.7-2018-q2-update.win32_1.0.0.201904181610/tools/bin/../lib/gcc/arm-none-eabi/7.3.1/../../../../arm-none-eabi/lib/thumb/v7-m\libc_nano.a(lib_a-memset.o)
                              c:/st/stm32cubeide_1.3.0/stm32cubeide/plugins/com.st.stm32cube.ide.mcu.externaltools.gnu-tools-for-stm32.7-2018-q2-update.win32_1.0.0.201904181610/tools/bin/../lib/gcc/arm-none-eabi/7.3.1/../../../../arm-none-eabi/lib/thumb/v7-m/crt0.o (memset)
c:/st/stm32cubeide_1.3.0/stm32cubeide/plugins/com.st.stm32cube.ide.mcu.externaltools.gnu-tools-for-stm32.7-2018-q2-update.win32_1.0.0.201904181610/tools/bin/../lib/gcc/arm-none-eabi/7.3.1/../../../../arm-none-eabi/lib/thumb/v7-m\libc_nano.a(lib_a-nano-freer.o)
                              c:/st/stm32cubeide_1.3.0/stm32cubeide/plugins/com.st.stm32cube.ide.mcu.externaltools.gnu-tools-for-stm32.7-2018-q2-update.win32_1.0.0.201904181610/tools/bin/../lib/gcc/arm-none-eabi/7.3.1/../../../../arm-none-eabi/lib/thumb/v7-m\libc_nano.a(lib_a-malloc.o) (_free_r)
c:/st/stm32cubeide_1.3.0/stm32cubeide/plugins/com.st.stm32cube.ide.mcu.externaltools.gnu-tools-for-stm32.7-2018-q2-update.win32_1.0.0.201904181610/tools/bin/../lib/gcc/arm-none-eabi/7.3.1/../../../../arm-none-eabi/lib/thumb/v7-m\libc_nano.a(lib_a-nano-mallocr.o)
                              c:/st/stm32cubeide_1.3.0/stm32cubeide/plugins/com.st.stm32cube.ide.mcu.externaltools.gnu-tools-for-stm32.7-2018-q2-update.win32_1.0.0.201904181610/tools/bin/../lib/gcc/arm-none-eabi/7.3.1/../../../../arm-none-eabi/lib/thumb/v7-m\libc_nano.a(lib_a-malloc.o) (_malloc_r)
[...]
Memory Configuration

Name             Origin             Length             Attributes
RAM              0x0000000020000000 0x0000000000005000 xrw
FLASH            0x0000000008000000 0x0000000000010000 xr
*default*        0x0000000000000000 0xffffffffffffffff

Linker script and memory map

LOAD c:/st/stm32cubeide_1.3.0/stm32cubeide/plugins/com.st.stm32cube.ide.mcu.externaltools.gnu-tools-for-stm32.7-2018-q2-update.win32_1.0.0.201904181610/tools/bin/../lib/gcc/arm-none-eabi/7.3.1/thumb/v7-m/crti.o
LOAD c:/st/stm32cubeide_1.3.0/stm32cubeide/plugins/com.st.stm32cube.ide.mcu.externaltools.gnu-tools-for-stm32.7-2018-q2-update.win32_1.0.0.201904181610/tools/bin/../lib/gcc/arm-none-eabi/7.3.1/thumb/v7-m/crtbegin.o
LOAD c:/st/stm32cubeide_1.3.0/stm32cubeide/plugins/com.st.stm32cube.ide.mcu.externaltools.gnu-tools-for-stm32.7-2018-q2-update.win32_1.0.0.201904181610/tools/bin/../lib/gcc/arm-none-eabi/7.3.1/../../../../arm-none-eabi/lib/thumb/v7-m/crt0.o
LOAD Core/Src/main.o
LOAD Core/Src/system_stm32f1xx.o
LOAD Core/Src/rf24/inc/stm32f10x_md5.o
LOAD Core/Src/rf24/rf24.o
LOAD Core/Src/rf24/rf24_debug.o
LOAD Core/Src/rf24/rf24_module/rf24_module.o
LOAD Core/Src/rf24/rf24_network/rf24_csma_ca.o
LOAD Core/Src/rf24/rf24_network/rf24_mac.o
LOAD Core/Src/rf24/rf24_network/rf24_network.o
LOAD Core/Src/rf24/rf24_network/rf24_worker.o
LOAD Core/Src/rf24/rf24_stm32f1xx/rf24_stm32f1xx.o
LOAD Core/Src/rf24/rf24_stm32f1xx/rf24_stm32f1xx_spi.o
LOAD Core/Src/rf24/rf24_stm32f1xx/rf24_stm32f1xx_uart.o
LOAD Core/Src/rf24/rf24_urci/rf24_urci.o
LOAD Core/Startup/startup_stm32f103c8tx.o
START GROUP
LOAD c:/st/stm32cubeide_1.3.0/stm32cubeide/plugins/com.st.stm32cube.ide.mcu.externaltools.gnu-tools-for-stm32.7-2018-q2-update.win32_1.0.0.201904181610/tools/bin/../lib/gcc/arm-none-eabi/7.3.1/../../../../arm-none-eabi/lib/thumb/v7-m\libc_nano.a
LOAD c:/st/stm32cubeide_1.3.0/stm32cubeide/plugins/com.st.stm32cube.ide.mcu.externaltools.gnu-tools-for-stm32.7-2018-q2-update.win32_1.0.0.201904181610/tools/bin/../lib/gcc/arm-none-eabi/7.3.1/../../../../arm-none-eabi/lib/thumb/v7-m\libm.a
END GROUP
START GROUP
LOAD c:/st/stm32cubeide_1.3.0/stm32cubeide/plugins/com.st.stm32cube.ide.mcu.externaltools.gnu-tools-for-stm32.7-2018-q2-update.win32_1.0.0.201904181610/tools/bin/../lib/gcc/arm-none-eabi/7.3.1/thumb/v7-m\libgcc.a
LOAD c:/st/stm32cubeide_1.3.0/stm32cubeide/plugins/com.st.stm32cube.ide.mcu.externaltools.gnu-tools-for-stm32.7-2018-q2-update.win32_1.0.0.201904181610/tools/bin/../lib/gcc/arm-none-eabi/7.3.1/../../../../arm-none-eabi/lib/thumb/v7-m\libc_nano.a
END GROUP
START GROUP
LOAD c:/st/stm32cubeide_1.3.0/stm32cubeide/plugins/com.st.stm32cube.ide.mcu.externaltools.gnu-tools-for-stm32.7-2018-q2-update.win32_1.0.0.201904181610/tools/bin/../lib/gcc/arm-none-eabi/7.3.1/thumb/v7-m\libgcc.a
LOAD c:/st/stm32cubeide_1.3.0/stm32cubeide/plugins/com.st.stm32cube.ide.mcu.externaltools.gnu-tools-for-stm32.7-2018-q2-update.win32_1.0.0.201904181610/tools/bin/../lib/gcc/arm-none-eabi/7.3.1/../../../../arm-none-eabi/lib/thumb/v7-m\libc_nano.a
LOAD c:/st/stm32cubeide_1.3.0/stm32cubeide/plugins/com.st.stm32cube.ide.mcu.externaltools.gnu-tools-for-stm32.7-2018-q2-update.win32_1.0.0.201904181610/tools/bin/../lib/gcc/arm-none-eabi/7.3.1/../../../../arm-none-eabi/lib/thumb/v7-m\libnosys.a
END GROUP
START GROUP
LOAD c:/st/stm32cubeide_1.3.0/stm32cubeide/plugins/com.st.stm32cube.ide.mcu.externaltools.gnu-tools-for-stm32.7-2018-q2-update.win32_1.0.0.201904181610/tools/bin/../lib/gcc/arm-none-eabi/7.3.1/thumb/v7-m\libgcc.a
LOAD c:/st/stm32cubeide_1.3.0/stm32cubeide/plugins/com.st.stm32cube.ide.mcu.externaltools.gnu-tools-for-stm32.7-2018-q2-update.win32_1.0.0.201904181610/tools/bin/../lib/gcc/arm-none-eabi/7.3.1/../../../../arm-none-eabi/lib/thumb/v7-m\libc_nano.a
LOAD c:/st/stm32cubeide_1.3.0/stm32cubeide/plugins/com.st.stm32cube.ide.mcu.externaltools.gnu-tools-for-stm32.7-2018-q2-update.win32_1.0.0.201904181610/tools/bin/../lib/gcc/arm-none-eabi/7.3.1/../../../../arm-none-eabi/lib/thumb/v7-m\libnosys.a
END GROUP
LOAD c:/st/stm32cubeide_1.3.0/stm32cubeide/plugins/com.st.stm32cube.ide.mcu.externaltools.gnu-tools-for-stm32.7-2018-q2-update.win32_1.0.0.201904181610/tools/bin/../lib/gcc/arm-none-eabi/7.3.1/thumb/v7-m/crtend.o
LOAD c:/st/stm32cubeide_1.3.0/stm32cubeide/plugins/com.st.stm32cube.ide.mcu.externaltools.gnu-tools-for-stm32.7-2018-q2-update.win32_1.0.0.201904181610/tools/bin/../lib/gcc/arm-none-eabi/7.3.1/thumb/v7-m/crtn.o
                0x0000000020005000                _estack = (ORIGIN (RAM) + LENGTH (RAM))
                0x0000000000000200                _Min_Heap_Size = 0x200
                0x0000000000000400                _Min_Stack_Size = 0x400

.isr_vector     0x0000000008000000      0x10c
                0x0000000008000000                . = ALIGN (0x4)
 *(.isr_vector)
 .isr_vector    0x0000000008000000      0x10c Core/Startup/startup_stm32f103c8tx.o
                0x0000000008000000                g_pfnVectors
                0x000000000800010c                . = ALIGN (0x4)

.text           0x000000000800010c     0x77ac
                0x000000000800010c                . = ALIGN (0x4)
 *(.text)
 .text          0x000000000800010c       0x40 c:/st/stm32cubeide_1.3.0/stm32cubeide/plugins/com.st.stm32cube.ide.mcu.externaltools.gnu-tools-for-stm32.7-2018-q2-update.win32_1.0.0.201904181610/tools/bin/../lib/gcc/arm-none-eabi/7.3.1/thumb/v7-m/crtbegin.o
 .text          0x000000000800014c       0x14 c:/st/stm32cubeide_1.3.0/stm32cubeide/plugins/com.st.stm32cube.ide.mcu.externaltools.gnu-tools-for-stm32.7-2018-q2-update.win32_1.0.0.201904181610/tools/bin/../lib/gcc/arm-none-eabi/7.3.1/../../../../arm-none-eabi/lib/thumb/v7-m\libc_nano.a(lib_a-strcmp.o)
                0x000000000800014c                strcmp
 .text          0x0000000008000160       0x10 c:/st/stm32cubeide_1.3.0/stm32cubeide/plugins/com.st.stm32cube.ide.mcu.externaltools.gnu-tools-for-stm32.7-2018-q2-update.win32_1.0.0.201904181610/tools/bin/../lib/gcc/arm-none-eabi/7.3.1/../../../../arm-none-eabi/lib/thumb/v7-m\libc_nano.a(lib_a-strlen.o)
                0x0000000008000160                strlen
 *(.text*)
 .text.main     0x0000000008000170        0xa Core/Src/main.o
                0x0000000008000170                main
 *fill*         0x000000000800017a        0x2 
 .text.SystemInit
                0x000000000800017c       0x68 Core/Src/system_stm32f1xx.o
                0x000000000800017c                SystemInit
 .text.SystemCoreClockUpdate
                0x00000000080001e4       0xd8 Core/Src/system_stm32f1xx.o
                0x00000000080001e4                SystemCoreClockUpdate
 .text.Encode   0x00000000080002bc       0x92 Core/Src/rf24/inc/stm32f10x_md5.o
 .text.Decode   0x000000000800034e       0x78 Core/Src/rf24/inc/stm32f10x_md5.o
 *fill*         0x00000000080003c6        0x2 
 .text.MD5Transform
                0x00000000080003c8      0xc6c Core/Src/rf24/inc/stm32f10x_md5.o
 .text.MD5Init  0x0000000008001034       0x48 Core/Src/rf24/inc/stm32f10x_md5.o
                0x0000000008001034                MD5Init
 .text.MD5Update
                0x000000000800107c       0xce Core/Src/rf24/inc/stm32f10x_md5.o
                0x000000000800107c                MD5Update
 *fill*         0x000000000800114a        0x2 
 .text.MD5Final
                0x000000000800114c       0x80 Core/Src/rf24/inc/stm32f10x_md5.o
                0x000000000800114c                MD5Final
 .text.rf24_init
                0x00000000080011cc        0xc Core/Src/rf24/rf24.o
                0x00000000080011cc                rf24_init
 .text.rf24_debug_enable
                0x00000000080011d8       0x18 Core/Src/rf24/rf24_debug.o
                0x00000000080011d8                rf24_debug_enable
 .text.rf24_debug_disable
                0x00000000080011f0       0x18 Core/Src/rf24/rf24_debug.o
                0x00000000080011f0                rf24_debug_disable
 .text.rf24_debug
                0x0000000008001208      0x160 Core/Src/rf24/rf24_debug.o
                0x0000000008001208                rf24_debug
 .text.rf24_printf
                0x0000000008001368       0x24 Core/Src/rf24/rf24_debug.o
                0x0000000008001368                rf24_printf
 .text.rf24_printf_vargs
                0x000000000800138c      0x1b8 Core/Src/rf24/rf24_debug.o
                0x000000000800138c                rf24_printf_vargs
 .text.decimal_to_string
                0x0000000008001544       0x7c Core/Src/rf24/rf24_debug.o
                0x0000000008001544                decimal_to_string
 .text.decimal_to_binary
                0x00000000080015c0       0x6c Core/Src/rf24/rf24_debug.o
                0x00000000080015c0                decimal_to_binary
 .text.rf24_module_read_register
                0x000000000800162c       0x34 Core/Src/rf24/rf24_module/rf24_module.o
                0x000000000800162c                rf24_module_read_register
 .text.rf24_module_write_register
                0x0000000008001660       0x42 Core/Src/rf24/rf24_module/rf24_module.o
                0x0000000008001660                rf24_module_write_register
 .text.rf24_module_readwrite_register
                0x00000000080016a2       0x84 Core/Src/rf24/rf24_module/rf24_module.o
                0x00000000080016a2                rf24_module_readwrite_register
 *fill*         0x0000000008001726        0x2 
 .text.rf24_module_write_attribute
                0x0000000008001728      0x104 Core/Src/rf24/rf24_module/rf24_module.o
                0x0000000008001728                rf24_module_write_attribute
 .text.rf24_module_read_attribute
                0x000000000800182c       0xbc Core/Src/rf24/rf24_module/rf24_module.o
                0x000000000800182c                rf24_module_read_attribute
 .text.rf24_module_value_w1
                0x00000000080018e8       0x20 Core/Src/rf24/rf24_module/rf24_module.o
                0x00000000080018e8                rf24_module_value_w1
 .text.rf24_module_value_w8
                0x0000000008001908       0x20 Core/Src/rf24/rf24_module/rf24_module.o
                0x0000000008001908                rf24_module_value_w8
 .text.rf24_module_value_w40
                0x0000000008001928       0x28 Core/Src/rf24/rf24_module/rf24_module.o
                0x0000000008001928                rf24_module_value_w40
 .text.rf24_module_set_ce
                0x0000000008001950       0x2a Core/Src/rf24/rf24_module/rf24_module.o
                0x0000000008001950                rf24_module_set_ce
 *fill*         0x000000000800197a        0x2 
 .text.rf24_module_set_prim_rx
                0x000000000800197c       0x50 Core/Src/rf24/rf24_module/rf24_module.o
                0x000000000800197c                rf24_module_set_prim_rx
 .text.rf24_module_power_up
                0x00000000080019cc       0x20 Core/Src/rf24/rf24_module/rf24_module.o
                0x00000000080019cc                rf24_module_power_up
 .text.rf24_module_enable_crc
                0x00000000080019ec       0x20 Core/Src/rf24/rf24_module/rf24_module.o
                0x00000000080019ec                rf24_module_enable_crc
 .text.rf24_module_disable_crc
                0x0000000008001a0c       0x20 Core/Src/rf24/rf24_module/rf24_module.o
                0x0000000008001a0c                rf24_module_disable_crc
 .text.rf24_module_crc_enabled
                0x0000000008001a2c       0x20 Core/Src/rf24/rf24_module/rf24_module.o
                0x0000000008001a2c                rf24_module_crc_enabled
 .text.rf24_module_set_crc_length
                0x0000000008001a4c       0x38 Core/Src/rf24/rf24_module/rf24_module.o
                0x0000000008001a4c                rf24_module_set_crc_length
 .text.rf24_module_get_crc_length
                0x0000000008001a84       0x20 Core/Src/rf24/rf24_module/rf24_module.o
                0x0000000008001a84                rf24_module_get_crc_length
 .text.rf24_module_enable_max_retries_interrupt
                0x0000000008001aa4       0x20 Core/Src/rf24/rf24_module/rf24_module.o
                0x0000000008001aa4                rf24_module_enable_max_retries_interrupt
 .text.rf24_module_enable_tx_data_sent_interrupt
                0x0000000008001ac4       0x20 Core/Src/rf24/rf24_module/rf24_module.o
                0x0000000008001ac4                rf24_module_enable_tx_data_sent_interrupt
 .text.rf24_module_enable_rx_data_read_interrupt
                0x0000000008001ae4       0x20 Core/Src/rf24/rf24_module/rf24_module.o
                0x0000000008001ae4                rf24_module_enable_rx_data_read_interrupt
 .text.rf24_module_enable_rx_pipe
                0x0000000008001b04       0x34 Core/Src/rf24/rf24_module/rf24_module.o
                0x0000000008001b04                rf24_module_enable_rx_pipe
 .text.rf24_module_set_address_width
                0x0000000008001b38       0x30 Core/Src/rf24/rf24_module/rf24_module.o
                0x0000000008001b38                rf24_module_set_address_width
 .text.rf24_module_get_address_width
                0x0000000008001b68       0x24 Core/Src/rf24/rf24_module/rf24_module.o
                0x0000000008001b68                rf24_module_get_address_width
 .text.rf24_module_set_autoretransmit_delay
                0x0000000008001b8c       0x2c Core/Src/rf24/rf24_module/rf24_module.o
                0x0000000008001b8c                rf24_module_set_autoretransmit_delay
 .text.rf24_module_get_autoretransmit_delay
                0x0000000008001bb8       0x20 Core/Src/rf24/rf24_module/rf24_module.o
                0x0000000008001bb8                rf24_module_get_autoretransmit_delay
 .text.rf24_module_set_autoretransmit_count
                0x0000000008001bd8       0x2c Core/Src/rf24/rf24_module/rf24_module.o
                0x0000000008001bd8                rf24_module_set_autoretransmit_count
 .text.rf24_module_get_autoretransmit_count
                0x0000000008001c04       0x20 Core/Src/rf24/rf24_module/rf24_module.o
                0x0000000008001c04                rf24_module_get_autoretransmit_count
 .text.rf24_module_set_rf_channel
                0x0000000008001c24       0x2c Core/Src/rf24/rf24_module/rf24_module.o
                0x0000000008001c24                rf24_module_set_rf_channel
 .text.rf24_module_get_rf_channel
                0x0000000008001c50       0x20 Core/Src/rf24/rf24_module/rf24_module.o
                0x0000000008001c50                rf24_module_get_rf_channel
 .text.rf24_module_set_rf_outputpower
                0x0000000008001c70       0x2c Core/Src/rf24/rf24_module/rf24_module.o
                0x0000000008001c70                rf24_module_set_rf_outputpower
 .text.rf24_module_get_rf_outputpower
                0x0000000008001c9c       0x20 Core/Src/rf24/rf24_module/rf24_module.o
                0x0000000008001c9c                rf24_module_get_rf_outputpower
 .text.rf24_module_set_datarate
                0x0000000008001cbc       0x74 Core/Src/rf24/rf24_module/rf24_module.o
                0x0000000008001cbc                rf24_module_set_datarate
 .text.rf24_module_get_datarate
                0x0000000008001d30       0x48 Core/Src/rf24/rf24_module/rf24_module.o
                0x0000000008001d30                rf24_module_get_datarate
 .text.rf24_module_get_rx_available_pipe
                0x0000000008001d78       0x20 Core/Src/rf24/rf24_module/rf24_module.o
                0x0000000008001d78                rf24_module_get_rx_available_pipe
 .text.rf24_module_max_retransmits
                0x0000000008001d98       0x20 Core/Src/rf24/rf24_module/rf24_module.o
                0x0000000008001d98                rf24_module_max_retransmits
 .text.rf24_module_package_transmitted
                0x0000000008001db8       0x20 Core/Src/rf24/rf24_module/rf24_module.o
                0x0000000008001db8                rf24_module_package_transmitted
 .text.rf24_module_rx_data_available
                0x0000000008001dd8       0x24 Core/Src/rf24/rf24_module/rf24_module.o
                0x0000000008001dd8                rf24_module_rx_data_available
 .text.rf24_module_clear_all_interrupts
                0x0000000008001dfc       0x28 Core/Src/rf24/rf24_module/rf24_module.o
                0x0000000008001dfc                rf24_module_clear_all_interrupts
 .text.rf24_module_set_rx_address_pipe0
                0x0000000008001e24       0x34 Core/Src/rf24/rf24_module/rf24_module.o
                0x0000000008001e24                rf24_module_set_rx_address_pipe0
 .text.rf24_module_set_tx_address
                0x0000000008001e58       0x34 Core/Src/rf24/rf24_module/rf24_module.o
                0x0000000008001e58                rf24_module_set_tx_address
 .text.rf24_module_get_tx_address
                0x0000000008001e8c       0x2c Core/Src/rf24/rf24_module/rf24_module.o
                0x0000000008001e8c                rf24_module_get_tx_address
 .text.rf24_module_set_payload_width_pipe
                0x0000000008001eb8       0xdc Core/Src/rf24/rf24_module/rf24_module.o
                0x0000000008001eb8                rf24_module_set_payload_width_pipe
 .text.rf24_module_flush_tx
                0x0000000008001f94       0x16 Core/Src/rf24/rf24_module/rf24_module.o
                0x0000000008001f94                rf24_module_flush_tx
 .text.rf24_module_flush_rx
                0x0000000008001faa       0x16 Core/Src/rf24/rf24_module/rf24_module.o
                0x0000000008001faa                rf24_module_flush_rx
 .text.rf24_module_collect_rx_data
                0x0000000008001fc0       0x32 Core/Src/rf24/rf24_module/rf24_module.o
                0x0000000008001fc0                rf24_module_collect_rx_data
 *fill*         0x0000000008001ff2        0x2 
 .text.rf24_module_goto_state
                0x0000000008001ff4      0x118 Core/Src/rf24/rf24_module/rf24_module.o
                0x0000000008001ff4                rf24_module_goto_state
 .text.rf24_module_init
                0x000000000800210c       0x58 Core/Src/rf24/rf24_module/rf24_module.o
                0x000000000800210c                rf24_module_init
 .text.rf24_module_disable_autoack
                0x0000000008002164       0x16 Core/Src/rf24/rf24_module/rf24_module.o
                0x0000000008002164                rf24_module_disable_autoack
 *fill*         0x000000000800217a        0x2 
 .text.rf24_module_config
                0x000000000800217c       0x94 Core/Src/rf24/rf24_module/rf24_module.o
                0x000000000800217c                rf24_module_config
 .text.rf24_module_transmit
                0x0000000008002210       0x74 Core/Src/rf24/rf24_module/rf24_module.o
                0x0000000008002210                rf24_module_transmit
 .text.rf24_module_attach_notify_data_received
                0x0000000008002284       0x1c Core/Src/rf24/rf24_module/rf24_module.o
                0x0000000008002284                rf24_module_attach_notify_data_received
 .text.rf24_module_attach_notify_data_transmitted
                0x00000000080022a0       0x1c Core/Src/rf24/rf24_module/rf24_module.o
                0x00000000080022a0                rf24_module_attach_notify_data_transmitted
 .text.rf24_module_irq_handler
                0x00000000080022bc       0x88 Core/Src/rf24/rf24_module/rf24_module.o
                0x00000000080022bc                rf24_module_irq_handler
 .text.rf24_csma_ca_frame_received_handler
                0x0000000008002344      0x248 Core/Src/rf24/rf24_network/rf24_csma_ca.o
                0x0000000008002344                rf24_csma_ca_frame_received_handler
 .text.rf24_csma_ca_wait_nav
                0x000000000800258c       0x78 Core/Src/rf24/rf24_network/rf24_csma_ca.o
                0x000000000800258c                rf24_csma_ca_wait_nav
 .text.rf24_cmsa_ca_init
                0x0000000008002604       0x20 Core/Src/rf24/rf24_network/rf24_csma_ca.o
                0x0000000008002604                rf24_cmsa_ca_init
 .text.rf24_csma_ca_reset
                0x0000000008002624       0x2c Core/Src/rf24/rf24_network/rf24_csma_ca.o
                0x0000000008002624                rf24_csma_ca_reset
 .text.rf24_csma_ca_send_rts
                0x0000000008002650       0xf8 Core/Src/rf24/rf24_network/rf24_csma_ca.o
                0x0000000008002650                rf24_csma_ca_send_rts
 .text.rf24_csma_ca_send_cts
                0x0000000008002748       0xe0 Core/Src/rf24/rf24_network/rf24_csma_ca.o
                0x0000000008002748                rf24_csma_ca_send_cts
 .text.rf24_csma_ca_nav_expired
                0x0000000008002828       0x2c Core/Src/rf24/rf24_network/rf24_csma_ca.o
                0x0000000008002828                rf24_csma_ca_nav_expired
 .text.rf24_csma_ca_random_backoff_expired
                0x0000000008002854       0x28 Core/Src/rf24/rf24_network/rf24_csma_ca.o
                0x0000000008002854                rf24_csma_ca_random_backoff_expired
 .text.rf24_csma_ca_cts_timeout
                0x000000000800287c       0x94 Core/Src/rf24/rf24_network/rf24_csma_ca.o
                0x000000000800287c                rf24_csma_ca_cts_timeout
 .text.rf24_csma_ca_compute_random_backoff
                0x0000000008002910       0x36 Core/Src/rf24/rf24_network/rf24_csma_ca.o
                0x0000000008002910                rf24_csma_ca_compute_random_backoff
 *fill*         0x0000000008002946        0x2 
 .text.rf24_csma_ca_access_medium
                0x0000000008002948       0xf0 Core/Src/rf24/rf24_network/rf24_csma_ca.o
                0x0000000008002948                rf24_csma_ca_access_medium
 .text.rf24_mac_get_blacklist
                0x0000000008002a38       0x14 Core/Src/rf24/rf24_network/rf24_mac.o
                0x0000000008002a38                rf24_mac_get_blacklist
 .text.rf24_mac_get_blacklist_length
                0x0000000008002a4c       0x14 Core/Src/rf24/rf24_network/rf24_mac.o
                0x0000000008002a4c                rf24_mac_get_blacklist_length
 .text.rf24_mac_blacklist_add
                0x0000000008002a60       0x64 Core/Src/rf24/rf24_network/rf24_mac.o
                0x0000000008002a60                rf24_mac_blacklist_add
 .text.rf24_mac_frame_received_handler
                0x0000000008002ac4      0x2c8 Core/Src/rf24/rf24_network/rf24_mac.o
                0x0000000008002ac4                rf24_mac_frame_received_handler
 .text.rf24_mac_reception_successfull
                0x0000000008002d8c       0x2c Core/Src/rf24/rf24_network/rf24_mac.o
                0x0000000008002d8c                rf24_mac_reception_successfull
 .text.rf24_mac_transmission_successfull
                0x0000000008002db8       0x28 Core/Src/rf24/rf24_network/rf24_mac.o
                0x0000000008002db8                rf24_mac_transmission_successfull
 .text.rf24_mac_ack_timeout
                0x0000000008002de0       0xe8 Core/Src/rf24/rf24_network/rf24_mac.o
                0x0000000008002de0                rf24_mac_ack_timeout
 .text.rf24_mac_init
                0x0000000008002ec8       0x40 Core/Src/rf24/rf24_network/rf24_mac.o
                0x0000000008002ec8                rf24_mac_init
 .text.rf24_mac_build_address
                0x0000000008002f08       0x3c Core/Src/rf24/rf24_network/rf24_mac.o
                0x0000000008002f08                rf24_mac_build_address
 .text.rf24_mac_addr_equal
                0x0000000008002f44       0x40 Core/Src/rf24/rf24_network/rf24_mac.o
                0x0000000008002f44                rf24_mac_addr_equal
 .text.rf24_mac_transmission_is_active
                0x0000000008002f84       0x2c Core/Src/rf24/rf24_network/rf24_mac.o
                0x0000000008002f84                rf24_mac_transmission_is_active
 .text.rf24_mac_set_transmission_state
                0x0000000008002fb0       0x40 Core/Src/rf24/rf24_network/rf24_mac.o
                0x0000000008002fb0                rf24_mac_set_transmission_state
 .text.rf24_mac_get_transmission
                0x0000000008002ff0       0x14 Core/Src/rf24/rf24_network/rf24_mac.o
                0x0000000008002ff0                rf24_mac_get_transmission
 .text.rf24_mac_get_address
                0x0000000008003004       0x14 Core/Src/rf24/rf24_network/rf24_mac.o
                0x0000000008003004                rf24_mac_get_address
 .text.rf24_mac_get_broadcast_address
                0x0000000008003018       0x14 Core/Src/rf24/rf24_network/rf24_mac.o
                0x0000000008003018                rf24_mac_get_broadcast_address
 .text.rf24_mac_frame_to_tx_data
                0x000000000800302c       0x26 Core/Src/rf24/rf24_network/rf24_mac.o
                0x000000000800302c                rf24_mac_frame_to_tx_data
 *fill*         0x0000000008003052        0x2 
 .text.rf24_mac_process_transmission
                0x0000000008003054       0xc0 Core/Src/rf24/rf24_network/rf24_mac.o
                0x0000000008003054                rf24_mac_process_transmission
 .text.rf24_mac_process_reception
                0x0000000008003114       0x64 Core/Src/rf24/rf24_network/rf24_mac.o
                0x0000000008003114                rf24_mac_process_reception
 .text.rf24_mac_send_mac_frame
                0x0000000008003178       0xe4 Core/Src/rf24/rf24_network/rf24_mac.o
                0x0000000008003178                rf24_mac_send_mac_frame
 .text.rf24_mac_send_ack
                0x000000000800325c       0xe8 Core/Src/rf24/rf24_network/rf24_mac.o
                0x000000000800325c                rf24_mac_send_ack
 .text.rf24_mac_payload_to_data_frame
                0x0000000008003344      0x158 Core/Src/rf24/rf24_network/rf24_mac.o
                0x0000000008003344                rf24_mac_payload_to_data_frame
 .text.rf24_mac_frame_to_payload
                0x000000000800349c       0x78 Core/Src/rf24/rf24_network/rf24_mac.o
                0x000000000800349c                rf24_mac_frame_to_payload
 .text.rf24_mac_setup_reception
                0x0000000008003514      0x108 Core/Src/rf24/rf24_network/rf24_mac.o
                0x0000000008003514                rf24_mac_setup_reception
 .text.rf24_mac_setup_transmission
                0x000000000800361c       0xf4 Core/Src/rf24/rf24_network/rf24_mac.o
                0x000000000800361c                rf24_mac_setup_transmission
 .text.rf24_mac_start_transmission
                0x0000000008003710       0xbc Core/Src/rf24/rf24_network/rf24_mac.o
                0x0000000008003710                rf24_mac_start_transmission
 .text.rf24_mac_transfer_frame
                0x00000000080037cc       0xa0 Core/Src/rf24/rf24_network/rf24_mac.o
                0x00000000080037cc                rf24_mac_transfer_frame
 .text.rf24_mac_transfer_data
                0x000000000800386c       0x40 Core/Src/rf24/rf24_network/rf24_mac.o
                0x000000000800386c                rf24_mac_transfer_data
 .text.rf24_mac_print_payload
                0x00000000080038ac       0x48 Core/Src/rf24/rf24_network/rf24_mac.o
                0x00000000080038ac                rf24_mac_print_payload
 .text.rf24_mac_print_frame
                0x00000000080038f4      0x10c Core/Src/rf24/rf24_network/rf24_mac.o
                0x00000000080038f4                rf24_mac_print_frame
 .text.rf24_mac_print_timings
                0x0000000008003a00      0x18c Core/Src/rf24/rf24_network/rf24_mac.o
                0x0000000008003a00                rf24_mac_print_timings
 .text.rf24_mac_print_transmission
                0x0000000008003b8c      0x1fc Core/Src/rf24/rf24_network/rf24_mac.o
                0x0000000008003b8c                rf24_mac_print_transmission
 .text.rf24_mac_ping_timeout_handler
                0x0000000008003d88       0x3c Core/Src/rf24/rf24_network/rf24_mac.o
                0x0000000008003d88                rf24_mac_ping_timeout_handler
 .text.rf24_mac_send_ping
                0x0000000008003dc4       0x8c Core/Src/rf24/rf24_network/rf24_mac.o
                0x0000000008003dc4                rf24_mac_send_ping
 .text.rf24_mac_start_ping
                0x0000000008003e50       0x7c Core/Src/rf24/rf24_network/rf24_mac.o
                0x0000000008003e50                rf24_mac_start_ping
 .text.rf24_mac_process_ping
                0x0000000008003ecc       0xb8 Core/Src/rf24/rf24_network/rf24_mac.o
                0x0000000008003ecc                rf24_mac_process_ping
 .text.rf24_network_transfer_trm
                0x0000000008003f84       0x80 Core/Src/rf24/rf24_network/rf24_network.o
                0x0000000008003f84                rf24_network_transfer_trm
 .text.rf24_network_mark_as_controller
                0x0000000008004004       0x30 Core/Src/rf24/rf24_network/rf24_network.o
                0x0000000008004004                rf24_network_mark_as_controller
 .text.rf24_network_mark_as_node
                0x0000000008004034       0x30 Core/Src/rf24/rf24_network/rf24_network.o
                0x0000000008004034                rf24_network_mark_as_node
 .text.rf24_network_get_topology
                0x0000000008004064       0x14 Core/Src/rf24/rf24_network/rf24_network.o
                0x0000000008004064                rf24_network_get_topology
 .text.rf24_network_get_neighbors
                0x0000000008004078       0x14 Core/Src/rf24/rf24_network/rf24_network.o
                0x0000000008004078                rf24_network_get_neighbors
 .text.rf24_network_frame_received_handler
                0x000000000800408c      0x200 Core/Src/rf24/rf24_network/rf24_network.o
                0x000000000800408c                rf24_network_frame_received_handler
 .text.rf24_network_trm_timeout_handler
                0x000000000800428c       0x48 Core/Src/rf24/rf24_network/rf24_network.o
                0x000000000800428c                rf24_network_trm_timeout_handler
 .text.rf24_network_num_timeout_handler
                0x00000000080042d4       0x70 Core/Src/rf24/rf24_network/rf24_network.o
                0x00000000080042d4                rf24_network_num_timeout_handler
 .text.rf24_network_topology_timeout_handler
                0x0000000008004344        0xc Core/Src/rf24/rf24_network/rf24_network.o
                0x0000000008004344                rf24_network_topology_timeout_handler
 .text.rf24_network_reception_successfull_handler
                0x0000000008004350       0xb8 Core/Src/rf24/rf24_network/rf24_network.o
                0x0000000008004350                rf24_network_reception_successfull_handler
 .text.rf24_network_transmission_successfull_handler
                0x0000000008004408       0xa8 Core/Src/rf24/rf24_network/rf24_network.o
                0x0000000008004408                rf24_network_transmission_successfull_handler
 .text.rf24_network_transmission_failed_handler
                0x00000000080044b0       0x18 Core/Src/rf24/rf24_network/rf24_network.o
                0x00000000080044b0                rf24_network_transmission_failed_handler
 .text.rf24_network_topology_received_handler
                0x00000000080044c8      0x12c Core/Src/rf24/rf24_network/rf24_network.o
                0x00000000080044c8                rf24_network_topology_received_handler
 .text.rf24_network_init
                0x00000000080045f4       0x18 Core/Src/rf24/rf24_network/rf24_network.o
                0x00000000080045f4                rf24_network_init
 .text.rf24_network_reset_topology
                0x000000000800460c       0x30 Core/Src/rf24/rf24_network/rf24_network.o
                0x000000000800460c                rf24_network_reset_topology
 .text.rf24_network_reset
                0x000000000800463c       0x3c Core/Src/rf24/rf24_network/rf24_network.o
                0x000000000800463c                rf24_network_reset
 .text.rf24_network_start_topology_update
                0x0000000008004678       0x60 Core/Src/rf24/rf24_network/rf24_network.o
                0x0000000008004678                rf24_network_start_topology_update
 .text.rf24_network_broadcast_num
                0x00000000080046d8       0x90 Core/Src/rf24/rf24_network/rf24_network.o
                0x00000000080046d8                rf24_network_broadcast_num
 .text.rf24_network_get_topology_cycle_id
                0x0000000008004768       0x14 Core/Src/rf24/rf24_network/rf24_network.o
                0x0000000008004768                rf24_network_get_topology_cycle_id
 .text.rf24_network_set_topology_cycle_id
                0x000000000800477c       0x20 Core/Src/rf24/rf24_network/rf24_network.o
                0x000000000800477c                rf24_network_set_topology_cycle_id
 .text.rf24_network_set_hopcount
                0x000000000800479c       0x20 Core/Src/rf24/rf24_network/rf24_network.o
                0x000000000800479c                rf24_network_set_hopcount
 .text.rf24_network_add_neighbor
                0x00000000080047bc      0x140 Core/Src/rf24/rf24_network/rf24_network.o
                0x00000000080047bc                rf24_network_add_neighbor
 .text.rf24_network_get_neighbor
                0x00000000080048fc       0x40 Core/Src/rf24/rf24_network/rf24_network.o
                0x00000000080048fc                rf24_network_get_neighbor
 .text.rf24_network_set_neighbor_link_state
                0x000000000800493c       0x32 Core/Src/rf24/rf24_network/rf24_network.o
                0x000000000800493c                rf24_network_set_neighbor_link_state
 *fill*         0x000000000800496e        0x2 
 .text.rf24_network_reset_neighbors
                0x0000000008004970       0x28 Core/Src/rf24/rf24_network/rf24_network.o
                0x0000000008004970                rf24_network_reset_neighbors
 .text.rf24_network_count_successors
                0x0000000008004998       0x3c Core/Src/rf24/rf24_network/rf24_network.o
                0x0000000008004998                rf24_network_count_successors
 .text.rf24_network_print_neighbors
                0x00000000080049d4       0xb4 Core/Src/rf24/rf24_network/rf24_network.o
                0x00000000080049d4                rf24_network_print_neighbors
 .text.rf24_network_check_topology_integrity
                0x0000000008004a88       0x50 Core/Src/rf24/rf24_network/rf24_network.o
                0x0000000008004a88                rf24_network_check_topology_integrity
 .text.rf24_network_topology_get_last
                0x0000000008004ad8       0x26 Core/Src/rf24/rf24_network/rf24_network.o
                0x0000000008004ad8                rf24_network_topology_get_last
 *fill*         0x0000000008004afe        0x2 
 .text.rf24_network_rx_data_to_topology
                0x0000000008004b00       0xf8 Core/Src/rf24/rf24_network/rf24_network.o
                0x0000000008004b00                rf24_network_rx_data_to_topology
 .text.rf24_network_add_successor_topology
                0x0000000008004bf8       0x30 Core/Src/rf24/rf24_network/rf24_network.o
                0x0000000008004bf8                rf24_network_add_successor_topology
 .text.rf24_network_topology_to_tx_data
                0x0000000008004c28       0x6e Core/Src/rf24/rf24_network/rf24_network.o
                0x0000000008004c28                rf24_network_topology_to_tx_data
 *fill*         0x0000000008004c96        0x2 
 .text.rf24_network_print_topology
                0x0000000008004c98       0xc8 Core/Src/rf24/rf24_network/rf24_network.o
                0x0000000008004c98                rf24_network_print_topology
 .text.rf24_network_transfer_topology
                0x0000000008004d60      0x128 Core/Src/rf24/rf24_network/rf24_network.o
                0x0000000008004d60                rf24_network_transfer_topology
 .text.rf24_worker_init
                0x0000000008004e88       0x38 Core/Src/rf24/rf24_network/rf24_worker.o
                0x0000000008004e88                rf24_worker_init
 .text.rf24_worker_record
                0x0000000008004ec0       0x18 Core/Src/rf24/rf24_network/rf24_worker.o
                0x0000000008004ec0                rf24_worker_record
 .text.rf24_worker_data_transmitted_handler
                0x0000000008004ed8        0xc Core/Src/rf24/rf24_network/rf24_worker.o
                0x0000000008004ed8                rf24_worker_data_transmitted_handler
 .text.rf24_worker_data_received_handler
                0x0000000008004ee4       0x90 Core/Src/rf24/rf24_network/rf24_worker.o
                0x0000000008004ee4                rf24_worker_data_received_handler
 .text.rf24_worker_process_timers
                0x0000000008004f74       0x84 Core/Src/rf24/rf24_network/rf24_worker.o
                0x0000000008004f74                rf24_worker_process_timers
 .text.rf24_worker_process_tasks
                0x0000000008004ff8       0x70 Core/Src/rf24/rf24_network/rf24_worker.o
                0x0000000008004ff8                rf24_worker_process_tasks
 .text.rf24_worker_attach_wait
                0x0000000008005068       0x28 Core/Src/rf24/rf24_network/rf24_worker.o
                0x0000000008005068                rf24_worker_attach_wait
 .text.rf24_worker_push_wait
                0x0000000008005090       0x28 Core/Src/rf24/rf24_network/rf24_worker.o
                0x0000000008005090                rf24_worker_push_wait
 .text.rf24_worker_attach
                0x00000000080050b8       0x1e Core/Src/rf24/rf24_network/rf24_worker.o
                0x00000000080050b8                rf24_worker_attach
 .text.rf24_worker_push
                0x00000000080050d6       0x1e Core/Src/rf24/rf24_network/rf24_worker.o
                0x00000000080050d6                rf24_worker_push
 .text.rf24_worker_build_task
                0x00000000080050f4       0x7c Core/Src/rf24/rf24_network/rf24_worker.o
                0x00000000080050f4                rf24_worker_build_task
 .text.rf24_worker_attach_task
                0x0000000008005170       0x40 Core/Src/rf24/rf24_network/rf24_worker.o
                0x0000000008005170                rf24_worker_attach_task
 .text.rf24_worker_push_task
                0x00000000080051b0       0x34 Core/Src/rf24/rf24_network/rf24_worker.o
                0x00000000080051b0                rf24_worker_push_task
 .text.rf24_worker_current_task
                0x00000000080051e4       0x14 Core/Src/rf24/rf24_network/rf24_worker.o
                0x00000000080051e4                rf24_worker_current_task
 .text.rf24_worker_pop_task
                0x00000000080051f8       0x2c Core/Src/rf24/rf24_network/rf24_worker.o
                0x00000000080051f8                rf24_worker_pop_task
 .text.rf24_worker_reset_tasks
                0x0000000008005224       0x1c Core/Src/rf24/rf24_network/rf24_worker.o
                0x0000000008005224                rf24_worker_reset_tasks
 .text.rf24_worker_print_tasks
                0x0000000008005240       0x44 Core/Src/rf24/rf24_network/rf24_worker.o
                0x0000000008005240                rf24_worker_print_tasks
 .text.rf24_worker_start_timer
                0x0000000008005284       0x98 Core/Src/rf24/rf24_network/rf24_worker.o
                0x0000000008005284                rf24_worker_start_timer
 .text.rf24_worker_stop_timer
                0x000000000800531c       0x68 Core/Src/rf24/rf24_network/rf24_worker.o
                0x000000000800531c                rf24_worker_stop_timer
 .text.rf24_worker_get_timer
                0x0000000008005384       0x3c Core/Src/rf24/rf24_network/rf24_worker.o
                0x0000000008005384                rf24_worker_get_timer
 .text.rf24_worker_reset_timer
                0x00000000080053c0       0x18 Core/Src/rf24/rf24_network/rf24_worker.o
                0x00000000080053c0                rf24_worker_reset_timer
 .text.rf24_worker_us_to_timespan
                0x00000000080053d8       0x80 Core/Src/rf24/rf24_network/rf24_worker.o
                0x00000000080053d8                rf24_worker_us_to_timespan
 .text.__NVIC_EnableIRQ
                0x0000000008005458       0x38 Core/Src/rf24/rf24_stm32f1xx/rf24_stm32f1xx.o
 .text.__NVIC_SetPriority
                0x0000000008005490       0x54 Core/Src/rf24/rf24_stm32f1xx/rf24_stm32f1xx.o
 .text.SysTick_Config
                0x00000000080054e4       0x44 Core/Src/rf24/rf24_stm32f1xx/rf24_stm32f1xx.o
 .text.SysTick_Handler
                0x0000000008005528        0xc Core/Src/rf24/rf24_stm32f1xx/rf24_stm32f1xx.o
                0x0000000008005528                SysTick_Handler
 .text.EXTI2_IRQHandler
                0x0000000008005534       0x24 Core/Src/rf24/rf24_stm32f1xx/rf24_stm32f1xx.o
                0x0000000008005534                EXTI2_IRQHandler
 .text.TIM2_IRQHandler
                0x0000000008005558       0xa8 Core/Src/rf24/rf24_stm32f1xx/rf24_stm32f1xx.o
                0x0000000008005558                TIM2_IRQHandler
 .text.EXTI15_10_IRQHandler
                0x0000000008005600       0x24 Core/Src/rf24/rf24_stm32f1xx/rf24_stm32f1xx.o
                0x0000000008005600                EXTI15_10_IRQHandler
 .text.rf24_stm32f1xx_get_uuid_md5hashed
                0x0000000008005624       0x58 Core/Src/rf24/rf24_stm32f1xx/rf24_stm32f1xx.o
                0x0000000008005624                rf24_stm32f1xx_get_uuid_md5hashed
 .text.rf24_stm32f1xx_set_system_clock_72Mhz
                0x000000000800567c       0xac Core/Src/rf24/rf24_stm32f1xx/rf24_stm32f1xx.o
                0x000000000800567c                rf24_stm32f1xx_set_system_clock_72Mhz
 .text.rf24_stm32f1xx_init_tim2
                0x0000000008005728       0x98 Core/Src/rf24/rf24_stm32f1xx/rf24_stm32f1xx.o
                0x0000000008005728                rf24_stm32f1xx_init_tim2
 .text.rf24_stm32f1xx_set_timer_interrupt_ms
                0x00000000080057c0       0x60 Core/Src/rf24/rf24_stm32f1xx/rf24_stm32f1xx.o
                0x00000000080057c0                rf24_stm32f1xx_set_timer_interrupt_ms
 .text.rf24_stm32f1xx_set_timer_interrupt_us
                0x0000000008005820       0x54 Core/Src/rf24/rf24_stm32f1xx/rf24_stm32f1xx.o
                0x0000000008005820                rf24_stm32f1xx_set_timer_interrupt_us
 .text.rf24_stm32f1xx_init_tim3
                0x0000000008005874       0x40 Core/Src/rf24/rf24_stm32f1xx/rf24_stm32f1xx.o
                0x0000000008005874                rf24_stm32f1xx_init_tim3
 .text.rf24_stm32f1xx_get_tim3_count
                0x00000000080058b4       0x14 Core/Src/rf24/rf24_stm32f1xx/rf24_stm32f1xx.o
                0x00000000080058b4                rf24_stm32f1xx_get_tim3_count
 .text.delay_ms
                0x00000000080058c8       0x40 Core/Src/rf24/rf24_stm32f1xx/rf24_stm32f1xx.o
                0x00000000080058c8                delay_ms
 .text.delay_us
                0x0000000008005908       0x30 Core/Src/rf24/rf24_stm32f1xx/rf24_stm32f1xx.o
                0x0000000008005908                delay_us
 .text.rf24_stm32f1xx_init_led
                0x0000000008005938       0x50 Core/Src/rf24/rf24_stm32f1xx/rf24_stm32f1xx.o
                0x0000000008005938                rf24_stm32f1xx_init_led
 .text.rf24_stm32f1xx_set_led_cycle
                0x0000000008005988       0x28 Core/Src/rf24/rf24_stm32f1xx/rf24_stm32f1xx.o
                0x0000000008005988                rf24_stm32f1xx_set_led_cycle
 .text.rf24_stm32f1xx_led_on
                0x00000000080059b0       0x18 Core/Src/rf24/rf24_stm32f1xx/rf24_stm32f1xx.o
                0x00000000080059b0                rf24_stm32f1xx_led_on
 .text.rf24_stm32f1xx_led_off
                0x00000000080059c8       0x18 Core/Src/rf24/rf24_stm32f1xx/rf24_stm32f1xx.o
                0x00000000080059c8                rf24_stm32f1xx_led_off
 .text.rf24_stm32f1xx_led_toggle
                0x00000000080059e0       0x2c Core/Src/rf24/rf24_stm32f1xx/rf24_stm32f1xx.o
                0x00000000080059e0                rf24_stm32f1xx_led_toggle
 .text.rf24_stm32f1xx_init_ce
                0x0000000008005a0c       0x38 Core/Src/rf24/rf24_stm32f1xx/rf24_stm32f1xx.o
                0x0000000008005a0c                rf24_stm32f1xx_init_ce
 .text.rf24_stm32f1xx_ce_high
                0x0000000008005a44       0x18 Core/Src/rf24/rf24_stm32f1xx/rf24_stm32f1xx.o
                0x0000000008005a44                rf24_stm32f1xx_ce_high
 .text.rf24_stm32f1xx_ce_low
                0x0000000008005a5c       0x18 Core/Src/rf24/rf24_stm32f1xx/rf24_stm32f1xx.o
                0x0000000008005a5c                rf24_stm32f1xx_ce_low
 .text.rf24_stm32f1xx_irq_init
                0x0000000008005a74       0xa8 Core/Src/rf24/rf24_stm32f1xx/rf24_stm32f1xx.o
                0x0000000008005a74                rf24_stm32f1xx_irq_init
 .text.rf24_stm32f1xx_init
                0x0000000008005b1c       0x2c Core/Src/rf24/rf24_stm32f1xx/rf24_stm32f1xx.o
                0x0000000008005b1c                rf24_stm32f1xx_init
 .text.rf24_stm32f1xx_spi_init
                0x0000000008005b48       0xcc Core/Src/rf24/rf24_stm32f1xx/rf24_stm32f1xx_spi.o
                0x0000000008005b48                rf24_stm32f1xx_spi_init
 .text.rf24_stm32f1xx_spi_csn_low
                0x0000000008005c14       0x18 Core/Src/rf24/rf24_stm32f1xx/rf24_stm32f1xx_spi.o
                0x0000000008005c14                rf24_stm32f1xx_spi_csn_low
 .text.rf24_stm32f1xx_spi_csn_high
                0x0000000008005c2c       0x18 Core/Src/rf24/rf24_stm32f1xx/rf24_stm32f1xx_spi.o
                0x0000000008005c2c                rf24_stm32f1xx_spi_csn_high
 .text.rf24_stm32f1xx_spi_shift_byte
                0x0000000008005c44       0x38 Core/Src/rf24/rf24_stm32f1xx/rf24_stm32f1xx_spi.o
                0x0000000008005c44                rf24_stm32f1xx_spi_shift_byte
 .text.__NVIC_EnableIRQ
                0x0000000008005c7c       0x38 Core/Src/rf24/rf24_stm32f1xx/rf24_stm32f1xx_uart.o
 .text.rf24_stm32f1xx_usart_init
                0x0000000008005cb4       0x94 Core/Src/rf24/rf24_stm32f1xx/rf24_stm32f1xx_uart.o
                0x0000000008005cb4                rf24_stm32f1xx_usart_init
 .text.rf24_stm32f1xx_usart_write_byte
                0x0000000008005d48       0x38 Core/Src/rf24/rf24_stm32f1xx/rf24_stm32f1xx_uart.o
                0x0000000008005d48                rf24_stm32f1xx_usart_write_byte
 .text.rf24_stm32f1xx_usart_write_str
                0x0000000008005d80       0x36 Core/Src/rf24/rf24_stm32f1xx/rf24_stm32f1xx_uart.o
                0x0000000008005d80                rf24_stm32f1xx_usart_write_str
 .text.rf24_stm32f1xx_usart_write_line
                0x0000000008005db6       0x24 Core/Src/rf24/rf24_stm32f1xx/rf24_stm32f1xx_uart.o
                0x0000000008005db6                rf24_stm32f1xx_usart_write_line
 *fill*         0x0000000008005dda        0x2 
 .text.rf24_stm32f1xx_usart_buffer_char
                0x0000000008005ddc       0x54 Core/Src/rf24/rf24_stm32f1xx/rf24_stm32f1xx_uart.o
                0x0000000008005ddc                rf24_stm32f1xx_usart_buffer_char
 .text.USART1_IRQHandler
                0x0000000008005e30       0x48 Core/Src/rf24/rf24_stm32f1xx/rf24_stm32f1xx_uart.o
                0x0000000008005e30                USART1_IRQHandler
 .text.rf24_urci_ping
                0x0000000008005e78       0x30 Core/Src/rf24/rf24_urci/rf24_urci.o
                0x0000000008005e78                rf24_urci_ping
 .text.rf24_urci_print_mac_address
                0x0000000008005ea8       0x2c Core/Src/rf24/rf24_urci/rf24_urci.o
                0x0000000008005ea8                rf24_urci_print_mac_address
 .text.rf24_urci_print_register
                0x0000000008005ed4       0x58 Core/Src/rf24/rf24_urci/rf24_urci.o
                0x0000000008005ed4                rf24_urci_print_register
 .text.rf24_urci_blacklist_mac_address
                0x0000000008005f2c       0x2c Core/Src/rf24/rf24_urci/rf24_urci.o
                0x0000000008005f2c                rf24_urci_blacklist_mac_address
 .text.rf24_urci_transfer_trm
                0x0000000008005f58       0x70 Core/Src/rf24/rf24_urci/rf24_urci.o
                0x0000000008005f58                rf24_urci_transfer_trm
 .text.rf24_urci_print_topology
                0x0000000008005fc8       0x14 Core/Src/rf24/rf24_urci/rf24_urci.o
                0x0000000008005fc8                rf24_urci_print_topology
 .text.rf24_urci_print_neighbors
                0x0000000008005fdc       0x14 Core/Src/rf24/rf24_urci/rf24_urci.o
                0x0000000008005fdc                rf24_urci_print_neighbors
 .text.rf24_urci_transfer_test_topology
                0x0000000008005ff0      0x130 Core/Src/rf24/rf24_urci/rf24_urci.o
                0x0000000008005ff0                rf24_urci_transfer_test_topology
 .text.rf24_urci_transmit_mac_frame
                0x0000000008006120       0x3c Core/Src/rf24/rf24_urci/rf24_urci.o
                0x0000000008006120                rf24_urci_transmit_mac_frame
 .text.rf24_urci_transfer_topology
                0x000000000800615c       0x2c Core/Src/rf24/rf24_urci/rf24_urci.o
                0x000000000800615c                rf24_urci_transfer_topology
 .text.rf24_urci_transmit
                0x0000000008006188       0x6c Core/Src/rf24/rf24_urci/rf24_urci.o
                0x0000000008006188                rf24_urci_transmit
 .text.rf24_urci_set_datarate
                0x00000000080061f4       0x58 Core/Src/rf24/rf24_urci/rf24_urci.o
                0x00000000080061f4                rf24_urci_set_datarate
 .text.rf24_urci_get_datarate
                0x000000000800624c       0x54 Core/Src/rf24/rf24_urci/rf24_urci.o
                0x000000000800624c                rf24_urci_get_datarate
 .text.rf24_urci_print_help
                0x00000000080062a0       0xbc Core/Src/rf24/rf24_urci/rf24_urci.o
                0x00000000080062a0                rf24_urci_print_help
 .text.rf24_urci_help
                0x000000000800635c       0x80 Core/Src/rf24/rf24_urci/rf24_urci.o
                0x000000000800635c                rf24_urci_help
 .text.rf24_urci_set_crc_length
                0x00000000080063dc       0x38 Core/Src/rf24/rf24_urci/rf24_urci.o
                0x00000000080063dc                rf24_urci_set_crc_length
 .text.rf24_urci_get_crc_length
                0x0000000008006414       0x24 Core/Src/rf24/rf24_urci/rf24_urci.o
                0x0000000008006414                rf24_urci_get_crc_length
 .text.rf24_urci_set_tx_address
                0x0000000008006438       0x80 Core/Src/rf24/rf24_urci/rf24_urci.o
                0x0000000008006438                rf24_urci_set_tx_address
 .text.rf24_urci_get_tx_address
                0x00000000080064b8       0x7c Core/Src/rf24/rf24_urci/rf24_urci.o
                0x00000000080064b8                rf24_urci_get_tx_address
 .text.rf24_urci_get_attribute_value
                0x0000000008006534       0x94 Core/Src/rf24/rf24_urci/rf24_urci.o
                0x0000000008006534                rf24_urci_get_attribute_value
 .text.rf24_urci_set_rx_address
                0x00000000080065c8       0xe8 Core/Src/rf24/rf24_urci/rf24_urci.o
                0x00000000080065c8                rf24_urci_set_rx_address
 .text.rf24_urci_get_rx_address
                0x00000000080066b0       0xf4 Core/Src/rf24/rf24_urci/rf24_urci.o
                0x00000000080066b0                rf24_urci_get_rx_address
 .text.rf24_urci_set_payload_width
                0x00000000080067a4       0x40 Core/Src/rf24/rf24_urci/rf24_urci.o
                0x00000000080067a4                rf24_urci_set_payload_width
 .text.rf24_urci_get_payload_width
                0x00000000080067e4       0x38 Core/Src/rf24/rf24_urci/rf24_urci.o
                0x00000000080067e4                rf24_urci_get_payload_width
 .text.rf24_urci_call
                0x000000000800681c      0x134 Core/Src/rf24/rf24_urci/rf24_urci.o
                0x000000000800681c                rf24_urci_call
 .text.rf24_urci_match
                0x0000000008006950       0x6c Core/Src/rf24/rf24_urci/rf24_urci.o
                0x0000000008006950                rf24_urci_match
 .text.rf24_urci_putc
                0x00000000080069bc      0x140 Core/Src/rf24/rf24_urci/rf24_urci.o
                0x00000000080069bc                rf24_urci_putc
 .text.rf24_urci_string_to_bytes
                0x0000000008006afc       0x50 Core/Src/rf24/rf24_urci/rf24_urci.o
                0x0000000008006afc                rf24_urci_string_to_bytes
 .text.rf24_urci_bytes_to_string
                0x0000000008006b4c       0x88 Core/Src/rf24/rf24_urci/rf24_urci.o
                0x0000000008006b4c                rf24_urci_bytes_to_string
 .text.Reset_Handler
                0x0000000008006bd4       0x48 Core/Startup/startup_stm32f103c8tx.o
                0x0000000008006bd4                Reset_Handler
 .text.Default_Handler
                0x0000000008006c1c        0x2 Core/Startup/startup_stm32f103c8tx.o
                0x0000000008006c1c                RTC_Alarm_IRQHandler
                0x0000000008006c1c                DebugMon_Handler
                0x0000000008006c1c                TIM1_CC_IRQHandler
                0x0000000008006c1c                HardFault_Handler
                0x0000000008006c1c                PVD_IRQHandler
                0x0000000008006c1c                PendSV_Handler
                0x0000000008006c1c                NMI_Handler
                0x0000000008006c1c                EXTI3_IRQHandler
                0x0000000008006c1c                EXTI0_IRQHandler
                0x0000000008006c1c                I2C2_EV_IRQHandler
                0x0000000008006c1c                UsageFault_Handler
                0x0000000008006c1c                ADC1_2_IRQHandler
                0x0000000008006c1c                SPI1_IRQHandler
                0x0000000008006c1c                TAMPER_IRQHandler
                0x0000000008006c1c                DMA1_Channel4_IRQHandler
                0x0000000008006c1c                USART3_IRQHandler
                0x0000000008006c1c                RTC_IRQHandler
                0x0000000008006c1c                DMA1_Channel7_IRQHandler
                0x0000000008006c1c                CAN1_RX1_IRQHandler
                0x0000000008006c1c                TIM4_IRQHandler
                0x0000000008006c1c                I2C1_EV_IRQHandler
                0x0000000008006c1c                DMA1_Channel6_IRQHandler
                0x0000000008006c1c                TIM3_IRQHandler
                0x0000000008006c1c                RCC_IRQHandler
                0x0000000008006c1c                TIM1_TRG_COM_IRQHandler
                0x0000000008006c1c                DMA1_Channel1_IRQHandler
                0x0000000008006c1c                Default_Handler
                0x0000000008006c1c                EXTI9_5_IRQHandler
                0x0000000008006c1c                SPI2_IRQHandler
                0x0000000008006c1c                MemManage_Handler
                0x0000000008006c1c                SVC_Handler
                0x0000000008006c1c                DMA1_Channel5_IRQHandler
                0x0000000008006c1c                EXTI4_IRQHandler
                0x0000000008006c1c                USB_LP_CAN1_RX0_IRQHandler
                0x0000000008006c1c                USB_HP_CAN1_TX_IRQHandler
                0x0000000008006c1c                DMA1_Channel3_IRQHandler
                0x0000000008006c1c                TIM1_UP_IRQHandler
                0x0000000008006c1c                WWDG_IRQHandler
                0x0000000008006c1c                TIM1_BRK_IRQHandler
                0x0000000008006c1c                EXTI1_IRQHandler
                0x0000000008006c1c                USART2_IRQHandler
                0x0000000008006c1c                I2C2_ER_IRQHandler
                0x0000000008006c1c                DMA1_Channel2_IRQHandler
                0x0000000008006c1c                CAN1_SCE_IRQHandler
                0x0000000008006c1c                FLASH_IRQHandler
                0x0000000008006c1c                BusFault_Handler
                0x0000000008006c1c                I2C1_ER_IRQHandler
                0x0000000008006c1c                USBWakeUp_IRQHandler
 .text.atoi     0x0000000008006c1e        0x8 c:/st/stm32cubeide_1.3.0/stm32cubeide/plugins/com.st.stm32cube.ide.mcu.externaltools.gnu-tools-for-stm32.7-2018-q2-update.win32_1.0.0.201904181610/tools/bin/../lib/gcc/arm-none-eabi/7.3.1/../../../../arm-none-eabi/lib/thumb/v7-m\libc_nano.a(lib_a-atoi.o)
                0x0000000008006c1e                atoi
 *fill*         0x0000000008006c26        0x2 
 .text.__libc_init_array
                0x0000000008006c28       0x48 c:/st/stm32cubeide_1.3.0/stm32cubeide/plugins/com.st.stm32cube.ide.mcu.externaltools.gnu-tools-for-stm32.7-2018-q2-update.win32_1.0.0.201904181610/tools/bin/../lib/gcc/arm-none-eabi/7.3.1/../../../../arm-none-eabi/lib/thumb/v7-m\libc_nano.a(lib_a-init.o)
                0x0000000008006c28                __libc_init_array
 .text.__itoa   0x0000000008006c70       0x30 c:/st/stm32cubeide_1.3.0/stm32cubeide/plugins/com.st.stm32cube.ide.mcu.externaltools.gnu-tools-for-stm32.7-2018-q2-update.win32_1.0.0.201904181610/tools/bin/../lib/gcc/arm-none-eabi/7.3.1/../../../../arm-none-eabi/lib/thumb/v7-m\libc_nano.a(lib_a-itoa.o)
                0x0000000008006c70                __itoa
 .text.itoa     0x0000000008006ca0        0x4 c:/st/stm32cubeide_1.3.0/stm32cubeide/plugins/com.st.stm32cube.ide.mcu.externaltools.gnu-tools-for-stm32.7-2018-q2-update.win32_1.0.0.201904181610/tools/bin/../lib/gcc/arm-none-eabi/7.3.1/../../../../arm-none-eabi/lib/thumb/v7-m\libc_nano.a(lib_a-itoa.o)
                0x0000000008006ca0                itoa
 .text.malloc   0x0000000008006ca4       0x10 c:/st/stm32cubeide_1.3.0/stm32cubeide/plugins/com.st.stm32cube.ide.mcu.externaltools.gnu-tools-for-stm32.7-2018-q2-update.win32_1.0.0.201904181610/tools/bin/../lib/gcc/arm-none-eabi/7.3.1/../../../../arm-none-eabi/lib/thumb/v7-m\libc_nano.a(lib_a-malloc.o)
                0x0000000008006ca4                malloc
 .text.free     0x0000000008006cb4       0x10 c:/st/stm32cubeide_1.3.0/stm32cubeide/plugins/com.st.stm32cube.ide.mcu.externaltools.gnu-tools-for-stm32.7-2018-q2-update.win32_1.0.0.201904181610/tools/bin/../lib/gcc/arm-none-eabi/7.3.1/../../../../arm-none-eabi/lib/thumb/v7-m\libc_nano.a(lib_a-malloc.o)
                0x0000000008006cb4                free
 .text.memcmp   0x0000000008006cc4       0x1e c:/st/stm32cubeide_1.3.0/stm32cubeide/plugins/com.st.stm32cube.ide.mcu.externaltools.gnu-tools-for-stm32.7-2018-q2-update.win32_1.0.0.201904181610/tools/bin/../lib/gcc/arm-none-eabi/7.3.1/../../../../arm-none-eabi/lib/thumb/v7-m\libc_nano.a(lib_a-memcmp.o)
                0x0000000008006cc4                memcmp
 .text.memcpy   0x0000000008006ce2       0x16 c:/st/stm32cubeide_1.3.0/stm32cubeide/plugins/com.st.stm32cube.ide.mcu.externaltools.gnu-tools-for-stm32.7-2018-q2-update.win32_1.0.0.201904181610/tools/bin/../lib/gcc/arm-none-eabi/7.3.1/../../../../arm-none-eabi/lib/thumb/v7-m\libc_nano.a(lib_a-memcpy-stub.o)
                0x0000000008006ce2                memcpy
 .text.memset   0x0000000008006cf8       0x10 c:/st/stm32cubeide_1.3.0/stm32cubeide/plugins/com.st.stm32cube.ide.mcu.externaltools.gnu-tools-for-stm32.7-2018-q2-update.win32_1.0.0.201904181610/tools/bin/../lib/gcc/arm-none-eabi/7.3.1/../../../../arm-none-eabi/lib/thumb/v7-m\libc_nano.a(lib_a-memset.o)
                0x0000000008006cf8                memset
 .text._free_r  0x0000000008006d08       0x98 c:/st/stm32cubeide_1.3.0/stm32cubeide/plugins/com.st.stm32cube.ide.mcu.externaltools.gnu-tools-for-stm32.7-2018-q2-update.win32_1.0.0.201904181610/tools/bin/../lib/gcc/arm-none-eabi/7.3.1/../../../../arm-none-eabi/lib/thumb/v7-m\libc_nano.a(lib_a-nano-freer.o)
                0x0000000008006d08                _free_r
 .text._malloc_r
                0x0000000008006da0       0xb4 c:/st/stm32cubeide_1.3.0/stm32cubeide/plugins/com.st.stm32cube.ide.mcu.externaltools.gnu-tools-for-stm32.7-2018-q2-update.win32_1.0.0.201904181610/tools/bin/../lib/gcc/arm-none-eabi/7.3.1/../../../../arm-none-eabi/lib/thumb/v7-m\libc_nano.a(lib_a-nano-mallocr.o)
                0x0000000008006da0                _malloc_r
 .text.srand    0x0000000008006e54       0x48 c:/st/stm32cubeide_1.3.0/stm32cubeide/plugins/com.st.stm32cube.ide.mcu.externaltools.gnu-tools-for-stm32.7-2018-q2-update.win32_1.0.0.201904181610/tools/bin/../lib/gcc/arm-none-eabi/7.3.1/../../../../arm-none-eabi/lib/thumb/v7-m\libc_nano.a(lib_a-rand.o)
                0x0000000008006e54                srand
 .text.rand     0x0000000008006e9c       0x68 c:/st/stm32cubeide_1.3.0/stm32cubeide/plugins/com.st.stm32cube.ide.mcu.externaltools.gnu-tools-for-stm32.7-2018-q2-update.win32_1.0.0.201904181610/tools/bin/../lib/gcc/arm-none-eabi/7.3.1/../../../../arm-none-eabi/lib/thumb/v7-m\libc_nano.a(lib_a-rand.o)
                0x0000000008006e9c                rand
 .text._sbrk_r  0x0000000008006f04       0x20 c:/st/stm32cubeide_1.3.0/stm32cubeide/plugins/com.st.stm32cube.ide.mcu.externaltools.gnu-tools-for-stm32.7-2018-q2-update.win32_1.0.0.201904181610/tools/bin/../lib/gcc/arm-none-eabi/7.3.1/../../../../arm-none-eabi/lib/thumb/v7-m\libc_nano.a(lib_a-sbrkr.o)
                0x0000000008006f04                _sbrk_r
 .text.sprintf  0x0000000008006f24       0x40 c:/st/stm32cubeide_1.3.0/stm32cubeide/plugins/com.st.stm32cube.ide.mcu.externaltools.gnu-tools-for-stm32.7-2018-q2-update.win32_1.0.0.201904181610/tools/bin/../lib/gcc/arm-none-eabi/7.3.1/../../../../arm-none-eabi/lib/thumb/v7-m\libc_nano.a(lib_a-sprintf.o)
                0x0000000008006f24                siprintf
                0x0000000008006f24                sprintf
 .text.strcat   0x0000000008006f64       0x1e c:/st/stm32cubeide_1.3.0/stm32cubeide/plugins/com.st.stm32cube.ide.mcu.externaltools.gnu-tools-for-stm32.7-2018-q2-update.win32_1.0.0.201904181610/tools/bin/../lib/gcc/arm-none-eabi/7.3.1/../../../../arm-none-eabi/lib/thumb/v7-m\libc_nano.a(lib_a-strcat.o)
                0x0000000008006f64                strcat
 .text.strcpy   0x0000000008006f82       0x10 c:/st/stm32cubeide_1.3.0/stm32cubeide/plugins/com.st.stm32cube.ide.mcu.externaltools.gnu-tools-for-stm32.7-2018-q2-update.win32_1.0.0.201904181610/tools/bin/../lib/gcc/arm-none-eabi/7.3.1/../../../../arm-none-eabi/lib/thumb/v7-m\libc_nano.a(lib_a-strcpy.o)
                0x0000000008006f82                strcpy
 *fill*         0x0000000008006f92        0x2 
 .text.strtok   0x0000000008006f94       0x54 c:/st/stm32cubeide_1.3.0/stm32cubeide/plugins/com.st.stm32cube.ide.mcu.externaltools.gnu-tools-for-stm32.7-2018-q2-update.win32_1.0.0.201904181610/tools/bin/../lib/gcc/arm-none-eabi/7.3.1/../../../../arm-none-eabi/lib/thumb/v7-m\libc_nano.a(lib_a-strtok.o)
                0x0000000008006f94                strtok
 .text.__strtok_r
                0x0000000008006fe8       0x54 c:/st/stm32cubeide_1.3.0/stm32cubeide/plugins/com.st.stm32cube.ide.mcu.externaltools.gnu-tools-for-stm32.7-2018-q2-update.win32_1.0.0.201904181610/tools/bin/../lib/gcc/arm-none-eabi/7.3.1/../../../../arm-none-eabi/lib/thumb/v7-m\libc_nano.a(lib_a-strtok_r.o)
                0x0000000008006fe8                __strtok_r
 .text._strtol_l.isra.0
                0x000000000800703c       0xf6 c:/st/stm32cubeide_1.3.0/stm32cubeide/plugins/com.st.stm32cube.ide.mcu.externaltools.gnu-tools-for-stm32.7-2018-q2-update.win32_1.0.0.201904181610/tools/bin/../lib/gcc/arm-none-eabi/7.3.1/../../../../arm-none-eabi/lib/thumb/v7-m\libc_nano.a(lib_a-strtol.o)
 *fill*         0x0000000008007132        0x2 
 .text.strtol   0x0000000008007134       0x2c c:/st/stm32cubeide_1.3.0/stm32cubeide/plugins/com.st.stm32cube.ide.mcu.externaltools.gnu-tools-for-stm32.7-2018-q2-update.win32_1.0.0.201904181610/tools/bin/../lib/gcc/arm-none-eabi/7.3.1/../../../../arm-none-eabi/lib/thumb/v7-m\libc_nano.a(lib_a-strtol.o)
                0x0000000008007134                strtol
 .text.__utoa   0x0000000008007160       0x7c c:/st/stm32cubeide_1.3.0/stm32cubeide/plugins/com.st.stm32cube.ide.mcu.externaltools.gnu-tools-for-stm32.7-2018-q2-update.win32_1.0.0.201904181610/tools/bin/../lib/gcc/arm-none-eabi/7.3.1/../../../../arm-none-eabi/lib/thumb/v7-m\libc_nano.a(lib_a-utoa.o)
                0x0000000008007160                __utoa
 .text.__locale_ctype_ptr_l
                0x00000000080071dc        0x6 c:/st/stm32cubeide_1.3.0/stm32cubeide/plugins/com.st.stm32cube.ide.mcu.externaltools.gnu-tools-for-stm32.7-2018-q2-update.win32_1.0.0.201904181610/tools/bin/../lib/gcc/arm-none-eabi/7.3.1/../../../../arm-none-eabi/lib/thumb/v7-m\libc_nano.a(lib_a-locale.o)
                0x00000000080071dc                __locale_ctype_ptr_l
 .text.__ascii_mbtowc
                0x00000000080071e2       0x24 c:/st/stm32cubeide_1.3.0/stm32cubeide/plugins/com.st.stm32cube.ide.mcu.externaltools.gnu-tools-for-stm32.7-2018-q2-update.win32_1.0.0.201904181610/tools/bin/../lib/gcc/arm-none-eabi/7.3.1/../../../../arm-none-eabi/lib/thumb/v7-m\libc_nano.a(lib_a-mbtowc_r.o)
                0x00000000080071e2                __ascii_mbtowc
 .text.__malloc_lock
                0x0000000008007206        0x2 c:/st/stm32cubeide_1.3.0/stm32cubeide/plugins/com.st.stm32cube.ide.mcu.externaltools.gnu-tools-for-stm32.7-2018-q2-update.win32_1.0.0.201904181610/tools/bin/../lib/gcc/arm-none-eabi/7.3.1/../../../../arm-none-eabi/lib/thumb/v7-m\libc_nano.a(lib_a-mlock.o)
                0x0000000008007206                __malloc_lock
 .text.__malloc_unlock
                0x0000000008007208        0x2 c:/st/stm32cubeide_1.3.0/stm32cubeide/plugins/com.st.stm32cube.ide.mcu.externaltools.gnu-tools-for-stm32.7-2018-q2-update.win32_1.0.0.201904181610/tools/bin/../lib/gcc/arm-none-eabi/7.3.1/../../../../arm-none-eabi/lib/thumb/v7-m\libc_nano.a(lib_a-mlock.o)
                0x0000000008007208                __malloc_unlock
 .text.__ssputs_r
                0x000000000800720a       0xb4 c:/st/stm32cubeide_1.3.0/stm32cubeide/plugins/com.st.stm32cube.ide.mcu.externaltools.gnu-tools-for-stm32.7-2018-q2-update.win32_1.0.0.201904181610/tools/bin/../lib/gcc/arm-none-eabi/7.3.1/../../../../arm-none-eabi/lib/thumb/v7-m\libc_nano.a(lib_a-nano-svfprintf.o)
                0x000000000800720a                __ssputs_r
 *fill*         0x00000000080072be        0x2 
 .text._svfprintf_r
                0x00000000080072c0      0x1f0 c:/st/stm32cubeide_1.3.0/stm32cubeide/plugins/com.st.stm32cube.ide.mcu.externaltools.gnu-tools-for-stm32.7-2018-q2-update.win32_1.0.0.201904181610/tools/bin/../lib/gcc/arm-none-eabi/7.3.1/../../../../arm-none-eabi/lib/thumb/v7-m\libc_nano.a(lib_a-nano-svfprintf.o)
                0x00000000080072c0                _svfiprintf_r
                0x00000000080072c0                _svfprintf_r
 .text._printf_common
                0x00000000080074b0       0xec c:/st/stm32cubeide_1.3.0/stm32cubeide/plugins/com.st.stm32cube.ide.mcu.externaltools.gnu-tools-for-stm32.7-2018-q2-update.win32_1.0.0.201904181610/tools/bin/../lib/gcc/arm-none-eabi/7.3.1/../../../../arm-none-eabi/lib/thumb/v7-m\libc_nano.a(lib_a-nano-vfprintf_i.o)
                0x00000000080074b0                _printf_common
 .text._printf_i
                0x000000000800759c      0x224 c:/st/stm32cubeide_1.3.0/stm32cubeide/plugins/com.st.stm32cube.ide.mcu.externaltools.gnu-tools-for-stm32.7-2018-q2-update.win32_1.0.0.201904181610/tools/bin/../lib/gcc/arm-none-eabi/7.3.1/../../../../arm-none-eabi/lib/thumb/v7-m\libc_nano.a(lib_a-nano-vfprintf_i.o)
                0x000000000800759c                _printf_i
 .text.__ascii_wctomb
                0x00000000080077c0       0x1a c:/st/stm32cubeide_1.3.0/stm32cubeide/plugins/com.st.stm32cube.ide.mcu.externaltools.gnu-tools-for-stm32.7-2018-q2-update.win32_1.0.0.201904181610/tools/bin/../lib/gcc/arm-none-eabi/7.3.1/../../../../arm-none-eabi/lib/thumb/v7-m\libc_nano.a(lib_a-wctomb_r.o)
                0x00000000080077c0                __ascii_wctomb
 .text.memchr   0x00000000080077da       0x1c c:/st/stm32cubeide_1.3.0/stm32cubeide/plugins/com.st.stm32cube.ide.mcu.externaltools.gnu-tools-for-stm32.7-2018-q2-update.win32_1.0.0.201904181610/tools/bin/../lib/gcc/arm-none-eabi/7.3.1/../../../../arm-none-eabi/lib/thumb/v7-m\libc_nano.a(lib_a-memchr-stub.o)
                0x00000000080077da                memchr
 .text.memmove  0x00000000080077f6       0x32 c:/st/stm32cubeide_1.3.0/stm32cubeide/plugins/com.st.stm32cube.ide.mcu.externaltools.gnu-tools-for-stm32.7-2018-q2-update.win32_1.0.0.201904181610/tools/bin/../lib/gcc/arm-none-eabi/7.3.1/../../../../arm-none-eabi/lib/thumb/v7-m\libc_nano.a(lib_a-memmove.o)
                0x00000000080077f6                memmove
 .text._realloc_r
                0x0000000008007828       0x4c c:/st/stm32cubeide_1.3.0/stm32cubeide/plugins/com.st.stm32cube.ide.mcu.externaltools.gnu-tools-for-stm32.7-2018-q2-update.win32_1.0.0.201904181610/tools/bin/../lib/gcc/arm-none-eabi/7.3.1/../../../../arm-none-eabi/lib/thumb/v7-m\libc_nano.a(lib_a-nano-reallocr.o)
                0x0000000008007828                _realloc_r
 .text._malloc_usable_size_r
                0x0000000008007874       0x10 c:/st/stm32cubeide_1.3.0/stm32cubeide/plugins/com.st.stm32cube.ide.mcu.externaltools.gnu-tools-for-stm32.7-2018-q2-update.win32_1.0.0.201904181610/tools/bin/../lib/gcc/arm-none-eabi/7.3.1/../../../../arm-none-eabi/lib/thumb/v7-m\libc_nano.a(lib_a-nano-msizer.o)
                0x0000000008007874                _malloc_usable_size_r
 .text._sbrk    0x0000000008007884       0x1c c:/st/stm32cubeide_1.3.0/stm32cubeide/plugins/com.st.stm32cube.ide.mcu.externaltools.gnu-tools-for-stm32.7-2018-q2-update.win32_1.0.0.201904181610/tools/bin/../lib/gcc/arm-none-eabi/7.3.1/../../../../arm-none-eabi/lib/thumb/v7-m\libnosys.a(sbrk.o)
                0x0000000008007884                _sbrk
 *(.glue_7)
 .glue_7        0x00000000080078a0        0x0 linker stubs
 *(.glue_7t)
 .glue_7t       0x00000000080078a0        0x0 linker stubs
 *(.eh_frame)
 .eh_frame      0x00000000080078a0        0x0 c:/st/stm32cubeide_1.3.0/stm32cubeide/plugins/com.st.stm32cube.ide.mcu.externaltools.gnu-tools-for-stm32.7-2018-q2-update.win32_1.0.0.201904181610/tools/bin/../lib/gcc/arm-none-eabi/7.3.1/thumb/v7-m/crtbegin.o
 *(.init)
 .init          0x00000000080078a0        0x4 c:/st/stm32cubeide_1.3.0/stm32cubeide/plugins/com.st.stm32cube.ide.mcu.externaltools.gnu-tools-for-stm32.7-2018-q2-update.win32_1.0.0.201904181610/tools/bin/../lib/gcc/arm-none-eabi/7.3.1/thumb/v7-m/crti.o
                0x00000000080078a0                _init
 .init          0x00000000080078a4        0x8 c:/st/stm32cubeide_1.3.0/stm32cubeide/plugins/com.st.stm32cube.ide.mcu.externaltools.gnu-tools-for-stm32.7-2018-q2-update.win32_1.0.0.201904181610/tools/bin/../lib/gcc/arm-none-eabi/7.3.1/thumb/v7-m/crtn.o
 *(.fini)
 .fini          0x00000000080078ac        0x4 c:/st/stm32cubeide_1.3.0/stm32cubeide/plugins/com.st.stm32cube.ide.mcu.externaltools.gnu-tools-for-stm32.7-2018-q2-update.win32_1.0.0.201904181610/tools/bin/../lib/gcc/arm-none-eabi/7.3.1/thumb/v7-m/crti.o
                0x00000000080078ac                _fini
 .fini          0x00000000080078b0        0x8 c:/st/stm32cubeide_1.3.0/stm32cubeide/plugins/com.st.stm32cube.ide.mcu.externaltools.gnu-tools-for-stm32.7-2018-q2-update.win32_1.0.0.201904181610/tools/bin/../lib/gcc/arm-none-eabi/7.3.1/thumb/v7-m/crtn.o
                0x00000000080078b8                . = ALIGN (0x4)
                0x00000000080078b8                _etext = .

.vfp11_veneer   0x00000000080078b8        0x0
 .vfp11_veneer  0x00000000080078b8        0x0 linker stubs

.v4_bx          0x00000000080078b8        0x0
 .v4_bx         0x00000000080078b8        0x0 linker stubs

.iplt           0x00000000080078b8        0x0
 .iplt          0x00000000080078b8        0x0 c:/st/stm32cubeide_1.3.0/stm32cubeide/plugins/com.st.stm32cube.ide.mcu.externaltools.gnu-tools-for-stm32.7-2018-q2-update.win32_1.0.0.201904181610/tools/bin/../lib/gcc/arm-none-eabi/7.3.1/thumb/v7-m/crtbegin.o

.rodata         0x00000000080078b8     0x3334
                0x00000000080078b8                . = ALIGN (0x4)
 *(.rodata)
 .rodata        0x00000000080078b8      0x4c7 Core/Src/rf24/rf24_debug.o
 *fill*         0x0000000008007d7f        0x1 
 .rodata        0x0000000008007d80      0x4de Core/Src/rf24/rf24_module/rf24_module.o
 *fill*         0x000000000800825e        0x2 
 .rodata        0x0000000008008260      0x4ee Core/Src/rf24/rf24_network/rf24_csma_ca.o
 *fill*         0x000000000800874e        0x2 
 .rodata        0x0000000008008750      0x791 Core/Src/rf24/rf24_network/rf24_mac.o
 *fill*         0x0000000008008ee1        0x3 
 .rodata        0x0000000008008ee4      0x7f3 Core/Src/rf24/rf24_network/rf24_network.o
 *fill*         0x00000000080096d7        0x1 
 .rodata        0x00000000080096d8      0x408 Core/Src/rf24/rf24_network/rf24_worker.o
 .rodata        0x0000000008009ae0      0x1c7 Core/Src/rf24/rf24_stm32f1xx/rf24_stm32f1xx_uart.o
 *fill*         0x0000000008009ca7        0x1 
 .rodata        0x0000000008009ca8      0x8a3 Core/Src/rf24/rf24_urci/rf24_urci.o
 *(.rodata*)
 *fill*         0x000000000800a54b        0x1 
 .rodata.AHBPrescTable
                0x000000000800a54c       0x10 Core/Src/system_stm32f1xx.o
                0x000000000800a54c                AHBPrescTable
 .rodata.PADDING
                0x000000000800a55c       0x40 Core/Src/rf24/inc/stm32f10x_md5.o
 .rodata.urci_cmds
                0x000000000800a59c      0x4ec Core/Src/rf24/rf24_urci/rf24_urci.o
                0x000000000800a59c                urci_cmds
 .rodata.__utoa.str1.1
                0x000000000800aa88       0x25 c:/st/stm32cubeide_1.3.0/stm32cubeide/plugins/com.st.stm32cube.ide.mcu.externaltools.gnu-tools-for-stm32.7-2018-q2-update.win32_1.0.0.201904181610/tools/bin/../lib/gcc/arm-none-eabi/7.3.1/../../../../arm-none-eabi/lib/thumb/v7-m\libc_nano.a(lib_a-utoa.o)
 .rodata._setlocale_r.str1.1
                0x000000000800aaad        0x8 c:/st/stm32cubeide_1.3.0/stm32cubeide/plugins/com.st.stm32cube.ide.mcu.externaltools.gnu-tools-for-stm32.7-2018-q2-update.win32_1.0.0.201904181610/tools/bin/../lib/gcc/arm-none-eabi/7.3.1/../../../../arm-none-eabi/lib/thumb/v7-m\libc_nano.a(lib_a-locale.o)
                                          0x9 (size before relaxing)
 .rodata.str1.1
                0x000000000800aab5        0x2 c:/st/stm32cubeide_1.3.0/stm32cubeide/plugins/com.st.stm32cube.ide.mcu.externaltools.gnu-tools-for-stm32.7-2018-q2-update.win32_1.0.0.201904181610/tools/bin/../lib/gcc/arm-none-eabi/7.3.1/../../../../arm-none-eabi/lib/thumb/v7-m\libc_nano.a(lib_a-locale.o)
 .rodata._svfprintf_r.str1.1
                0x000000000800aab7       0x11 c:/st/stm32cubeide_1.3.0/stm32cubeide/plugins/com.st.stm32cube.ide.mcu.externaltools.gnu-tools-for-stm32.7-2018-q2-update.win32_1.0.0.201904181610/tools/bin/../lib/gcc/arm-none-eabi/7.3.1/../../../../arm-none-eabi/lib/thumb/v7-m\libc_nano.a(lib_a-nano-svfprintf.o)
 .rodata._printf_i.str1.1
                0x000000000800aac8       0x22 c:/st/stm32cubeide_1.3.0/stm32cubeide/plugins/com.st.stm32cube.ide.mcu.externaltools.gnu-tools-for-stm32.7-2018-q2-update.win32_1.0.0.201904181610/tools/bin/../lib/gcc/arm-none-eabi/7.3.1/../../../../arm-none-eabi/lib/thumb/v7-m\libc_nano.a(lib_a-nano-vfprintf_i.o)
 .rodata._ctype_
                0x000000000800aaea      0x101 c:/st/stm32cubeide_1.3.0/stm32cubeide/plugins/com.st.stm32cube.ide.mcu.externaltools.gnu-tools-for-stm32.7-2018-q2-update.win32_1.0.0.201904181610/tools/bin/../lib/gcc/arm-none-eabi/7.3.1/../../../../arm-none-eabi/lib/thumb/v7-m\libc_nano.a(lib_a-ctype_.o)
                0x000000000800aaea                _ctype_
                0x000000000800abec                . = ALIGN (0x4)
 *fill*         0x000000000800abeb        0x1 

.rel.dyn        0x000000000800abec        0x0
 .rel.iplt      0x000000000800abec        0x0 c:/st/stm32cubeide_1.3.0/stm32cubeide/plugins/com.st.stm32cube.ide.mcu.externaltools.gnu-tools-for-stm32.7-2018-q2-update.win32_1.0.0.201904181610/tools/bin/../lib/gcc/arm-none-eabi/7.3.1/thumb/v7-m/crtbegin.o

.ARM.extab      0x000000000800abec        0x0
                0x000000000800abec                . = ALIGN (0x4)
 *(.ARM.extab* .gnu.linkonce.armextab.*)
                0x000000000800abec                . = ALIGN (0x4)

.ARM            0x000000000800abec        0x0
                0x000000000800abec                . = ALIGN (0x4)
                0x000000000800abec                __exidx_start = .
 *(.ARM.exidx*)
                0x000000000800abec                __exidx_end = .
                0x000000000800abec                . = ALIGN (0x4)

.preinit_array  0x000000000800abec        0x0
                0x000000000800abec                . = ALIGN (0x4)
                0x000000000800abec                PROVIDE (__preinit_array_start = .)
 *(.preinit_array*)
                0x000000000800abec                PROVIDE (__preinit_array_end = .)
                0x000000000800abec                . = ALIGN (0x4)

.init_array     0x000000000800abec        0x4
                0x000000000800abec                . = ALIGN (0x4)
                0x000000000800abec                PROVIDE (__init_array_start = .)
 *(SORT_BY_NAME(.init_array.*))
 *(.init_array*)
 .init_array    0x000000000800abec        0x4 c:/st/stm32cubeide_1.3.0/stm32cubeide/plugins/com.st.stm32cube.ide.mcu.externaltools.gnu-tools-for-stm32.7-2018-q2-update.win32_1.0.0.201904181610/tools/bin/../lib/gcc/arm-none-eabi/7.3.1/thumb/v7-m/crtbegin.o
                0x000000000800abf0                PROVIDE (__init_array_end = .)
                0x000000000800abf0                . = ALIGN (0x4)

.fini_array     0x000000000800abf0        0x4
                0x000000000800abf0                . = ALIGN (0x4)
                [!provide]                        PROVIDE (__fini_array_start = .)
 *(SORT_BY_NAME(.fini_array.*))
 *(.fini_array*)
 .fini_array    0x000000000800abf0        0x4 c:/st/stm32cubeide_1.3.0/stm32cubeide/plugins/com.st.stm32cube.ide.mcu.externaltools.gnu-tools-for-stm32.7-2018-q2-update.win32_1.0.0.201904181610/tools/bin/../lib/gcc/arm-none-eabi/7.3.1/thumb/v7-m/crtbegin.o
                [!provide]                        PROVIDE (__fini_array_end = .)
                0x000000000800abf4                . = ALIGN (0x4)
                0x000000000800abf4                _sidata = LOADADDR (.data)

.data           0x0000000020000000      0x664 load address 0x000000000800abf4
                0x0000000020000000                . = ALIGN (0x4)
                0x0000000020000000                _sdata = .
 *(.data)
 *(.data*)
 .data.SystemCoreClock
                0x0000000020000000        0x4 Core/Src/system_stm32f1xx.o
                0x0000000020000000                SystemCoreClock
 .data.rf24_mac_frame_subtype_string_short
                0x0000000020000004       0x2c Core/Src/rf24/rf24_debug.o
 .data.rf24_debug_source_string
                0x0000000020000030       0x18 Core/Src/rf24/rf24_debug.o
 .data.rf24_debug_msg_type_string
                0x0000000020000048       0x1c Core/Src/rf24/rf24_debug.o
 .data.rf24_module_attributes
                0x0000000020000064       0xf8 Core/Src/rf24/rf24_module/rf24_module.o
                0x0000000020000064                rf24_module_attributes
 .data.prim_rx  0x000000002000015c        0x6 Core/Src/rf24/rf24_module/rf24_module.o
                0x000000002000015c                prim_rx
 *fill*         0x0000000020000162        0x2 
 .data.pwr_up   0x0000000020000164        0x6 Core/Src/rf24/rf24_module/rf24_module.o
                0x0000000020000164                pwr_up
 *fill*         0x000000002000016a        0x2 
 .data.crc0     0x000000002000016c        0x6 Core/Src/rf24/rf24_module/rf24_module.o
                0x000000002000016c                crc0
 *fill*         0x0000000020000172        0x2 
 .data.en_crc   0x0000000020000174        0x6 Core/Src/rf24/rf24_module/rf24_module.o
                0x0000000020000174                en_crc
 *fill*         0x000000002000017a        0x2 
 .data.mask_max_rt
                0x000000002000017c        0x6 Core/Src/rf24/rf24_module/rf24_module.o
                0x000000002000017c                mask_max_rt
 *fill*         0x0000000020000182        0x2 
 .data.mask_tx_ds
                0x0000000020000184        0x6 Core/Src/rf24/rf24_module/rf24_module.o
                0x0000000020000184                mask_tx_ds
 *fill*         0x000000002000018a        0x2 
 .data.mask_rx_dr
                0x000000002000018c        0x6 Core/Src/rf24/rf24_module/rf24_module.o
                0x000000002000018c                mask_rx_dr
 *fill*         0x0000000020000192        0x2 
 .data.enaa_p0  0x0000000020000194        0x6 Core/Src/rf24/rf24_module/rf24_module.o
                0x0000000020000194                enaa_p0
 *fill*         0x000000002000019a        0x2 
 .data.enaa_p1  0x000000002000019c        0x6 Core/Src/rf24/rf24_module/rf24_module.o
                0x000000002000019c                enaa_p1
 *fill*         0x00000000200001a2        0x2 
 .data.enaa_p2  0x00000000200001a4        0x6 Core/Src/rf24/rf24_module/rf24_module.o
                0x00000000200001a4                enaa_p2
 *fill*         0x00000000200001aa        0x2 
 .data.enaa_p3  0x00000000200001ac        0x6 Core/Src/rf24/rf24_module/rf24_module.o
                0x00000000200001ac                enaa_p3
 *fill*         0x00000000200001b2        0x2 
 .data.enaa_p4  0x00000000200001b4        0x6 Core/Src/rf24/rf24_module/rf24_module.o
                0x00000000200001b4                enaa_p4
 *fill*         0x00000000200001ba        0x2 
 .data.enaa_p5  0x00000000200001bc        0x6 Core/Src/rf24/rf24_module/rf24_module.o
                0x00000000200001bc                enaa_p5
 *fill*         0x00000000200001c2        0x2 
 .data.erx_p0   0x00000000200001c4        0x6 Core/Src/rf24/rf24_module/rf24_module.o
                0x00000000200001c4                erx_p0
 *fill*         0x00000000200001ca        0x2 
 .data.erx_p1   0x00000000200001cc        0x6 Core/Src/rf24/rf24_module/rf24_module.o
                0x00000000200001cc                erx_p1
 *fill*         0x00000000200001d2        0x2 
 .data.erx_p2   0x00000000200001d4        0x6 Core/Src/rf24/rf24_module/rf24_module.o
                0x00000000200001d4                erx_p2
 *fill*         0x00000000200001da        0x2 
 .data.erx_p3   0x00000000200001dc        0x6 Core/Src/rf24/rf24_module/rf24_module.o
                0x00000000200001dc                erx_p3
 *fill*         0x00000000200001e2        0x2 
 .data.erx_p4   0x00000000200001e4        0x6 Core/Src/rf24/rf24_module/rf24_module.o
                0x00000000200001e4                erx_p4
 *fill*         0x00000000200001ea        0x2 
 .data.erx_p5   0x00000000200001ec        0x6 Core/Src/rf24/rf24_module/rf24_module.o
                0x00000000200001ec                erx_p5
 *fill*         0x00000000200001f2        0x2 
 .data.aw       0x00000000200001f4        0x6 Core/Src/rf24/rf24_module/rf24_module.o
                0x00000000200001f4                aw
 *fill*         0x00000000200001fa        0x2 
 .data.arc      0x00000000200001fc        0x6 Core/Src/rf24/rf24_module/rf24_module.o
                0x00000000200001fc                arc
 *fill*         0x0000000020000202        0x2 
 .data.ard      0x0000000020000204        0x6 Core/Src/rf24/rf24_module/rf24_module.o
                0x0000000020000204                ard
 *fill*         0x000000002000020a        0x2 
 .data.rf_ch    0x000000002000020c        0x6 Core/Src/rf24/rf24_module/rf24_module.o
                0x000000002000020c                rf_ch
 *fill*         0x0000000020000212        0x2 
 .data.rf_pwr   0x0000000020000214        0x6 Core/Src/rf24/rf24_module/rf24_module.o
                0x0000000020000214                rf_pwr
 *fill*         0x000000002000021a        0x2 
 .data.rf_dr_high
                0x000000002000021c        0x6 Core/Src/rf24/rf24_module/rf24_module.o
                0x000000002000021c                rf_dr_high
 *fill*         0x0000000020000222        0x2 
 .data.pll_lock
                0x0000000020000224        0x6 Core/Src/rf24/rf24_module/rf24_module.o
                0x0000000020000224                pll_lock
 *fill*         0x000000002000022a        0x2 
 .data.rf_dr_low
                0x000000002000022c        0x6 Core/Src/rf24/rf24_module/rf24_module.o
                0x000000002000022c                rf_dr_low
 *fill*         0x0000000020000232        0x2 
 .data.cont_wave
                0x0000000020000234        0x6 Core/Src/rf24/rf24_module/rf24_module.o
                0x0000000020000234                cont_wave
 *fill*         0x000000002000023a        0x2 
 .data.tx_full  0x000000002000023c        0x6 Core/Src/rf24/rf24_module/rf24_module.o
                0x000000002000023c                tx_full
 *fill*         0x0000000020000242        0x2 
 .data.rx_p_no  0x0000000020000244        0x6 Core/Src/rf24/rf24_module/rf24_module.o
                0x0000000020000244                rx_p_no
 *fill*         0x000000002000024a        0x2 
 .data.max_rt   0x000000002000024c        0x6 Core/Src/rf24/rf24_module/rf24_module.o
                0x000000002000024c                max_rt
 *fill*         0x0000000020000252        0x2 
 .data.tx_ds    0x0000000020000254        0x6 Core/Src/rf24/rf24_module/rf24_module.o
                0x0000000020000254                tx_ds
 *fill*         0x000000002000025a        0x2 
 .data.rx_dr    0x000000002000025c        0x6 Core/Src/rf24/rf24_module/rf24_module.o
                0x000000002000025c                rx_dr
 *fill*         0x0000000020000262        0x2 
 .data.arc_cnt  0x0000000020000264        0x6 Core/Src/rf24/rf24_module/rf24_module.o
                0x0000000020000264                arc_cnt
 *fill*         0x000000002000026a        0x2 
 .data.plos_cnt
                0x000000002000026c        0x6 Core/Src/rf24/rf24_module/rf24_module.o
                0x000000002000026c                plos_cnt
 *fill*         0x0000000020000272        0x2 
 .data.rpd      0x0000000020000274        0x6 Core/Src/rf24/rf24_module/rf24_module.o
                0x0000000020000274                rpd
 *fill*         0x000000002000027a        0x2 
 .data.rx_addr_p0
                0x000000002000027c        0x6 Core/Src/rf24/rf24_module/rf24_module.o
                0x000000002000027c                rx_addr_p0
 *fill*         0x0000000020000282        0x2 
 .data.rx_addr_p1
                0x0000000020000284        0x6 Core/Src/rf24/rf24_module/rf24_module.o
                0x0000000020000284                rx_addr_p1
 *fill*         0x000000002000028a        0x2 
 .data.rx_addr_p3
                0x000000002000028c        0x6 Core/Src/rf24/rf24_module/rf24_module.o
                0x000000002000028c                rx_addr_p3
 *fill*         0x0000000020000292        0x2 
 .data.rx_addr_p4
                0x0000000020000294        0x6 Core/Src/rf24/rf24_module/rf24_module.o
                0x0000000020000294                rx_addr_p4
 *fill*         0x000000002000029a        0x2 
 .data.rx_addr_p5
                0x000000002000029c        0x6 Core/Src/rf24/rf24_module/rf24_module.o
                0x000000002000029c                rx_addr_p5
 *fill*         0x00000000200002a2        0x2 
 .data.tx_addr  0x00000000200002a4        0x6 Core/Src/rf24/rf24_module/rf24_module.o
                0x00000000200002a4                tx_addr
 *fill*         0x00000000200002aa        0x2 
 .data.rx_pw_p0
                0x00000000200002ac        0x6 Core/Src/rf24/rf24_module/rf24_module.o
                0x00000000200002ac                rx_pw_p0
 *fill*         0x00000000200002b2        0x2 
 .data.rx_pw_p1
                0x00000000200002b4        0x6 Core/Src/rf24/rf24_module/rf24_module.o
                0x00000000200002b4                rx_pw_p1
 *fill*         0x00000000200002ba        0x2 
 .data.rx_pw_p2
                0x00000000200002bc        0x6 Core/Src/rf24/rf24_module/rf24_module.o
                0x00000000200002bc                rx_pw_p2
 *fill*         0x00000000200002c2        0x2 
 .data.rx_pw_p3
                0x00000000200002c4        0x6 Core/Src/rf24/rf24_module/rf24_module.o
                0x00000000200002c4                rx_pw_p3
 *fill*         0x00000000200002ca        0x2 
 .data.rx_pw_p4
                0x00000000200002cc        0x6 Core/Src/rf24/rf24_module/rf24_module.o
                0x00000000200002cc                rx_pw_p4
 *fill*         0x00000000200002d2        0x2 
 .data.rx_pw_p5
                0x00000000200002d4        0x6 Core/Src/rf24/rf24_module/rf24_module.o
                0x00000000200002d4                rx_pw_p5
 *fill*         0x00000000200002da        0x2 
 .data.rx_empty
                0x00000000200002dc        0x6 Core/Src/rf24/rf24_module/rf24_module.o
                0x00000000200002dc                rx_empty
 *fill*         0x00000000200002e2        0x2 
 .data.rx_full  0x00000000200002e4        0x6 Core/Src/rf24/rf24_module/rf24_module.o
                0x00000000200002e4                rx_full
 *fill*         0x00000000200002ea        0x2 
 .data.tx_reuse
                0x00000000200002ec        0x6 Core/Src/rf24/rf24_module/rf24_module.o
                0x00000000200002ec                tx_reuse
 *fill*         0x00000000200002f2        0x2 
 .data.dpl_p0   0x00000000200002f4        0x6 Core/Src/rf24/rf24_module/rf24_module.o
                0x00000000200002f4                dpl_p0
 *fill*         0x00000000200002fa        0x2 
 .data.dpl_p1   0x00000000200002fc        0x6 Core/Src/rf24/rf24_module/rf24_module.o
                0x00000000200002fc                dpl_p1
 *fill*         0x0000000020000302        0x2 
 .data.dpl_p2   0x0000000020000304        0x6 Core/Src/rf24/rf24_module/rf24_module.o
                0x0000000020000304                dpl_p2
 *fill*         0x000000002000030a        0x2 
 .data.dpl_p3   0x000000002000030c        0x6 Core/Src/rf24/rf24_module/rf24_module.o
                0x000000002000030c                dpl_p3
 *fill*         0x0000000020000312        0x2 
 .data.dpl_p4   0x0000000020000314        0x6 Core/Src/rf24/rf24_module/rf24_module.o
                0x0000000020000314                dpl_p4
 *fill*         0x000000002000031a        0x2 
 .data.dpl_p5   0x000000002000031c        0x6 Core/Src/rf24/rf24_module/rf24_module.o
                0x000000002000031c                dpl_p5
 *fill*         0x0000000020000322        0x2 
 .data.en_dyn_ack
                0x0000000020000324        0x6 Core/Src/rf24/rf24_module/rf24_module.o
                0x0000000020000324                en_dyn_ack
 *fill*         0x000000002000032a        0x2 
 .data.en_ack_pay
                0x000000002000032c        0x6 Core/Src/rf24/rf24_module/rf24_module.o
                0x000000002000032c                en_ack_pay
 *fill*         0x0000000020000332        0x2 
 .data.en_dpl   0x0000000020000334        0x6 Core/Src/rf24/rf24_module/rf24_module.o
                0x0000000020000334                en_dpl
 *fill*         0x000000002000033a        0x2 
 .data.rf24_mac_frame_type_string
                0x000000002000033c       0x18 Core/Src/rf24/rf24_network/rf24_mac.o
 .data.rf24_mac_frame_subtype_string
                0x0000000020000354       0x2c Core/Src/rf24/rf24_network/rf24_mac.o
 .data.rf24_mac_frame_subtype_string_short
                0x0000000020000380       0x2c Core/Src/rf24/rf24_network/rf24_mac.o
 .data.rf24_mac_transmission_type_string
                0x00000000200003ac        0x8 Core/Src/rf24/rf24_network/rf24_mac.o
 .data.rf24_mac_communication_type_string
                0x00000000200003b4        0xc Core/Src/rf24/rf24_network/rf24_mac.o
 .data.rf24_mac_transmission_states_string
                0x00000000200003c0       0x14 Core/Src/rf24/rf24_network/rf24_mac.o
 .data.mac_addr_broadcast
                0x00000000200003d4        0x6 Core/Src/rf24/rf24_network/rf24_mac.o
                0x00000000200003d4                mac_addr_broadcast
 *fill*         0x00000000200003da        0x2 
 .data.rf24_neighbor_link_states_string
                0x00000000200003dc       0x10 Core/Src/rf24/rf24_network/rf24_network.o
 .data.rf24_neighbor_relation_string
                0x00000000200003ec        0xc Core/Src/rf24/rf24_network/rf24_network.o
 .data.rf24_task_names_string
                0x00000000200003f8       0x34 Core/Src/rf24/rf24_network/rf24_worker.o
 .data.rf24_module_register_names
                0x000000002000042c       0x68 Core/Src/rf24/rf24_urci/rf24_urci.o
 .data._impure_ptr
                0x0000000020000494        0x4 c:/st/stm32cubeide_1.3.0/stm32cubeide/plugins/com.st.stm32cube.ide.mcu.externaltools.gnu-tools-for-stm32.7-2018-q2-update.win32_1.0.0.201904181610/tools/bin/../lib/gcc/arm-none-eabi/7.3.1/../../../../arm-none-eabi/lib/thumb/v7-m\libc_nano.a(lib_a-impure.o)
                0x0000000020000494                _impure_ptr
 .data.impure_data
                0x0000000020000498       0x60 c:/st/stm32cubeide_1.3.0/stm32cubeide/plugins/com.st.stm32cube.ide.mcu.externaltools.gnu-tools-for-stm32.7-2018-q2-update.win32_1.0.0.201904181610/tools/bin/../lib/gcc/arm-none-eabi/7.3.1/../../../../arm-none-eabi/lib/thumb/v7-m\libc_nano.a(lib_a-impure.o)
 .data.__global_locale
                0x00000000200004f8      0x16c c:/st/stm32cubeide_1.3.0/stm32cubeide/plugins/com.st.stm32cube.ide.mcu.externaltools.gnu-tools-for-stm32.7-2018-q2-update.win32_1.0.0.201904181610/tools/bin/../lib/gcc/arm-none-eabi/7.3.1/../../../../arm-none-eabi/lib/thumb/v7-m\libc_nano.a(lib_a-locale.o)
                0x00000000200004f8                __global_locale
                0x0000000020000664                . = ALIGN (0x4)
                0x0000000020000664                _edata = .

.igot.plt       0x0000000020000664        0x0 load address 0x000000000800b258
 .igot.plt      0x0000000020000664        0x0 c:/st/stm32cubeide_1.3.0/stm32cubeide/plugins/com.st.stm32cube.ide.mcu.externaltools.gnu-tools-for-stm32.7-2018-q2-update.win32_1.0.0.201904181610/tools/bin/../lib/gcc/arm-none-eabi/7.3.1/thumb/v7-m/crtbegin.o
                0x0000000020000664                . = ALIGN (0x4)

.bss            0x0000000020000664      0x2c0 load address 0x000000000800b258
                0x0000000020000664                _sbss = .
                0x0000000020000664                __bss_start__ = _sbss
 *(.bss)
 .bss           0x0000000020000664       0x1c c:/st/stm32cubeide_1.3.0/stm32cubeide/plugins/com.st.stm32cube.ide.mcu.externaltools.gnu-tools-for-stm32.7-2018-q2-update.win32_1.0.0.201904181610/tools/bin/../lib/gcc/arm-none-eabi/7.3.1/thumb/v7-m/crtbegin.o
 *(.bss*)
 .bss.enable    0x0000000020000680        0x1 Core/Src/rf24/rf24_debug.o
                0x0000000020000680                enable
 .bss.rf24_module_state
                0x0000000020000681        0x1 Core/Src/rf24/rf24_module/rf24_module.o
                0x0000000020000681                rf24_module_state
 *fill*         0x0000000020000682        0x2 
 .bss.csma_ca_flags
                0x0000000020000684        0x4 Core/Src/rf24/rf24_network/rf24_csma_ca.o
                0x0000000020000684                csma_ca_flags