rf24_worker.c:9:6:rf24_worker_init	8	static
rf24_worker.c:26:6:rf24_worker_data_transmitted_handler	4	static
rf24_worker.c:31:6:rf24_worker_data_received_handler	24	static
rf24_worker.c:54:6:rf24_worker_process_cyclic_tasks	16	static
rf24_worker.c:81:6:rf24_worker_process_timers	8	static
rf24_worker.c:104:6:rf24_worker_process_tasks	8	static
rf24_worker.c:158:6:rf24_worker_add_precondition	16	static
rf24_worker.c:164:6:rf24_worker_attach_wait	16	static
rf24_worker.c:169:6:rf24_worker_push_wait	16	static
rf24_worker.c:174:6:rf24_worker_attach	16	static
rf24_worker.c:180:6:rf24_worker_push	16	static
rf24_worker.c:186:6:rf24_worker_start	4	static
rf24_worker.c:187:6:rf24_worker_stop	4	static
rf24_worker.c:192:6:rf24_worker_add_cyclic_task	32	static
rf24_worker.c:222:19:rf24_worker_build_task	24	static
rf24_worker.c:250:6:rf24_worker_attach_task	24	static
rf24_worker.c:269:6:rf24_worker_push_task	16	static
rf24_worker.c:288:19:rf24_worker_current_task	4	static
rf24_worker.c:293:6:rf24_worker_tasks_available	4	static
rf24_worker.c:298:6:rf24_worker_pop_task	16	static
rf24_worker.c:310:6:rf24_worker_reset_tasks	8	static
rf24_worker.c:316:6:rf24_worker_print_tasks	16	static
rf24_worker.c:329:6:rf24_worker_start_timer	32	static
rf24_worker.c:347:22:rf24_worker_stop_timer	24	static
rf24_worker.c:357:22:rf24_worker_us_to_timespan	32	static
