rf24_network.c:30:6:rf24_network_transfer_trm	56	static
rf24_network.c:51:6:rf24_network_set_predecessor	32	static
rf24_network.c:59:16:rf24_network_get_predecessor	8	static
rf24_network.c:67:21:rf24_network_get_flags	4	static
rf24_network.c:72:6:rf24_network_frame_received_handler	64	static
rf24_network.c:162:6:trm_timeout_handler	24	static
rf24_network.c:176:6:num_timeout_handler	24	static
rf24_network.c:186:6:rf24_network_transmission_successfull	8	static
rf24_network.c:199:6:rf24_network_transmission_failed	8	static
rf24_network.c:214:6:rf24_network_topology_received	40	static
rf24_network.c:249:6:rf24_network_init	56	static
rf24_network.c:274:6:rf24_network_reset_topology	8	static
rf24_network.c:290:6:rf24_network_start_topology_update	8	static
rf24_network.c:303:6:rf24_network_broadcast_num	24	static
rf24_network.c:318:6:rf24_network_send_num	104	static
rf24_network.c:359:9:rf24_network_get_topology_cycle_id	4	static
rf24_network.c:364:6:rf24_network_add_neighbor	48	static
rf24_network.c:436:9:rf24_network_count_neighbors	24	static
rf24_network.c:450:34:rf24_network_collect_neighbors	24	static
rf24_network.c:480:6:rf24_network_print_neighbor_collection	80	static
rf24_network.c:497:23:rf24_network_get_neighbor	24	static
rf24_network.c:515:6:rf24_network_set_neighbor_state	32	static
rf24_network.c:522:21:rf24_network_get_neighbor_state	24	static
rf24_network.c:532:6:rf24_network_reset_neighbors	8	static
rf24_network.c:539:6:rf24_network_update_neighbors	16	static
rf24_network.c:553:9:rf24_network_count_successors	16	static
rf24_network.c:567:6:rf24_network_print_neighbors	64	static
rf24_network.c:592:6:rf24_network_check_successor_integrity	24	static
rf24_network.c:625:23:rf24_network_topology_get_last	16	static
rf24_network.c:634:6:rf24_network_rx_data_to_topology	40	static
rf24_network.c:694:6:rf24_network_topology_to_tx_data	32	static
rf24_network.c:721:6:rf24_network_print_topology	48	static
rf24_network.c:759:6:rf24_network_transfer_topology	48	dynamic
