rf24_worker.c:9:6:rf24_worker_init	8	static
rf24_worker.c:26:6:rf24_worker_data_transmitted_handler	4	static
rf24_worker.c:31:6:rf24_worker_data_received_handler	24	static
rf24_worker.c:54:6:rf24_worker_process_cyclic_tasks	16	static
rf24_worker.c:81:6:rf24_worker_process_timers	16	static
rf24_worker.c:117:6:rf24_worker_process_tasks	8	static
rf24_worker.c:170:6:rf24_worker_add_precondition	16	static
rf24_worker.c:176:6:rf24_worker_attach_wait	16	static
rf24_worker.c:181:6:rf24_worker_push_wait	16	static
rf24_worker.c:186:6:rf24_worker_attach	16	static
rf24_worker.c:192:6:rf24_worker_push	16	static
rf24_worker.c:198:6:rf24_worker_start	4	static
rf24_worker.c:199:6:rf24_worker_stop	4	static
rf24_worker.c:204:6:rf24_worker_add_cyclic_task	32	static
rf24_worker.c:234:19:rf24_worker_build_task	24	static
rf24_worker.c:262:6:rf24_worker_attach_task	24	static
rf24_worker.c:281:6:rf24_worker_push_task	16	static
rf24_worker.c:300:19:rf24_worker_current_task	4	static
rf24_worker.c:305:6:rf24_worker_tasks_available	4	static
rf24_worker.c:310:6:rf24_worker_pop_task	16	static
rf24_worker.c:322:6:rf24_worker_reset_tasks	8	static
rf24_worker.c:328:6:rf24_worker_print_tasks	16	static
rf24_worker.c:341:6:rf24_worker_start_timer	32	static
rf24_worker.c:366:10:rf24_worker_stop_timer	24	static
rf24_worker.c:396:22:rf24_worker_us_to_timespan	32	static
rf24_worker.c:411:6:rf24_worker_print_timers	16	static
