rf24_worker.c:11:6:rf24_worker_init	8	static
rf24_worker.c:28:6:rf24_worker_record	4	static
rf24_worker.c:33:6:rf24_worker_data_transmitted_handler	4	static
rf24_worker.c:38:6:rf24_worker_data_received_handler	32	static
rf24_worker.c:72:6:rf24_worker_process_timers	16	static
rf24_worker.c:108:6:rf24_worker_process_tasks	8	static
rf24_worker.c:161:6:rf24_worker_add_precondition	16	static
rf24_worker.c:167:6:rf24_worker_attach_wait	16	static
rf24_worker.c:172:6:rf24_worker_push_wait	16	static
rf24_worker.c:177:6:rf24_worker_attach	16	static
rf24_worker.c:183:6:rf24_worker_push	16	static
rf24_worker.c:189:6:rf24_worker_start	4	static
rf24_worker.c:190:6:rf24_worker_stop	4	static
rf24_worker.c:192:6:rf24_worker_is_idle	4	static
rf24_worker.c:201:6:rf24_worker_add_cyclic_task	32	static
rf24_worker.c:231:19:rf24_worker_build_task	24	static
rf24_worker.c:259:6:rf24_worker_attach_task	24	static
rf24_worker.c:278:6:rf24_worker_push_task	16	static
rf24_worker.c:297:19:rf24_worker_current_task	4	static
rf24_worker.c:302:6:rf24_worker_tasks_available	4	static
rf24_worker.c:307:19:rf24_worker_pop_task	16	static
rf24_worker.c:319:6:rf24_worker_reset_tasks	8	static
rf24_worker.c:325:6:rf24_worker_print_tasks	16	static
rf24_worker.c:338:20:rf24_worker_start_timer	32	static
rf24_worker.c:367:10:rf24_worker_stop_timer	32	static
rf24_worker.c:396:20:rf24_worker_get_timer	24	static
rf24_worker.c:408:6:rf24_worker_reset_timer	16	static
rf24_worker.c:413:15:rf24_worker_us_to_timespan	32	static
rf24_worker.c:428:6:rf24_worker_print_timers	16	static
