rf24_mac.c:29:16:rf24_mac_get_blacklist	4	static
rf24_mac.c:34:9:rf24_mac_get_blacklist_length	4	static
rf24_mac.c:39:6:rf24_mac_blacklist_add	16	static
rf24_mac.c:49:6:rf24_mac_frame_received_handler	72	static
rf24_mac.c:168:6:rf24_mac_reception_successfull	8	static
rf24_mac.c:182:6:rf24_mac_transmission_successfull	8	static
rf24_mac.c:195:6:rf24_mac_ack_timeout	48	static
rf24_mac.c:239:6:rf24_mac_init	8	static
rf24_mac.c:264:6:rf24_mac_build_address	16	static
rf24_mac.c:273:6:rf24_mac_addr_equal	24	static
rf24_mac.c:283:6:rf24_mac_transmission_is_active	4	static
rf24_mac.c:288:29:rf24_mac_get_transmission_state	4	static
rf24_mac.c:293:6:rf24_mac_set_transmission_state	16	static
rf24_mac.c:306:24:rf24_mac_get_transmission	4	static
rf24_mac.c:311:16:rf24_mac_get_address	4	static
rf24_mac.c:316:16:rf24_mac_get_broadcast_address	4	static
rf24_mac.c:321:6:rf24_mac_frame_to_tx_data	16	static
rf24_mac.c:330:6:rf24_mac_rx_data_to_mac_frame	16	static
rf24_mac.c:335:6:rf24_mac_process_transmission	32	static
rf24_mac.c:373:6:rf24_mac_process_reception	24	static
rf24_mac.c:389:6:rf24_mac_send_mac_frame	120	static
rf24_mac.c:424:6:rf24_mac_send_ack	40	static
rf24_mac.c:445:6:rf24_mac_payload_to_data_frame	32	static
rf24_mac.c:490:6:rf24_mac_frame_to_payload	16	static
rf24_mac.c:514:6:rf24_mac_setup_reception	24	static
rf24_mac.c:553:24:rf24_mac_setup_transmission	24	static
rf24_mac.c:597:6:rf24_mac_start_transmission	24	static
rf24_mac.c:640:6:rf24_mac_transfer_frame	32	static
rf24_mac.c:666:6:rf24_mac_transfer_data	32	static
rf24_mac.c:690:6:rf24_mac_print_payload	24	static
rf24_mac.c:703:6:rf24_mac_print_frame	48	static
rf24_mac.c:738:6:rf24_mac_print_timings	32	static
rf24_mac.c:752:6:rf24_mac_print_transmission	24	static
rf24_mac.c:771:6:rf24_mac_ping_timeout_handler	8	static
rf24_mac.c:781:6:rf24_mac_send_ping	16	static
rf24_mac.c:801:6:rf24_mac_start_ping	24	static
rf24_mac.c:816:6:rf24_mac_process_ping	56	static
