rf24_network.c:23:6:rf24_network_transfer_trm	48	static
rf24_network.c:41:6:rf24_network_mark_as_controller	16	static
rf24_network.c:48:6:rf24_network_mark_as_node	16	static
rf24_network.c:54:21:rf24_network_get_flags	4	static
rf24_network.c:59:23:rf24_network_get_topology	4	static
rf24_network.c:64:23:rf24_network_get_neighbors	4	static
rf24_network.c:69:6:rf24_network_frame_received_handler	48	static
rf24_network.c:164:6:rf24_network_trm_timeout_handler	16	static
rf24_network.c:183:6:rf24_network_num_timeout_handler	24	static
rf24_network.c:203:6:rf24_network_topology_timeout_handler	4	static
rf24_network.c:208:6:rf24_network_reception_successfull_handler	48	static
rf24_network.c:247:6:rf24_network_transmission_successfull_handler	40	static
rf24_network.c:284:6:rf24_network_transmission_failed_handler	8	static
rf24_network.c:297:6:rf24_network_topology_received_handler	56	static
rf24_network.c:346:6:rf24_network_init	8	static
rf24_network.c:370:6:rf24_network_reset_topology	8	static
rf24_network.c:380:6:rf24_network_reset	8	static
rf24_network.c:392:6:rf24_network_start_topology_update	16	static
rf24_network.c:417:6:rf24_network_broadcast_num	40	static
rf24_network.c:441:9:rf24_network_get_topology_cycle_id	4	static
rf24_network.c:446:6:rf24_network_set_topology_cycle_id	16	static
rf24_network.c:451:6:rf24_network_set_hopcount	16	static
rf24_network.c:456:9:rf24_network_get_hopcount	4	static
rf24_network.c:461:23:rf24_network_add_neighbor	40	static
rf24_network.c:533:9:rf24_network_count_neighbors	24	static
rf24_network.c:547:34:rf24_network_collect_neighbors	24	static
rf24_network.c:577:6:rf24_network_print_neighbor_collection	80	static
rf24_network.c:594:23:rf24_network_get_neighbor	24	static
rf24_network.c:609:6:rf24_network_set_neighbor_link_state	32	static
rf24_network.c:615:26:rf24_network_get_neighbor_link_state	24	static
rf24_network.c:625:6:rf24_network_reset_neighbors	8	static
rf24_network.c:632:9:rf24_network_count_successors	16	static
rf24_network.c:646:6:rf24_network_print_neighbors	72	static
rf24_network.c:675:6:rf24_network_check_topology_integrity	16	static
rf24_network.c:694:23:rf24_network_topology_get_last	16	static
rf24_network.c:703:6:rf24_network_validate_topology	4	static
rf24_network.c:708:23:rf24_network_rx_data_to_topology	40	static
rf24_network.c:769:6:rf24_network_add_successor_topology	16	static
rf24_network.c:777:6:rf24_network_topology_to_tx_data	40	static
rf24_network.c:804:6:rf24_network_print_topology	56	static
rf24_network.c:844:6:rf24_network_transfer_topology	56	dynamic
