rf24_network.c:26:6:rf24_network_transfer_nam	48	static
rf24_network.c:44:6:rf24_network_frame_received_handler	48	static
rf24_network.c:119:6:rf24_network_transmission_successfull	16	static
rf24_network.c:185:6:rf24_network_topology_received	32	static
rf24_network.c:216:6:rf24_network_init	8	static
rf24_network.c:250:21:rf24_network_get_flags	4	static
rf24_network.c:255:6:rf24_network_reset_topology	8	static
rf24_network.c:271:6:rf24_network_start_broadcast_topology	8	static
rf24_network.c:285:6:rf24_network_forward_broadcast_topology	24	static
rf24_network.c:302:10:rf24_network_calculate_topology_timeout	16	static
rf24_network.c:315:6:rf24_network_send_broadcast_topology	128	static
rf24_network.c:353:6:rf24_network_topology_timeout	24	static
rf24_network.c:371:9:rf24_network_get_broadcast_topology_id	4	static
rf24_network.c:376:16:rf24_network_get_topology_predecessor	8	static
rf24_network.c:384:6:rf24_network_add_neighbor	48	static
rf24_network.c:456:23:rf24_network_get_neighbor	24	static
rf24_network.c:474:21:rf24_network_get_neighbor_state	24	static
rf24_network.c:496:6:rf24_network_reset_neighbors	8	static
rf24_network.c:503:6:rf24_network_update_neighbors	16	static
rf24_network.c:517:6:rf24_network_print_neighbors	64	static
rf24_network.c:540:6:rf24_network_check_successor_integrity	24	static
rf24_network.c:575:23:rf24_network_topology_get_last	16	static
rf24_network.c:584:6:rf24_network_rx_data_to_topology	40	static
rf24_network.c:644:6:rf24_network_topology_to_tx_data	32	static
rf24_network.c:671:6:rf24_network_print_topology	48	static
rf24_network.c:709:6:rf24_network_transfer_topology	56	dynamic
