rf24_csma_ca.c:10:6:rf24_csma_ca_frame_received_handler	48	static
rf24_csma_ca.c:101:6:rf24_csma_ca_wait_nav	24	static
rf24_csma_ca.c:179:6:rf24_cmsa_ca_init	16	static
rf24_csma_ca.c:188:6:rf24_csma_ca_reset	8	static
rf24_csma_ca.c:201:6:rf24_csma_ca_send_rts	96	static
rf24_csma_ca.c:227:6:rf24_csma_ca_send_cts	96	static
rf24_csma_ca.c:247:6:rf24_csma_ca_nav_expired	24	static
rf24_csma_ca.c:252:6:rf24_csma_ca_random_backoff_expired	8	static
rf24_csma_ca.c:268:6:rf24_csma_ca_cts_timeout	24	static
rf24_csma_ca.c:296:10:rf24_csma_ca_compute_random_backoff	16	static
rf24_csma_ca.c:307:6:rf24_csma_ca_access_medium	56	static
