rf24_csma_ca.c:10:6:rf24_csma_ca_frame_received_handler	64	static
rf24_csma_ca.c:119:6:rf24_csma_ca_wait_nav	24	static
rf24_csma_ca.c:172:6:rf24_cmsa_ca_init	16	static
rf24_csma_ca.c:181:6:rf24_csma_ca_reset	8	static
rf24_csma_ca.c:194:6:rf24_csma_ca_send_rts	104	static
rf24_csma_ca.c:223:6:rf24_csma_ca_send_cts	96	static
rf24_csma_ca.c:244:6:rf24_csma_ca_nav_expired	24	static
rf24_csma_ca.c:249:6:rf24_csma_ca_random_backoff_expired	8	static
rf24_csma_ca.c:265:6:rf24_csma_ca_cts_timeout	24	static
rf24_csma_ca.c:295:10:rf24_csma_ca_compute_random_backoff	16	static
rf24_csma_ca.c:306:6:rf24_csma_ca_access_medium	56	static
