rf24_mac.c:24:6:rf24_mac_frame_received_handler	40	static
rf24_mac.c:64:6:rf24_mac_reception_successfull	8	static
rf24_mac.c:91:6:rf24_mac_transmission_successfull	8	static
rf24_mac.c:106:6:rf24_mac_ack_timeout	48	static
rf24_mac.c:152:6:rf24_mac_test_timer_timeout	8	static
rf24_mac.c:157:6:rf24_mac_init	24	static
rf24_mac.c:178:6:rf24_mac_build_address	16	static
rf24_mac.c:187:6:rf24_mac_addr_equal	24	static
rf24_mac.c:197:24:rf24_mac_get_transmission	4	static
rf24_mac.c:202:16:rf24_mac_get_address	4	static
rf24_mac.c:207:16:rf24_mac_get_broadcast_address	4	static
rf24_mac.c:212:6:rf24_mac_frame_to_tx_data	16	static
rf24_mac.c:221:6:rf24_mac_rx_data_to_mac_frame	16	static
rf24_mac.c:226:6:_process_transmission	32	static
rf24_mac.c:262:6:_process_reception	24	static
rf24_mac.c:279:6:_send_mac_frame	88	static
rf24_mac.c:296:6:rf24_mac_send_ack	40	static
rf24_mac.c:347:6:_payload_to_data_frame	32	static
rf24_mac.c:395:6:_data_frame_to_payload	16	static
rf24_mac.c:419:6:rf24_mac_setup_reception	16	static
rf24_mac.c:448:24:rf24_mac_setup_transmission	16	static
rf24_mac.c:483:6:_start_transmission	24	static
rf24_mac.c:518:6:rf24_mac_transfer_frame	32	static
rf24_mac.c:546:6:rf24_mac_transfer_data	32	static
rf24_mac.c:571:6:rf24_mac_print_payload	280	static
rf24_mac.c:591:6:rf24_mac_print_frame	48	static
rf24_mac.c:626:6:rf24_mac_print_timings	24	static
