rf24_mac.c:24:6:rf24_mac_frame_received_handler	40	static
rf24_mac.c:66:6:rf24_mac_reception_successfull	8	static
rf24_mac.c:93:6:rf24_mac_transmission_successfull	8	static
rf24_mac.c:108:6:rf24_mac_ack_timeout	48	static
rf24_mac.c:146:6:rf24_mac_init	24	static
rf24_mac.c:225:6:rf24_mac_build_address	16	static
rf24_mac.c:234:6:rf24_mac_addr_equal	24	static
rf24_mac.c:244:24:rf24_mac_get_transmission	4	static
rf24_mac.c:249:16:rf24_mac_get_address	4	static
rf24_mac.c:254:16:rf24_mac_get_broadcast_address	4	static
rf24_mac.c:259:6:rf24_mac_frame_to_tx_data	16	static
rf24_mac.c:268:6:rf24_mac_rx_data_to_mac_frame	16	static
rf24_mac.c:273:6:_process_transmission	32	static
rf24_mac.c:310:6:_process_reception	24	static
rf24_mac.c:328:6:_send_mac_frame	48	static
rf24_mac.c:345:6:rf24_mac_send_ack	40	static
rf24_mac.c:394:6:_payload_to_data_frame	32	static
rf24_mac.c:442:6:_data_frame_to_payload	16	static
rf24_mac.c:466:6:rf24_mac_setup_reception	16	static
rf24_mac.c:495:24:rf24_mac_setup_transmission	16	static
rf24_mac.c:530:6:_start_transmission	24	static
rf24_mac.c:572:6:rf24_mac_transfer_frame	32	static
rf24_mac.c:600:6:rf24_mac_transfer_data	32	static
rf24_mac.c:625:6:rf24_mac_print_payload	280	static
rf24_mac.c:645:6:rf24_mac_print_frame	120	static
rf24_mac.c:684:6:rf24_mac_print_timings	24	static
