core_cm3.h:1511:22:__NVIC_EnableIRQ	16	static
core_cm3.h:1639:22:__NVIC_SetPriority	16	static
core_cm3.h:1834:26:SysTick_Config	16	static
rf24_stm32f1xx.c:11:6:SysTick_Handler	4	static
rf24_stm32f1xx.c:13:6:EXTI2_IRQHandler	8	static
rf24_stm32f1xx.c:24:6:TIM2_IRQHandler	16	static
rf24_stm32f1xx.c:46:6:EXTI15_10_IRQHandler	4	static
rf24_stm32f1xx.c:57:6:rf24_stm32f1xx_start_stopwatch	4	static
rf24_stm32f1xx.c:59:10:rf24_stm32f1xx_stop_stopwatch	4	static
rf24_stm32f1xx.c:61:10:rf24_stm32f1xx_get_uuid_md5hashed	104	static
rf24_stm32f1xx.c:81:10:rf24_stm32f1xx_get_uuid	24	static
rf24_stm32f1xx.c:98:6:rf24_stm32f1xx_set_system_clock_72Mhz	8	static
rf24_stm32f1xx.c:119:6:rf24_stm32f1xx_init_tim2	16	static
rf24_stm32f1xx.c:149:6:rf24_stm32f1xx_set_timer_interrupt_ms	16	static
rf24_stm32f1xx.c:157:6:rf24_stm32f1xx_set_timer_interrupt_us	16	static
rf24_stm32f1xx.c:166:6:rf24_stm32f1xx_init_tim3	4	static
rf24_stm32f1xx.c:183:10:rf24_stm32f1xx_get_tim3_count	4	static
rf24_stm32f1xx.c:187:6:delay_ms	16	static
rf24_stm32f1xx.c:196:6:delay_us	16	static
rf24_stm32f1xx.c:202:6:rf24_stm32f1xx_init_led	16	static
rf24_stm32f1xx.c:211:6:rf24_stm32f1xx_set_led_cycle	16	static
rf24_stm32f1xx.c:216:6:rf24_stm32f1xx_led_on	4	static
rf24_stm32f1xx.c:221:6:rf24_stm32f1xx_led_off	4	static
rf24_stm32f1xx.c:226:6:rf24_stm32f1xx_led_toggle	8	static
rf24_stm32f1xx.c:240:6:rf24_stm32f1xx_init_ce	4	static
rf24_stm32f1xx.c:247:6:rf24_stm32f1xx_ce_high	4	static
rf24_stm32f1xx.c:253:6:rf24_stm32f1xx_ce_low	4	static
rf24_stm32f1xx.c:259:6:rf24_nucleof103rb_irq_blue_button_init	8	static
rf24_stm32f1xx.c:294:6:rf24_stm32f1xx_irq_init	8	static
rf24_stm32f1xx.c:329:6:rf24_stm32f1xx_init	8	static
