rf24_module.c:273:9:rf24_module_read_register	24	static
rf24_module.c:286:9:rf24_module_write_register	24	static
rf24_module.c:299:6:rf24_module_readwrite_register	32	static
rf24_module.c:327:6:rf24_module_write_attribute	24	static
rf24_module.c:382:6:rf24_module_read_attribute	24	static
rf24_module.c:416:30:rf24_module_value_w1	16	static
rf24_module.c:421:30:rf24_module_value_w8	16	static
rf24_module.c:426:30:rf24_module_value_w40	16	static
rf24_module.c:434:6:rf24_module_set_ce	16	static
rf24_module.c:447:6:rf24_module_set_prim_rx	24	static
rf24_module.c:460:6:rf24_module_power_up	16	static
rf24_module.c:465:6:rf24_module_power_down	16	static
rf24_module.c:470:6:rf24_module_enable_crc	16	static
rf24_module.c:475:6:rf24_module_disable_crc	16	static
rf24_module.c:480:6:rf24_module_crc_enabled	8	static
rf24_module.c:486:6:rf24_module_set_crc_length	24	static
rf24_module.c:491:24:rf24_module_get_crc_length	8	static
rf24_module.c:497:6:rf24_module_enable_max_retries_interrupt	16	static
rf24_module.c:502:6:rf24_module_disable_max_retries_interrupt	16	static
rf24_module.c:507:6:rf24_module_enable_tx_data_sent_interrupt	16	static
rf24_module.c:512:6:rf24_module_disable_tx_data_sent_interrupt	16	static
rf24_module.c:517:6:rf24_module_enable_rx_data_read_interrupt	16	static
rf24_module.c:522:6:rf24_module_disable_rx_data_read_interrupt	16	static
rf24_module.c:527:6:rf24_module_enable_autoack_pipe	24	static
rf24_module.c:536:6:rf24_module_disable_autoack_pipe	24	static
rf24_module.c:545:6:rf24_module_enable_rx_pipe	16	static
rf24_module.c:550:6:rf24_module_set_address_width	24	static
rf24_module.c:555:27:rf24_module_get_address_width	8	static
rf24_module.c:561:6:rf24_module_set_autoretransmit_delay	24	static
rf24_module.c:566:34:rf24_module_get_autoretransmit_delay	8	static
rf24_module.c:572:6:rf24_module_set_autoretransmit_count	24	static
rf24_module.c:577:34:rf24_module_get_autoretransmit_count	8	static
rf24_module.c:583:6:rf24_module_set_rf_channel	24	static
rf24_module.c:588:9:rf24_module_get_rf_channel	8	static
rf24_module.c:594:6:rf24_module_set_rf_outputpower	24	static
rf24_module.c:599:29:rf24_module_get_rf_outputpower	8	static
rf24_module.c:605:6:rf24_module_set_datarate	24	static
rf24_module.c:620:22:rf24_module_get_datarate	16	static
rf24_module.c:633:6:rf24_module_set_cont_wave	24	static
rf24_module.c:640:6:rf24_module_tx_fifo_full	8	static
rf24_module.c:646:22:rf24_module_get_rx_available_pipe	8	static
rf24_module.c:652:6:rf24_module_max_retransmits	8	static
rf24_module.c:658:6:rf24_module_clear_max_retransmit_interrupt	16	static
rf24_module.c:663:6:rf24_module_package_transmitted	8	static
rf24_module.c:669:6:rf24_module_clear_package_transmitted_interrupt	16	static
rf24_module.c:676:6:rf24_module_rx_data_available	8	static
rf24_module.c:682:6:rf24_module_clear_rx_data_interrupt	16	static
rf24_module.c:689:6:rf24_module_clear_all_interrupts	16	static
rf24_module.c:695:9:rf24_module_get_retransmitted_count	8	static
rf24_module.c:700:9:rf24_module_get_packagelost_count	8	static
rf24_module.c:705:9:rf24_module_get_received_power_detector	4	static
rf24_module.c:709:6:rf24_module_set_rx_address_pipe0	24	static
rf24_module.c:713:6:rf24_module_set_rx_address_pipe1	24	static
rf24_module.c:717:6:rf24_module_set_rx_address_pipe2	24	static
rf24_module.c:721:6:rf24_module_set_rx_address_pipe3	24	static
rf24_module.c:725:6:rf24_module_set_rx_address_pipe4	24	static
rf24_module.c:729:6:rf24_module_set_rx_address_pipe5	24	static
rf24_module.c:733:6:rf24_module_set_tx_address	24	static
rf24_module.c:737:6:rf24_module_get_tx_address	16	static
rf24_module.c:742:6:rf24_module_set_payload_width_pipe	24	static
rf24_module.c:757:9:rf24_module_get_payload_width_pipe	16	static
rf24_module.c:762:6:rf24_module_rx_fifo_empty	8	static
rf24_module.c:767:6:rf24_module_rx_fifo_full	8	static
rf24_module.c:772:6:rf24_module_tx_fifo_empty	8	static
rf24_module.c:777:6:rf24_module_tx_reuse	8	static
rf24_module.c:782:6:rf24_module_enable_dynamic_payload_pipe	16	static
rf24_module.c:786:6:rf24_module_disable_dynamic_payload_pipe	16	static
rf24_module.c:790:6:rf24_module_enable_dynamic_payload	16	static
rf24_module.c:794:6:rf24_module_disable_dynamic_payload	16	static
rf24_module.c:798:6:rf24_module_enable_autoack_with_payload	16	static
rf24_module.c:802:6:rf24_module_disable_autoack_with_payload	16	static
rf24_module.c:806:6:rf24_module_enable_transmission_without_ack	16	static
rf24_module.c:810:6:rf24_module_disable_transmission_without_ack	16	static
rf24_module.c:814:6:rf24_module_flush_tx	8	static
rf24_module.c:821:6:rf24_module_flush_rx	8	static
rf24_module.c:828:6:rf24_module_collect_rx_data	16	static
rf24_module.c:837:6:rf24_module_goto_state	16	static
rf24_module.c:936:6:rf24_module_connected	8	static
rf24_module.c:941:6:rf24_module_init	32	static
rf24_module.c:979:6:rf24_module_disable_autoack	8	static
rf24_module.c:985:6:rf24_module_config	16	static
rf24_module.c:1024:9:rf24_module_transmit	56	static
rf24_module.c:1052:6:rf24_module_attach_notify_data_received	16	static
rf24_module.c:1057:6:rf24_module_attach_notify_data_transmitted	16	static
rf24_module.c:1062:22:rf24_module_get_rx_data	4	static
rf24_module.c:1067:6:rf24_module_print_rx_data	152	static
rf24_module.c:1095:6:rf24_module_irq_handler	8	static
