rf24_urci.c:229:6:rf24_urci_ping	16	static
rf24_urci.c:249:6:rf24_urci_print_mac_address	8	static
rf24_urci.c:254:6:rf24_urci_print_register	24	static
rf24_urci.c:284:6:rf24_urci_transmit_num	96	static
rf24_urci.c:300:6:rf24_urci_transmit_mac_frame	48	static
rf24_urci.c:311:6:rf24_urci_transfer_topology	24	static
rf24_urci.c:319:6:rf24_urci_transmit	296	static
rf24_urci.c:329:6:rf24_urci_set_datarate	16	static
rf24_urci.c:335:7:rf24_urci_get_datarate	16	static
rf24_urci.c:356:6:rf24_urci_print_settings	4	static
rf24_urci.c:373:6:rf24_urci_print_help	16	static
rf24_urci.c:392:6:rf24_urci_help	24	static
rf24_urci.c:404:6:rf24_urci_print_status	16	static
rf24_urci.c:410:6:rf24_urci_print_config	16	static
rf24_urci.c:416:6:rf24_urci_set_crc_length	16	static
rf24_urci.c:426:9:rf24_urci_get_crc_length	8	static
rf24_urci.c:435:6:rf24_urci_set_tx_address	40	dynamic
rf24_urci.c:450:7:rf24_urci_get_tx_address	32	dynamic
rf24_urci.c:468:6:rf24_urci_get_attribute_value	24	static
rf24_urci.c:496:6:rf24_urci_set_rx_address	48	dynamic
rf24_urci.c:532:7:rf24_urci_get_rx_address	40	dynamic
rf24_urci.c:567:6:rf24_urci_set_payload_width	24	static
rf24_urci.c:578:9:rf24_urci_get_payload_width	16	static
rf24_urci.c:591:6:rf24_urci_init	4	static
rf24_urci.c:602:6:rf24_urci_call	64	static
rf24_urci.c:667:6:rf24_urci_match	56	static
rf24_urci.c:697:6:rf24_urci_putc	16	static
rf24_urci.c:745:9:string_to_bytes	32	static
rf24_urci.c:759:6:bytes_to_string	40	static
