rf24_urci.c:235:6:rf24_urci_ping	16	static
rf24_urci.c:255:6:rf24_urci_print_mac_address	8	static
rf24_urci.c:260:6:rf24_urci_print_register	24	static
rf24_urci.c:275:6:rf24_urci_transfer_nam	56	static
rf24_urci.c:289:6:rf24_urci_transmit_num	96	static
rf24_urci.c:305:6:rf24_urci_transmit_mac_frame	48	static
rf24_urci.c:316:6:rf24_urci_transfer_topology	24	static
rf24_urci.c:324:6:rf24_urci_transmit	296	static
rf24_urci.c:334:6:rf24_urci_set_datarate	16	static
rf24_urci.c:340:7:rf24_urci_get_datarate	16	static
rf24_urci.c:361:6:rf24_urci_print_settings	4	static
rf24_urci.c:378:6:rf24_urci_print_help	16	static
rf24_urci.c:397:6:rf24_urci_help	24	static
rf24_urci.c:409:6:rf24_urci_print_status	16	static
rf24_urci.c:415:6:rf24_urci_print_config	16	static
rf24_urci.c:421:6:rf24_urci_set_crc_length	16	static
rf24_urci.c:431:9:rf24_urci_get_crc_length	8	static
rf24_urci.c:440:6:rf24_urci_set_tx_address	40	dynamic
rf24_urci.c:455:7:rf24_urci_get_tx_address	32	dynamic
rf24_urci.c:473:6:rf24_urci_get_attribute_value	24	static
rf24_urci.c:501:6:rf24_urci_set_rx_address	48	dynamic
rf24_urci.c:537:7:rf24_urci_get_rx_address	40	dynamic
rf24_urci.c:572:6:rf24_urci_set_payload_width	24	static
rf24_urci.c:583:9:rf24_urci_get_payload_width	16	static
rf24_urci.c:596:6:rf24_urci_init	4	static
rf24_urci.c:607:6:rf24_urci_call	64	static
rf24_urci.c:672:6:rf24_urci_match	56	static
rf24_urci.c:702:6:rf24_urci_putc	16	static
rf24_urci.c:750:9:string_to_bytes	32	static
rf24_urci.c:764:6:bytes_to_string	40	static
