rf24_urci.c:245:6:rf24_urci_ping	24	static
rf24_urci.c:253:6:rf24_urci_print_mac_address	8	static
rf24_urci.c:258:6:rf24_urci_print_register	24	static
rf24_urci.c:288:6:rf24_urci_blacklist_mac_address	24	static
rf24_urci.c:296:6:rf24_urci_transmit_num	96	static
rf24_urci.c:312:6:rf24_urci_transfer_trm	56	static
rf24_urci.c:330:6:rf24_urci_print_topology	8	static
rf24_urci.c:335:6:rf24_urci_print_neighbors	8	static
rf24_urci.c:340:6:rf24_urci_transfer_test_topology	168	dynamic
rf24_urci.c:374:6:rf24_urci_transmit_mac_frame	48	static
rf24_urci.c:385:6:rf24_urci_transfer_topology	24	static
rf24_urci.c:392:6:rf24_urci_transmit	296	static
rf24_urci.c:402:6:rf24_urci_set_datarate	16	static
rf24_urci.c:408:7:rf24_urci_get_datarate	16	static
rf24_urci.c:429:6:rf24_urci_print_settings	4	static
rf24_urci.c:446:6:rf24_urci_print_help	16	static
rf24_urci.c:465:6:rf24_urci_help	24	static
rf24_urci.c:477:6:rf24_urci_print_status	16	static
rf24_urci.c:483:6:rf24_urci_print_config	16	static
rf24_urci.c:489:6:rf24_urci_set_crc_length	16	static
rf24_urci.c:499:9:rf24_urci_get_crc_length	8	static
rf24_urci.c:508:6:rf24_urci_set_tx_address	40	dynamic
rf24_urci.c:523:7:rf24_urci_get_tx_address	32	dynamic
rf24_urci.c:541:6:rf24_urci_get_attribute_value	24	static
rf24_urci.c:569:6:rf24_urci_set_rx_address	48	dynamic
rf24_urci.c:605:7:rf24_urci_get_rx_address	40	dynamic
rf24_urci.c:640:6:rf24_urci_set_payload_width	24	static
rf24_urci.c:651:9:rf24_urci_get_payload_width	16	static
rf24_urci.c:664:6:rf24_urci_init	4	static
rf24_urci.c:675:6:rf24_urci_call	64	static
rf24_urci.c:740:6:rf24_urci_match	56	static
rf24_urci.c:770:6:rf24_urci_putc	16	static
rf24_urci.c:818:9:rf24_urci_string_to_bytes	32	static
rf24_urci.c:832:6:rf24_urci_bytes_to_string	40	static
